Archive member included to satisfy reference by file (symbol)

c:/st/stm32cubeide_1.10.1/stm32cubeide/plugins/com.st.stm32cube.ide.mcu.externaltools.gnu-tools-for-stm32.10.3-2021.10.win32_1.0.0.202111181127/tools/bin/../lib/gcc/arm-none-eabi/10.3.1/../../../../arm-none-eabi/lib/thumb/v7-m/nofp\libc_nano.a(lib_a-errno.o)
                              ./Core/Src/syscalls.o (__errno)
c:/st/stm32cubeide_1.10.1/stm32cubeide/plugins/com.st.stm32cube.ide.mcu.externaltools.gnu-tools-for-stm32.10.3-2021.10.win32_1.0.0.202111181127/tools/bin/../lib/gcc/arm-none-eabi/10.3.1/../../../../arm-none-eabi/lib/thumb/v7-m/nofp\libc_nano.a(lib_a-exit.o)
                              c:/st/stm32cubeide_1.10.1/stm32cubeide/plugins/com.st.stm32cube.ide.mcu.externaltools.gnu-tools-for-stm32.10.3-2021.10.win32_1.0.0.202111181127/tools/bin/../lib/gcc/arm-none-eabi/10.3.1/../../../../arm-none-eabi/lib/thumb/v7-m/nofp/crt0.o (exit)
c:/st/stm32cubeide_1.10.1/stm32cubeide/plugins/com.st.stm32cube.ide.mcu.externaltools.gnu-tools-for-stm32.10.3-2021.10.win32_1.0.0.202111181127/tools/bin/../lib/gcc/arm-none-eabi/10.3.1/../../../../arm-none-eabi/lib/thumb/v7-m/nofp\libc_nano.a(lib_a-impure.o)
                              c:/st/stm32cubeide_1.10.1/stm32cubeide/plugins/com.st.stm32cube.ide.mcu.externaltools.gnu-tools-for-stm32.10.3-2021.10.win32_1.0.0.202111181127/tools/bin/../lib/gcc/arm-none-eabi/10.3.1/../../../../arm-none-eabi/lib/thumb/v7-m/nofp\libc_nano.a(lib_a-exit.o) (_global_impure_ptr)
c:/st/stm32cubeide_1.10.1/stm32cubeide/plugins/com.st.stm32cube.ide.mcu.externaltools.gnu-tools-for-stm32.10.3-2021.10.win32_1.0.0.202111181127/tools/bin/../lib/gcc/arm-none-eabi/10.3.1/../../../../arm-none-eabi/lib/thumb/v7-m/nofp\libc_nano.a(lib_a-init.o)
                              c:/st/stm32cubeide_1.10.1/stm32cubeide/plugins/com.st.stm32cube.ide.mcu.externaltools.gnu-tools-for-stm32.10.3-2021.10.win32_1.0.0.202111181127/tools/bin/../lib/gcc/arm-none-eabi/10.3.1/../../../../arm-none-eabi/lib/thumb/v7-m/nofp/crt0.o (__libc_init_array)
c:/st/stm32cubeide_1.10.1/stm32cubeide/plugins/com.st.stm32cube.ide.mcu.externaltools.gnu-tools-for-stm32.10.3-2021.10.win32_1.0.0.202111181127/tools/bin/../lib/gcc/arm-none-eabi/10.3.1/../../../../arm-none-eabi/lib/thumb/v7-m/nofp\libc_nano.a(lib_a-memset.o)
                              c:/st/stm32cubeide_1.10.1/stm32cubeide/plugins/com.st.stm32cube.ide.mcu.externaltools.gnu-tools-for-stm32.10.3-2021.10.win32_1.0.0.202111181127/tools/bin/../lib/gcc/arm-none-eabi/10.3.1/../../../../arm-none-eabi/lib/thumb/v7-m/nofp/crt0.o (memset)
c:/st/stm32cubeide_1.10.1/stm32cubeide/plugins/com.st.stm32cube.ide.mcu.externaltools.gnu-tools-for-stm32.10.3-2021.10.win32_1.0.0.202111181127/tools/bin/../lib/gcc/arm-none-eabi/10.3.1/../../../../arm-none-eabi/lib/thumb/v7-m/nofp\libc_nano.a(lib_a-sprintf.o)
                              ./Core/Src/i2c_lcd.o (sprintf)
c:/st/stm32cubeide_1.10.1/stm32cubeide/plugins/com.st.stm32cube.ide.mcu.externaltools.gnu-tools-for-stm32.10.3-2021.10.win32_1.0.0.202111181127/tools/bin/../lib/gcc/arm-none-eabi/10.3.1/../../../../arm-none-eabi/lib/thumb/v7-m/nofp\libc_nano.a(lib_a-nano-svfprintf.o)
                              c:/st/stm32cubeide_1.10.1/stm32cubeide/plugins/com.st.stm32cube.ide.mcu.externaltools.gnu-tools-for-stm32.10.3-2021.10.win32_1.0.0.202111181127/tools/bin/../lib/gcc/arm-none-eabi/10.3.1/../../../../arm-none-eabi/lib/thumb/v7-m/nofp\libc_nano.a(lib_a-sprintf.o) (_svfprintf_r)
c:/st/stm32cubeide_1.10.1/stm32cubeide/plugins/com.st.stm32cube.ide.mcu.externaltools.gnu-tools-for-stm32.10.3-2021.10.win32_1.0.0.202111181127/tools/bin/../lib/gcc/arm-none-eabi/10.3.1/../../../../arm-none-eabi/lib/thumb/v7-m/nofp\libc_nano.a(lib_a-nano-vfprintf_i.o)
                              c:/st/stm32cubeide_1.10.1/stm32cubeide/plugins/com.st.stm32cube.ide.mcu.externaltools.gnu-tools-for-stm32.10.3-2021.10.win32_1.0.0.202111181127/tools/bin/../lib/gcc/arm-none-eabi/10.3.1/../../../../arm-none-eabi/lib/thumb/v7-m/nofp\libc_nano.a(lib_a-nano-svfprintf.o) (_printf_i)
c:/st/stm32cubeide_1.10.1/stm32cubeide/plugins/com.st.stm32cube.ide.mcu.externaltools.gnu-tools-for-stm32.10.3-2021.10.win32_1.0.0.202111181127/tools/bin/../lib/gcc/arm-none-eabi/10.3.1/../../../../arm-none-eabi/lib/thumb/v7-m/nofp\libc_nano.a(lib_a-memchr-stub.o)
                              c:/st/stm32cubeide_1.10.1/stm32cubeide/plugins/com.st.stm32cube.ide.mcu.externaltools.gnu-tools-for-stm32.10.3-2021.10.win32_1.0.0.202111181127/tools/bin/../lib/gcc/arm-none-eabi/10.3.1/../../../../arm-none-eabi/lib/thumb/v7-m/nofp\libc_nano.a(lib_a-nano-svfprintf.o) (memchr)
c:/st/stm32cubeide_1.10.1/stm32cubeide/plugins/com.st.stm32cube.ide.mcu.externaltools.gnu-tools-for-stm32.10.3-2021.10.win32_1.0.0.202111181127/tools/bin/../lib/gcc/arm-none-eabi/10.3.1/../../../../arm-none-eabi/lib/thumb/v7-m/nofp\libc_nano.a(lib_a-memcpy-stub.o)
[...]
Memory Configuration

Name             Origin             Length             Attributes
RAM              0x0000000020000000 0x0000000000005000 xrw
FLASH            0x0000000008000000 0x0000000000010000 xr
*default*        0x0000000000000000 0xffffffffffffffff

Linker script and memory map

LOAD c:/st/stm32cubeide_1.10.1/stm32cubeide/plugins/com.st.stm32cube.ide.mcu.externaltools.gnu-tools-for-stm32.10.3-2021.10.win32_1.0.0.202111181127/tools/bin/../lib/gcc/arm-none-eabi/10.3.1/thumb/v7-m/nofp/crti.o
LOAD c:/st/stm32cubeide_1.10.1/stm32cubeide/plugins/com.st.stm32cube.ide.mcu.externaltools.gnu-tools-for-stm32.10.3-2021.10.win32_1.0.0.202111181127/tools/bin/../lib/gcc/arm-none-eabi/10.3.1/thumb/v7-m/nofp/crtbegin.o
LOAD c:/st/stm32cubeide_1.10.1/stm32cubeide/plugins/com.st.stm32cube.ide.mcu.externaltools.gnu-tools-for-stm32.10.3-2021.10.win32_1.0.0.202111181127/tools/bin/../lib/gcc/arm-none-eabi/10.3.1/../../../../arm-none-eabi/lib/thumb/v7-m/nofp/crt0.o
LOAD ./Core/Src/eeprom_handler.o
LOAD ./Core/Src/i2c_lcd.o
LOAD ./Core/Src/main.o
LOAD ./Core/Src/stm32f1xx_hal_msp.o
LOAD ./Core/Src/stm32f1xx_it.o
LOAD ./Core/Src/syscalls.o
LOAD ./Core/Src/sysmem.o
LOAD ./Core/Src/system_stm32f1xx.o
LOAD ./Core/Src/washing_procedure.o
LOAD ./Core/Src/waterLevel_measurement.o
LOAD ./Core/Startup/startup_stm32f103c8tx.o
LOAD ./Drivers/STM32F1xx_HAL_Driver/Src/stm32f1xx_hal.o
LOAD ./Drivers/STM32F1xx_HAL_Driver/Src/stm32f1xx_hal_adc.o
LOAD ./Drivers/STM32F1xx_HAL_Driver/Src/stm32f1xx_hal_adc_ex.o
LOAD ./Drivers/STM32F1xx_HAL_Driver/Src/stm32f1xx_hal_cortex.o
LOAD ./Drivers/STM32F1xx_HAL_Driver/Src/stm32f1xx_hal_dma.o
LOAD ./Drivers/STM32F1xx_HAL_Driver/Src/stm32f1xx_hal_exti.o
LOAD ./Drivers/STM32F1xx_HAL_Driver/Src/stm32f1xx_hal_flash.o
LOAD ./Drivers/STM32F1xx_HAL_Driver/Src/stm32f1xx_hal_flash_ex.o
LOAD ./Drivers/STM32F1xx_HAL_Driver/Src/stm32f1xx_hal_gpio.o
LOAD ./Drivers/STM32F1xx_HAL_Driver/Src/stm32f1xx_hal_gpio_ex.o
LOAD ./Drivers/STM32F1xx_HAL_Driver/Src/stm32f1xx_hal_i2c.o
LOAD ./Drivers/STM32F1xx_HAL_Driver/Src/stm32f1xx_hal_pwr.o
LOAD ./Drivers/STM32F1xx_HAL_Driver/Src/stm32f1xx_hal_rcc.o
LOAD ./Drivers/STM32F1xx_HAL_Driver/Src/stm32f1xx_hal_rcc_ex.o
LOAD ./Drivers/STM32F1xx_HAL_Driver/Src/stm32f1xx_hal_tim.o
LOAD ./Drivers/STM32F1xx_HAL_Driver/Src/stm32f1xx_hal_tim_ex.o
START GROUP
LOAD c:/st/stm32cubeide_1.10.1/stm32cubeide/plugins/com.st.stm32cube.ide.mcu.externaltools.gnu-tools-for-stm32.10.3-2021.10.win32_1.0.0.202111181127/tools/bin/../lib/gcc/arm-none-eabi/10.3.1/../../../../arm-none-eabi/lib/thumb/v7-m/nofp\libc_nano.a
LOAD c:/st/stm32cubeide_1.10.1/stm32cubeide/plugins/com.st.stm32cube.ide.mcu.externaltools.gnu-tools-for-stm32.10.3-2021.10.win32_1.0.0.202111181127/tools/bin/../lib/gcc/arm-none-eabi/10.3.1/../../../../arm-none-eabi/lib/thumb/v7-m/nofp\libm.a
END GROUP
START GROUP
LOAD c:/st/stm32cubeide_1.10.1/stm32cubeide/plugins/com.st.stm32cube.ide.mcu.externaltools.gnu-tools-for-stm32.10.3-2021.10.win32_1.0.0.202111181127/tools/bin/../lib/gcc/arm-none-eabi/10.3.1/thumb/v7-m/nofp\libgcc.a
LOAD c:/st/stm32cubeide_1.10.1/stm32cubeide/plugins/com.st.stm32cube.ide.mcu.externaltools.gnu-tools-for-stm32.10.3-2021.10.win32_1.0.0.202111181127/tools/bin/../lib/gcc/arm-none-eabi/10.3.1/../../../../arm-none-eabi/lib/thumb/v7-m/nofp\libc_nano.a
END GROUP
START GROUP
LOAD c:/st/stm32cubeide_1.10.1/stm32cubeide/plugins/com.st.stm32cube.ide.mcu.externaltools.gnu-tools-for-stm32.10.3-2021.10.win32_1.0.0.202111181127/tools/bin/../lib/gcc/arm-none-eabi/10.3.1/thumb/v7-m/nofp\libgcc.a
LOAD c:/st/stm32cubeide_1.10.1/stm32cubeide/plugins/com.st.stm32cube.ide.mcu.externaltools.gnu-tools-for-stm32.10.3-2021.10.win32_1.0.0.202111181127/tools/bin/../lib/gcc/arm-none-eabi/10.3.1/../../../../arm-none-eabi/lib/thumb/v7-m/nofp\libc_nano.a
LOAD c:/st/stm32cubeide_1.10.1/stm32cubeide/plugins/com.st.stm32cube.ide.mcu.externaltools.gnu-tools-for-stm32.10.3-2021.10.win32_1.0.0.202111181127/tools/bin/../lib/gcc/arm-none-eabi/10.3.1/../../../../arm-none-eabi/lib/thumb/v7-m/nofp\libnosys.a
END GROUP
START GROUP
LOAD c:/st/stm32cubeide_1.10.1/stm32cubeide/plugins/com.st.stm32cube.ide.mcu.externaltools.gnu-tools-for-stm32.10.3-2021.10.win32_1.0.0.202111181127/tools/bin/../lib/gcc/arm-none-eabi/10.3.1/thumb/v7-m/nofp\libgcc.a
LOAD c:/st/stm32cubeide_1.10.1/stm32cubeide/plugins/com.st.stm32cube.ide.mcu.externaltools.gnu-tools-for-stm32.10.3-2021.10.win32_1.0.0.202111181127/tools/bin/../lib/gcc/arm-none-eabi/10.3.1/../../../../arm-none-eabi/lib/thumb/v7-m/nofp\libc_nano.a
LOAD c:/st/stm32cubeide_1.10.1/stm32cubeide/plugins/com.st.stm32cube.ide.mcu.externaltools.gnu-tools-for-stm32.10.3-2021.10.win32_1.0.0.202111181127/tools/bin/../lib/gcc/arm-none-eabi/10.3.1/../../../../arm-none-eabi/lib/thumb/v7-m/nofp\libnosys.a
END GROUP
LOAD c:/st/stm32cubeide_1.10.1/stm32cubeide/plugins/com.st.stm32cube.ide.mcu.externaltools.gnu-tools-for-stm32.10.3-2021.10.win32_1.0.0.202111181127/tools/bin/../lib/gcc/arm-none-eabi/10.3.1/thumb/v7-m/nofp/crtend.o
LOAD c:/st/stm32cubeide_1.10.1/stm32cubeide/plugins/com.st.stm32cube.ide.mcu.externaltools.gnu-tools-for-stm32.10.3-2021.10.win32_1.0.0.202111181127/tools/bin/../lib/gcc/arm-none-eabi/10.3.1/thumb/v7-m/nofp/crtn.o
                0x0000000020005000                _estack = (ORIGIN (RAM) + LENGTH (RAM))
                0x0000000000000200                _Min_Heap_Size = 0x200
                0x0000000000000400                _Min_Stack_Size = 0x400

.isr_vector     0x0000000008000000      0x10c
                0x0000000008000000                . = ALIGN (0x4)
 *(.isr_vector)
 .isr_vector    0x0000000008000000      0x10c ./Core/Startup/startup_stm32f103c8tx.o
                0x0000000008000000                g_pfnVectors
                0x000000000800010c                . = ALIGN (0x4)

.text           0x0000000008000110     0x6368
                0x0000000008000110                . = ALIGN (0x4)
 *(.text)
 .text          0x0000000008000110       0x40 c:/st/stm32cubeide_1.10.1/stm32cubeide/plugins/com.st.stm32cube.ide.mcu.externaltools.gnu-tools-for-stm32.10.3-2021.10.win32_1.0.0.202111181127/tools/bin/../lib/gcc/arm-none-eabi/10.3.1/thumb/v7-m/nofp/crtbegin.o
 .text          0x0000000008000150      0x378 c:/st/stm32cubeide_1.10.1/stm32cubeide/plugins/com.st.stm32cube.ide.mcu.externaltools.gnu-tools-for-stm32.10.3-2021.10.win32_1.0.0.202111181127/tools/bin/../lib/gcc/arm-none-eabi/10.3.1/thumb/v7-m/nofp\libgcc.a(_arm_addsubdf3.o)
                0x0000000008000150                __aeabi_drsub
                0x0000000008000158                __aeabi_dsub
                0x0000000008000158                __subdf3
                0x000000000800015c                __aeabi_dadd
                0x000000000800015c                __adddf3
                0x00000000080003d4                __floatunsidf
                0x00000000080003d4                __aeabi_ui2d
                0x00000000080003f4                __floatsidf
                0x00000000080003f4                __aeabi_i2d
                0x0000000008000418                __aeabi_f2d
                0x0000000008000418                __extendsfdf2
                0x000000000800045c                __floatundidf
                0x000000000800045c                __aeabi_ul2d
                0x000000000800046c                __floatdidf
                0x000000000800046c                __aeabi_l2d
 .text          0x00000000080004c8      0x424 c:/st/stm32cubeide_1.10.1/stm32cubeide/plugins/com.st.stm32cube.ide.mcu.externaltools.gnu-tools-for-stm32.10.3-2021.10.win32_1.0.0.202111181127/tools/bin/../lib/gcc/arm-none-eabi/10.3.1/thumb/v7-m/nofp\libgcc.a(_arm_muldivdf3.o)
                0x00000000080004c8                __aeabi_dmul
                0x00000000080004c8                __muldf3
                0x000000000800071c                __divdf3
                0x000000000800071c                __aeabi_ddiv
 .text          0x00000000080008ec       0x50 c:/st/stm32cubeide_1.10.1/stm32cubeide/plugins/com.st.stm32cube.ide.mcu.externaltools.gnu-tools-for-stm32.10.3-2021.10.win32_1.0.0.202111181127/tools/bin/../lib/gcc/arm-none-eabi/10.3.1/thumb/v7-m/nofp\libgcc.a(_arm_fixdfsi.o)
                0x00000000080008ec                __aeabi_d2iz
                0x00000000080008ec                __fixdfsi
 .text          0x000000000800093c       0x40 c:/st/stm32cubeide_1.10.1/stm32cubeide/plugins/com.st.stm32cube.ide.mcu.externaltools.gnu-tools-for-stm32.10.3-2021.10.win32_1.0.0.202111181127/tools/bin/../lib/gcc/arm-none-eabi/10.3.1/thumb/v7-m/nofp\libgcc.a(_arm_fixunsdfsi.o)
                0x000000000800093c                __aeabi_d2uiz
                0x000000000800093c                __fixunsdfsi
 *(.text*)
 .text.at24_isConnected
                0x000000000800097c       0x24 ./Core/Src/eeprom_handler.o
                0x000000000800097c                at24_isConnected
 .text.at24_write
                0x00000000080009a0       0xc0 ./Core/Src/eeprom_handler.o
                0x00000000080009a0                at24_write
 .text.at24_read
                0x0000000008000a60       0x60 ./Core/Src/eeprom_handler.o
                0x0000000008000a60                at24_read
 .text.check_eeprom
                0x0000000008000ac0       0x78 ./Core/Src/eeprom_handler.o
                0x0000000008000ac0                check_eeprom
 .text.lcd_send_cmd
                0x0000000008000b38       0x60 ./Core/Src/i2c_lcd.o
                0x0000000008000b38                lcd_send_cmd
 .text.lcd_send_data
                0x0000000008000b98       0x60 ./Core/Src/i2c_lcd.o
                0x0000000008000b98                lcd_send_data
 .text.lcd_init
                0x0000000008000bf8       0x5c ./Core/Src/i2c_lcd.o
                0x0000000008000bf8                lcd_init
 .text.lcd_send_string
                0x0000000008000c54       0x2a ./Core/Src/i2c_lcd.o
                0x0000000008000c54                lcd_send_string
 .text.lcd_clear_display
                0x0000000008000c7e        0xe ./Core/Src/i2c_lcd.o
                0x0000000008000c7e                lcd_clear_display
 .text.lcd_goto_XY
                0x0000000008000c8c       0x44 ./Core/Src/i2c_lcd.o
                0x0000000008000c8c                lcd_goto_XY
 .text.HAL_GPIO_EXTI_Callback
                0x0000000008000cd0      0x18c ./Core/Src/main.o
                0x0000000008000cd0                HAL_GPIO_EXTI_Callback
 *fill*         0x0000000008000e5c        0x4 
 .text.HAL_TIM_PeriodElapsedCallback
                0x0000000008000e60       0x98 ./Core/Src/main.o
                0x0000000008000e60                HAL_TIM_PeriodElapsedCallback
 .text.main     0x0000000008000ef8       0x70 ./Core/Src/main.o
                0x0000000008000ef8                main
 .text.SystemClock_Config
                0x0000000008000f68       0xa2 ./Core/Src/main.o
                0x0000000008000f68                SystemClock_Config
 *fill*         0x000000000800100a        0x2 
 .text.MX_ADC1_Init
                0x000000000800100c       0x7c ./Core/Src/main.o
 .text.MX_I2C1_Init
                0x0000000008001088       0x5c ./Core/Src/main.o
 .text.MX_I2C2_Init
                0x00000000080010e4       0x5c ./Core/Src/main.o
 .text.MX_TIM2_Init
                0x0000000008001140       0xec ./Core/Src/main.o
 .text.MX_TIM4_Init
                0x000000000800122c       0xa4 ./Core/Src/main.o
 .text.MX_GPIO_Init
                0x00000000080012d0      0x190 ./Core/Src/main.o
 .text.updateLCD
                0x0000000008001460      0x334 ./Core/Src/main.o
                0x0000000008001460                updateLCD
 .text.Error_Handler
                0x0000000008001794        0xa ./Core/Src/main.o
                0x0000000008001794                Error_Handler
 *fill*         0x000000000800179e        0x2 
 .text.HAL_MspInit
                0x00000000080017a0       0x64 ./Core/Src/stm32f1xx_hal_msp.o
                0x00000000080017a0                HAL_MspInit
 .text.HAL_ADC_MspInit
                0x0000000008001804       0x78 ./Core/Src/stm32f1xx_hal_msp.o
                0x0000000008001804                HAL_ADC_MspInit
 .text.HAL_I2C_MspInit
                0x000000000800187c       0xf8 ./Core/Src/stm32f1xx_hal_msp.o
                0x000000000800187c                HAL_I2C_MspInit
 .text.HAL_TIM_Base_MspInit
                0x0000000008001974       0x80 ./Core/Src/stm32f1xx_hal_msp.o
                0x0000000008001974                HAL_TIM_Base_MspInit
 .text.HAL_TIM_MspPostInit
                0x00000000080019f4       0x60 ./Core/Src/stm32f1xx_hal_msp.o
                0x00000000080019f4                HAL_TIM_MspPostInit
 .text.NMI_Handler
                0x0000000008001a54        0x6 ./Core/Src/stm32f1xx_it.o
                0x0000000008001a54                NMI_Handler
 .text.HardFault_Handler
                0x0000000008001a5a        0x6 ./Core/Src/stm32f1xx_it.o
                0x0000000008001a5a                HardFault_Handler
 .text.MemManage_Handler
                0x0000000008001a60        0x6 ./Core/Src/stm32f1xx_it.o
                0x0000000008001a60                MemManage_Handler
 .text.BusFault_Handler
                0x0000000008001a66        0x6 ./Core/Src/stm32f1xx_it.o
                0x0000000008001a66                BusFault_Handler
 .text.UsageFault_Handler
                0x0000000008001a6c        0x6 ./Core/Src/stm32f1xx_it.o
                0x0000000008001a6c                UsageFault_Handler
 .text.SVC_Handler
                0x0000000008001a72        0xc ./Core/Src/stm32f1xx_it.o
                0x0000000008001a72                SVC_Handler
 .text.DebugMon_Handler
                0x0000000008001a7e        0xc ./Core/Src/stm32f1xx_it.o
                0x0000000008001a7e                DebugMon_Handler
 .text.PendSV_Handler
                0x0000000008001a8a        0xc ./Core/Src/stm32f1xx_it.o
                0x0000000008001a8a                PendSV_Handler
 .text.SysTick_Handler
                0x0000000008001a96        0xc ./Core/Src/stm32f1xx_it.o
                0x0000000008001a96                SysTick_Handler
 .text.EXTI9_5_IRQHandler
                0x0000000008001aa2       0x14 ./Core/Src/stm32f1xx_it.o
                0x0000000008001aa2                EXTI9_5_IRQHandler
 *fill*         0x0000000008001ab6        0x2 
 .text.TIM2_IRQHandler
                0x0000000008001ab8       0x50 ./Core/Src/stm32f1xx_it.o
                0x0000000008001ab8                TIM2_IRQHandler
 .text.TIM4_IRQHandler
                0x0000000008001b08       0x14 ./Core/Src/stm32f1xx_it.o
                0x0000000008001b08                TIM4_IRQHandler
 .text.EXTI15_10_IRQHandler
                0x0000000008001b1c       0x28 ./Core/Src/stm32f1xx_it.o
                0x0000000008001b1c                EXTI15_10_IRQHandler
 .text._sbrk    0x0000000008001b44       0x6c ./Core/Src/sysmem.o
                0x0000000008001b44                _sbrk
 .text.SystemInit
                0x0000000008001bb0        0xc ./Core/Src/system_stm32f1xx.o
                0x0000000008001bb0                SystemInit
 .text.procedure_init
                0x0000000008001bbc       0x1c ./Core/Src/washing_procedure.o
                0x0000000008001bbc                procedure_init
 .text.run_procedure
                0x0000000008001bd8       0xd0 ./Core/Src/washing_procedure.o
                0x0000000008001bd8                run_procedure
 .text.start_procedure
                0x0000000008001ca8       0x20 ./Core/Src/washing_procedure.o
                0x0000000008001ca8                start_procedure
 .text.m_fillWater
                0x0000000008001cc8       0xa4 ./Core/Src/washing_procedure.o
                0x0000000008001cc8                m_fillWater
 .text.m_wash   0x0000000008001d6c      0x1b0 ./Core/Src/washing_procedure.o
                0x0000000008001d6c                m_wash
 .text.m_rinse_and_drain
                0x0000000008001f1c       0xa0 ./Core/Src/washing_procedure.o
                0x0000000008001f1c                m_rinse_and_drain
 .text.m_spin   0x0000000008001fbc       0xa8 ./Core/Src/washing_procedure.o
                0x0000000008001fbc                m_spin
 .text.Reset_Handler
                0x0000000008002064       0x48 ./Core/Startup/startup_stm32f103c8tx.o
                0x0000000008002064                Reset_Handler
 .text.Default_Handler
                0x00000000080020ac        0x2 ./Core/Startup/startup_stm32f103c8tx.o
                0x00000000080020ac                RTC_Alarm_IRQHandler
                0x00000000080020ac                EXTI2_IRQHandler
                0x00000000080020ac                TIM1_CC_IRQHandler
                0x00000000080020ac                PVD_IRQHandler
                0x00000000080020ac                EXTI3_IRQHandler
                0x00000000080020ac                EXTI0_IRQHandler
                0x00000000080020ac                I2C2_EV_IRQHandler
                0x00000000080020ac                ADC1_2_IRQHandler
                0x00000000080020ac                SPI1_IRQHandler
                0x00000000080020ac                TAMPER_IRQHandler
                0x00000000080020ac                DMA1_Channel4_IRQHandler
                0x00000000080020ac                USART3_IRQHandler
                0x00000000080020ac                RTC_IRQHandler
                0x00000000080020ac                DMA1_Channel7_IRQHandler
                0x00000000080020ac                CAN1_RX1_IRQHandler
                0x00000000080020ac                I2C1_EV_IRQHandler
                0x00000000080020ac                DMA1_Channel6_IRQHandler
                0x00000000080020ac                TIM3_IRQHandler
                0x00000000080020ac                RCC_IRQHandler
                0x00000000080020ac                TIM1_TRG_COM_IRQHandler
                0x00000000080020ac                DMA1_Channel1_IRQHandler
                0x00000000080020ac                Default_Handler
                0x00000000080020ac                SPI2_IRQHandler
                0x00000000080020ac                DMA1_Channel5_IRQHandler
                0x00000000080020ac                EXTI4_IRQHandler
                0x00000000080020ac                USB_LP_CAN1_RX0_IRQHandler
                0x00000000080020ac                USB_HP_CAN1_TX_IRQHandler
                0x00000000080020ac                DMA1_Channel3_IRQHandler
                0x00000000080020ac                TIM1_UP_IRQHandler
                0x00000000080020ac                WWDG_IRQHandler
                0x00000000080020ac                TIM1_BRK_IRQHandler
                0x00000000080020ac                EXTI1_IRQHandler
                0x00000000080020ac                USART2_IRQHandler
                0x00000000080020ac                I2C2_ER_IRQHandler
                0x00000000080020ac                DMA1_Channel2_IRQHandler
                0x00000000080020ac                CAN1_SCE_IRQHandler
                0x00000000080020ac                FLASH_IRQHandler
                0x00000000080020ac                USART1_IRQHandler
                0x00000000080020ac                I2C1_ER_IRQHandler
                0x00000000080020ac                USBWakeUp_IRQHandler
 *fill*         0x00000000080020ae        0x2 
 .text.HAL_Init
                0x00000000080020b0       0x2c ./Drivers/STM32F1xx_HAL_Driver/Src/stm32f1xx_hal.o
                0x00000000080020b0                HAL_Init
 .text.HAL_InitTick
                0x00000000080020dc       0x60 ./Drivers/STM32F1xx_HAL_Driver/Src/stm32f1xx_hal.o
                0x00000000080020dc                HAL_InitTick
 .text.HAL_IncTick
                0x000000000800213c       0x24 ./Drivers/STM32F1xx_HAL_Driver/Src/stm32f1xx_hal.o
                0x000000000800213c                HAL_IncTick
 .text.HAL_GetTick
                0x0000000008002160       0x14 ./Drivers/STM32F1xx_HAL_Driver/Src/stm32f1xx_hal.o
                0x0000000008002160                HAL_GetTick
 .text.HAL_Delay
                0x0000000008002174       0x48 ./Drivers/STM32F1xx_HAL_Driver/Src/stm32f1xx_hal.o
                0x0000000008002174                HAL_Delay
 .text.HAL_ADC_Init
                0x00000000080021bc      0x1b0 ./Drivers/STM32F1xx_HAL_Driver/Src/stm32f1xx_hal_adc.o
                0x00000000080021bc                HAL_ADC_Init
 .text.HAL_ADC_ConfigChannel
                0x000000000800236c      0x1f0 ./Drivers/STM32F1xx_HAL_Driver/Src/stm32f1xx_hal_adc.o
                0x000000000800236c                HAL_ADC_ConfigChannel
 .text.ADC_ConversionStop_Disable
                0x000000000800255c       0x82 ./Drivers/STM32F1xx_HAL_Driver/Src/stm32f1xx_hal_adc.o
                0x000000000800255c                ADC_ConversionStop_Disable
 *fill*         0x00000000080025de        0x2 
 .text.__NVIC_SetPriorityGrouping
                0x00000000080025e0       0x48 ./Drivers/STM32F1xx_HAL_Driver/Src/stm32f1xx_hal_cortex.o
 .text.__NVIC_GetPriorityGrouping
                0x0000000008002628       0x1c ./Drivers/STM32F1xx_HAL_Driver/Src/stm32f1xx_hal_cortex.o
 .text.__NVIC_EnableIRQ
                0x0000000008002644       0x38 ./Drivers/STM32F1xx_HAL_Driver/Src/stm32f1xx_hal_cortex.o
 .text.__NVIC_SetPriority
                0x000000000800267c       0x54 ./Drivers/STM32F1xx_HAL_Driver/Src/stm32f1xx_hal_cortex.o
 .text.NVIC_EncodePriority
                0x00000000080026d0       0x64 ./Drivers/STM32F1xx_HAL_Driver/Src/stm32f1xx_hal_cortex.o
 .text.SysTick_Config
                0x0000000008002734       0x44 ./Drivers/STM32F1xx_HAL_Driver/Src/stm32f1xx_hal_cortex.o
 .text.HAL_NVIC_SetPriorityGrouping
                0x0000000008002778       0x16 ./Drivers/STM32F1xx_HAL_Driver/Src/stm32f1xx_hal_cortex.o
                0x0000000008002778                HAL_NVIC_SetPriorityGrouping
 .text.HAL_NVIC_SetPriority
                0x000000000800278e       0x38 ./Drivers/STM32F1xx_HAL_Driver/Src/stm32f1xx_hal_cortex.o
                0x000000000800278e                HAL_NVIC_SetPriority
 .text.HAL_NVIC_EnableIRQ
                0x00000000080027c6       0x1c ./Drivers/STM32F1xx_HAL_Driver/Src/stm32f1xx_hal_cortex.o
                0x00000000080027c6                HAL_NVIC_EnableIRQ
 .text.HAL_SYSTICK_Config
                0x00000000080027e2       0x18 ./Drivers/STM32F1xx_HAL_Driver/Src/stm32f1xx_hal_cortex.o
                0x00000000080027e2                HAL_SYSTICK_Config
 *fill*         0x00000000080027fa        0x2 
 .text.HAL_GPIO_Init
                0x00000000080027fc      0x308 ./Drivers/STM32F1xx_HAL_Driver/Src/stm32f1xx_hal_gpio.o
                0x00000000080027fc                HAL_GPIO_Init
 .text.HAL_GPIO_ReadPin
                0x0000000008002b04       0x2e ./Drivers/STM32F1xx_HAL_Driver/Src/stm32f1xx_hal_gpio.o
                0x0000000008002b04                HAL_GPIO_ReadPin
 .text.HAL_GPIO_WritePin
                0x0000000008002b32       0x30 ./Drivers/STM32F1xx_HAL_Driver/Src/stm32f1xx_hal_gpio.o
                0x0000000008002b32                HAL_GPIO_WritePin
 *fill*         0x0000000008002b62        0x2 
 .text.HAL_GPIO_EXTI_IRQHandler
                0x0000000008002b64       0x30 ./Drivers/STM32F1xx_HAL_Driver/Src/stm32f1xx_hal_gpio.o
                0x0000000008002b64                HAL_GPIO_EXTI_IRQHandler
 .text.HAL_I2C_Init
                0x0000000008002b94      0x288 ./Drivers/STM32F1xx_HAL_Driver/Src/stm32f1xx_hal_i2c.o
                0x0000000008002b94                HAL_I2C_Init
 .text.HAL_I2C_Master_Transmit
                0x0000000008002e1c      0x1fc ./Drivers/STM32F1xx_HAL_Driver/Src/stm32f1xx_hal_i2c.o
                0x0000000008002e1c                HAL_I2C_Master_Transmit
 .text.HAL_I2C_Mem_Write
                0x0000000008003018      0x1f4 ./Drivers/STM32F1xx_HAL_Driver/Src/stm32f1xx_hal_i2c.o
                0x0000000008003018                HAL_I2C_Mem_Write
 .text.HAL_I2C_Mem_Read
                0x000000000800320c      0x4e8 ./Drivers/STM32F1xx_HAL_Driver/Src/stm32f1xx_hal_i2c.o
                0x000000000800320c                HAL_I2C_Mem_Read
 .text.HAL_I2C_IsDeviceReady
                0x00000000080036f4      0x25c ./Drivers/STM32F1xx_HAL_Driver/Src/stm32f1xx_hal_i2c.o
                0x00000000080036f4                HAL_I2C_IsDeviceReady
 .text.I2C_MasterRequestWrite
                0x0000000008003950      0x104 ./Drivers/STM32F1xx_HAL_Driver/Src/stm32f1xx_hal_i2c.o
 .text.I2C_RequestMemoryWrite
                0x0000000008003a54      0x12c ./Drivers/STM32F1xx_HAL_Driver/Src/stm32f1xx_hal_i2c.o
 .text.I2C_RequestMemoryRead
                0x0000000008003b80      0x1d0 ./Drivers/STM32F1xx_HAL_Driver/Src/stm32f1xx_hal_i2c.o
 .text.I2C_WaitOnFlagUntilTimeout
                0x0000000008003d50       0xf4 ./Drivers/STM32F1xx_HAL_Driver/Src/stm32f1xx_hal_i2c.o
 .text.I2C_WaitOnMasterAddressFlagUntilTimeout
                0x0000000008003e44      0x140 ./Drivers/STM32F1xx_HAL_Driver/Src/stm32f1xx_hal_i2c.o
 .text.I2C_WaitOnTXEFlagUntilTimeout
                0x0000000008003f84       0x90 ./Drivers/STM32F1xx_HAL_Driver/Src/stm32f1xx_hal_i2c.o
 .text.I2C_WaitOnBTFFlagUntilTimeout
                0x0000000008004014       0x90 ./Drivers/STM32F1xx_HAL_Driver/Src/stm32f1xx_hal_i2c.o
 .text.I2C_WaitOnRXNEFlagUntilTimeout
                0x00000000080040a4       0xba ./Drivers/STM32F1xx_HAL_Driver/Src/stm32f1xx_hal_i2c.o
 .text.I2C_IsAcknowledgeFailed
                0x000000000800415e       0x5c ./Drivers/STM32F1xx_HAL_Driver/Src/stm32f1xx_hal_i2c.o
 *fill*         0x00000000080041ba        0x2 
 .text.HAL_RCC_OscConfig
                0x00000000080041bc      0x504 ./Drivers/STM32F1xx_HAL_Driver/Src/stm32f1xx_hal_rcc.o
                0x00000000080041bc                HAL_RCC_OscConfig
 .text.HAL_RCC_ClockConfig
                0x00000000080046c0      0x1d4 ./Drivers/STM32F1xx_HAL_Driver/Src/stm32f1xx_hal_rcc.o
                0x00000000080046c0                HAL_RCC_ClockConfig
 .text.HAL_RCC_GetSysClockFreq
                0x0000000008004894       0xa8 ./Drivers/STM32F1xx_HAL_Driver/Src/stm32f1xx_hal_rcc.o
                0x0000000008004894                HAL_RCC_GetSysClockFreq
 .text.HAL_RCC_GetHCLKFreq
                0x000000000800493c       0x14 ./Drivers/STM32F1xx_HAL_Driver/Src/stm32f1xx_hal_rcc.o
                0x000000000800493c                HAL_RCC_GetHCLKFreq
 .text.HAL_RCC_GetPCLK1Freq
                0x0000000008004950       0x28 ./Drivers/STM32F1xx_HAL_Driver/Src/stm32f1xx_hal_rcc.o
                0x0000000008004950                HAL_RCC_GetPCLK1Freq
 .text.RCC_Delay
                0x0000000008004978       0x3c ./Drivers/STM32F1xx_HAL_Driver/Src/stm32f1xx_hal_rcc.o
 .text.HAL_RCCEx_PeriphCLKConfig
                0x00000000080049b4      0x16c ./Drivers/STM32F1xx_HAL_Driver/Src/stm32f1xx_hal_rcc_ex.o
                0x00000000080049b4                HAL_RCCEx_PeriphCLKConfig
 .text.HAL_TIM_Base_Init
                0x0000000008004b20       0x9e ./Drivers/STM32F1xx_HAL_Driver/Src/stm32f1xx_hal_tim.o
                0x0000000008004b20                HAL_TIM_Base_Init
 *fill*         0x0000000008004bbe        0x2 
 .text.HAL_TIM_Base_Start_IT
                0x0000000008004bc0       0xa4 ./Drivers/STM32F1xx_HAL_Driver/Src/stm32f1xx_hal_tim.o
                0x0000000008004bc0                HAL_TIM_Base_Start_IT
 .text.HAL_TIM_OC_Init
                0x0000000008004c64       0x9e ./Drivers/STM32F1xx_HAL_Driver/Src/stm32f1xx_hal_tim.o
                0x0000000008004c64                HAL_TIM_OC_Init
 .text.HAL_TIM_OC_MspInit
                0x0000000008004d02       0x12 ./Drivers/STM32F1xx_HAL_Driver/Src/stm32f1xx_hal_tim.o
                0x0000000008004d02                HAL_TIM_OC_MspInit
 .text.HAL_TIM_OC_Start_IT
                0x0000000008004d14      0x1e0 ./Drivers/STM32F1xx_HAL_Driver/Src/stm32f1xx_hal_tim.o
                0x0000000008004d14                HAL_TIM_OC_Start_IT
 .text.HAL_TIM_OC_Stop_IT
                0x0000000008004ef4      0x164 ./Drivers/STM32F1xx_HAL_Driver/Src/stm32f1xx_hal_tim.o
                0x0000000008004ef4                HAL_TIM_OC_Stop_IT
 .text.HAL_TIM_IRQHandler
                0x0000000008005058      0x1e0 ./Drivers/STM32F1xx_HAL_Driver/Src/stm32f1xx_hal_tim.o
                0x0000000008005058                HAL_TIM_IRQHandler
 .text.HAL_TIM_OC_ConfigChannel
                0x0000000008005238       0xb8 ./Drivers/STM32F1xx_HAL_Driver/Src/stm32f1xx_hal_tim.o
                0x0000000008005238                HAL_TIM_OC_ConfigChannel
 .text.HAL_TIM_ConfigClockSource
                0x00000000080052f0      0x18e ./Drivers/STM32F1xx_HAL_Driver/Src/stm32f1xx_hal_tim.o
                0x00000000080052f0                HAL_TIM_ConfigClockSource
 .text.HAL_TIM_OC_DelayElapsedCallback
                0x000000000800547e       0x12 ./Drivers/STM32F1xx_HAL_Driver/Src/stm32f1xx_hal_tim.o
                0x000000000800547e                HAL_TIM_OC_DelayElapsedCallback
 .text.HAL_TIM_IC_CaptureCallback
                0x0000000008005490       0x12 ./Drivers/STM32F1xx_HAL_Driver/Src/stm32f1xx_hal_tim.o
                0x0000000008005490                HAL_TIM_IC_CaptureCallback
 .text.HAL_TIM_PWM_PulseFinishedCallback
                0x00000000080054a2       0x12 ./Drivers/STM32F1xx_HAL_Driver/Src/stm32f1xx_hal_tim.o
                0x00000000080054a2                HAL_TIM_PWM_PulseFinishedCallback
 .text.HAL_TIM_TriggerCallback
                0x00000000080054b4       0x12 ./Drivers/STM32F1xx_HAL_Driver/Src/stm32f1xx_hal_tim.o
                0x00000000080054b4                HAL_TIM_TriggerCallback
 *fill*         0x00000000080054c6        0x2 
 .text.TIM_Base_SetConfig
                0x00000000080054c8       0xdc ./Drivers/STM32F1xx_HAL_Driver/Src/stm32f1xx_hal_tim.o
                0x00000000080054c8                TIM_Base_SetConfig
 .text.TIM_OC1_SetConfig
                0x00000000080055a4       0xcc ./Drivers/STM32F1xx_HAL_Driver/Src/stm32f1xx_hal_tim.o
 .text.TIM_OC2_SetConfig
                0x0000000008005670       0xd4 ./Drivers/STM32F1xx_HAL_Driver/Src/stm32f1xx_hal_tim.o
                0x0000000008005670                TIM_OC2_SetConfig
 .text.TIM_OC3_SetConfig
                0x0000000008005744       0xd4 ./Drivers/STM32F1xx_HAL_Driver/Src/stm32f1xx_hal_tim.o
 .text.TIM_OC4_SetConfig
                0x0000000008005818       0x9c ./Drivers/STM32F1xx_HAL_Driver/Src/stm32f1xx_hal_tim.o
 .text.TIM_TI1_ConfigInputStage
                0x00000000080058b4       0x5c ./Drivers/STM32F1xx_HAL_Driver/Src/stm32f1xx_hal_tim.o
 .text.TIM_TI2_ConfigInputStage
                0x0000000008005910       0x5e ./Drivers/STM32F1xx_HAL_Driver/Src/stm32f1xx_hal_tim.o
 .text.TIM_ITRx_SetConfig
                0x000000000800596e       0x34 ./Drivers/STM32F1xx_HAL_Driver/Src/stm32f1xx_hal_tim.o
 .text.TIM_ETR_SetConfig
                0x00000000080059a2       0x3e ./Drivers/STM32F1xx_HAL_Driver/Src/stm32f1xx_hal_tim.o
                0x00000000080059a2                TIM_ETR_SetConfig
 .text.TIM_CCxChannelCmd
                0x00000000080059e0       0x48 ./Drivers/STM32F1xx_HAL_Driver/Src/stm32f1xx_hal_tim.o
                0x00000000080059e0                TIM_CCxChannelCmd
 .text.HAL_TIMEx_MasterConfigSynchronization
                0x0000000008005a28       0xbc ./Drivers/STM32F1xx_HAL_Driver/Src/stm32f1xx_hal_tim_ex.o
                0x0000000008005a28                HAL_TIMEx_MasterConfigSynchronization
 .text.HAL_TIMEx_CommutCallback
                0x0000000008005ae4       0x12 ./Drivers/STM32F1xx_HAL_Driver/Src/stm32f1xx_hal_tim_ex.o
                0x0000000008005ae4                HAL_TIMEx_CommutCallback
 .text.HAL_TIMEx_BreakCallback
                0x0000000008005af6       0x12 ./Drivers/STM32F1xx_HAL_Driver/Src/stm32f1xx_hal_tim_ex.o
                0x0000000008005af6                HAL_TIMEx_BreakCallback
 .text.__errno  0x0000000008005b08        0xc c:/st/stm32cubeide_1.10.1/stm32cubeide/plugins/com.st.stm32cube.ide.mcu.externaltools.gnu-tools-for-stm32.10.3-2021.10.win32_1.0.0.202111181127/tools/bin/../lib/gcc/arm-none-eabi/10.3.1/../../../../arm-none-eabi/lib/thumb/v7-m/nofp\libc_nano.a(lib_a-errno.o)
                0x0000000008005b08                __errno
 .text.__libc_init_array
                0x0000000008005b14       0x48 c:/st/stm32cubeide_1.10.1/stm32cubeide/plugins/com.st.stm32cube.ide.mcu.externaltools.gnu-tools-for-stm32.10.3-2021.10.win32_1.0.0.202111181127/tools/bin/../lib/gcc/arm-none-eabi/10.3.1/../../../../arm-none-eabi/lib/thumb/v7-m/nofp\libc_nano.a(lib_a-init.o)
                0x0000000008005b14                __libc_init_array
 .text.memset   0x0000000008005b5c       0x10 c:/st/stm32cubeide_1.10.1/stm32cubeide/plugins/com.st.stm32cube.ide.mcu.externaltools.gnu-tools-for-stm32.10.3-2021.10.win32_1.0.0.202111181127/tools/bin/../lib/gcc/arm-none-eabi/10.3.1/../../../../arm-none-eabi/lib/thumb/v7-m/nofp\libc_nano.a(lib_a-memset.o)
                0x0000000008005b5c                memset
 .text.sprintf  0x0000000008005b6c       0x40 c:/st/stm32cubeide_1.10.1/stm32cubeide/plugins/com.st.stm32cube.ide.mcu.externaltools.gnu-tools-for-stm32.10.3-2021.10.win32_1.0.0.202111181127/tools/bin/../lib/gcc/arm-none-eabi/10.3.1/../../../../arm-none-eabi/lib/thumb/v7-m/nofp\libc_nano.a(lib_a-sprintf.o)
                0x0000000008005b6c                siprintf
                0x0000000008005b6c                sprintf
 .text.__ssputs_r
                0x0000000008005bac       0xb6 c:/st/stm32cubeide_1.10.1/stm32cubeide/plugins/com.st.stm32cube.ide.mcu.externaltools.gnu-tools-for-stm32.10.3-2021.10.win32_1.0.0.202111181127/tools/bin/../lib/gcc/arm-none-eabi/10.3.1/../../../../arm-none-eabi/lib/thumb/v7-m/nofp\libc_nano.a(lib_a-nano-svfprintf.o)
                0x0000000008005bac                __ssputs_r
 *fill*         0x0000000008005c62        0x2 
 .text._svfprintf_r
                0x0000000008005c64      0x200 c:/st/stm32cubeide_1.10.1/stm32cubeide/plugins/com.st.stm32cube.ide.mcu.externaltools.gnu-tools-for-stm32.10.3-2021.10.win32_1.0.0.202111181127/tools/bin/../lib/gcc/arm-none-eabi/10.3.1/../../../../arm-none-eabi/lib/thumb/v7-m/nofp\libc_nano.a(lib_a-nano-svfprintf.o)
                0x0000000008005c64                _svfiprintf_r
                0x0000000008005c64                _svfprintf_r
 .text._printf_common
                0x0000000008005e64       0xde c:/st/stm32cubeide_1.10.1/stm32cubeide/plugins/com.st.stm32cube.ide.mcu.externaltools.gnu-tools-for-stm32.10.3-2021.10.win32_1.0.0.202111181127/tools/bin/../lib/gcc/arm-none-eabi/10.3.1/../../../../arm-none-eabi/lib/thumb/v7-m/nofp\libc_nano.a(lib_a-nano-vfprintf_i.o)
                0x0000000008005e64                _printf_common
 *fill*         0x0000000008005f42        0x2 
 .text._printf_i
                0x0000000008005f44      0x24c c:/st/stm32cubeide_1.10.1/stm32cubeide/plugins/com.st.stm32cube.ide.mcu.externaltools.gnu-tools-for-stm32.10.3-2021.10.win32_1.0.0.202111181127/tools/bin/../lib/gcc/arm-none-eabi/10.3.1/../../../../arm-none-eabi/lib/thumb/v7-m/nofp\libc_nano.a(lib_a-nano-vfprintf_i.o)
                0x0000000008005f44                _printf_i
 .text.memchr   0x0000000008006190       0x1c c:/st/stm32cubeide_1.10.1/stm32cubeide/plugins/com.st.stm32cube.ide.mcu.externaltools.gnu-tools-for-stm32.10.3-2021.10.win32_1.0.0.202111181127/tools/bin/../lib/gcc/arm-none-eabi/10.3.1/../../../../arm-none-eabi/lib/thumb/v7-m/nofp\libc_nano.a(lib_a-memchr-stub.o)
                0x0000000008006190                memchr
 .text.memcpy   0x00000000080061ac       0x1c c:/st/stm32cubeide_1.10.1/stm32cubeide/plugins/com.st.stm32cube.ide.mcu.externaltools.gnu-tools-for-stm32.10.3-2021.10.win32_1.0.0.202111181127/tools/bin/../lib/gcc/arm-none-eabi/10.3.1/../../../../arm-none-eabi/lib/thumb/v7-m/nofp\libc_nano.a(lib_a-memcpy-stub.o)
                0x00000000080061ac                memcpy
 .text.memmove  0x00000000080061c8       0x34 c:/st/stm32cubeide_1.10.1/stm32cubeide/plugins/com.st.stm32cube.ide.mcu.externaltools.gnu-tools-for-stm32.10.3-2021.10.win32_1.0.0.202111181127/tools/bin/../lib/gcc/arm-none-eabi/10.3.1/../../../../arm-none-eabi/lib/thumb/v7-m/nofp\libc_nano.a(lib_a-memmove.o)
                0x00000000080061c8                memmove
 .text._free_r  0x00000000080061fc       0x90 c:/st/stm32cubeide_1.10.1/stm32cubeide/plugins/com.st.stm32cube.ide.mcu.externaltools.gnu-tools-for-stm32.10.3-2021.10.win32_1.0.0.202111181127/tools/bin/../lib/gcc/arm-none-eabi/10.3.1/../../../../arm-none-eabi/lib/thumb/v7-m/nofp\libc_nano.a(lib_a-nano-freer.o)
                0x00000000080061fc                _free_r
 .text.sbrk_aligned
                0x000000000800628c       0x40 c:/st/stm32cubeide_1.10.1/stm32cubeide/plugins/com.st.stm32cube.ide.mcu.externaltools.gnu-tools-for-stm32.10.3-2021.10.win32_1.0.0.202111181127/tools/bin/../lib/gcc/arm-none-eabi/10.3.1/../../../../arm-none-eabi/lib/thumb/v7-m/nofp\libc_nano.a(lib_a-nano-mallocr.o)
 .text._malloc_r
                0x00000000080062cc       0xe8 c:/st/stm32cubeide_1.10.1/stm32cubeide/plugins/com.st.stm32cube.ide.mcu.externaltools.gnu-tools-for-stm32.10.3-2021.10.win32_1.0.0.202111181127/tools/bin/../lib/gcc/arm-none-eabi/10.3.1/../../../../arm-none-eabi/lib/thumb/v7-m/nofp\libc_nano.a(lib_a-nano-mallocr.o)
                0x00000000080062cc                _malloc_r
 .text._realloc_r
                0x00000000080063b4       0x5e c:/st/stm32cubeide_1.10.1/stm32cubeide/plugins/com.st.stm32cube.ide.mcu.externaltools.gnu-tools-for-stm32.10.3-2021.10.win32_1.0.0.202111181127/tools/bin/../lib/gcc/arm-none-eabi/10.3.1/../../../../arm-none-eabi/lib/thumb/v7-m/nofp\libc_nano.a(lib_a-nano-reallocr.o)
                0x00000000080063b4                _realloc_r
 *fill*         0x0000000008006412        0x2 
 .text._sbrk_r  0x0000000008006414       0x20 c:/st/stm32cubeide_1.10.1/stm32cubeide/plugins/com.st.stm32cube.ide.mcu.externaltools.gnu-tools-for-stm32.10.3-2021.10.win32_1.0.0.202111181127/tools/bin/../lib/gcc/arm-none-eabi/10.3.1/../../../../arm-none-eabi/lib/thumb/v7-m/nofp\libc_nano.a(lib_a-sbrkr.o)
                0x0000000008006414                _sbrk_r
 .text.__malloc_lock
                0x0000000008006434        0xc c:/st/stm32cubeide_1.10.1/stm32cubeide/plugins/com.st.stm32cube.ide.mcu.externaltools.gnu-tools-for-stm32.10.3-2021.10.win32_1.0.0.202111181127/tools/bin/../lib/gcc/arm-none-eabi/10.3.1/../../../../arm-none-eabi/lib/thumb/v7-m/nofp\libc_nano.a(lib_a-mlock.o)
                0x0000000008006434                __malloc_lock
 .text.__malloc_unlock
                0x0000000008006440        0xc c:/st/stm32cubeide_1.10.1/stm32cubeide/plugins/com.st.stm32cube.ide.mcu.externaltools.gnu-tools-for-stm32.10.3-2021.10.win32_1.0.0.202111181127/tools/bin/../lib/gcc/arm-none-eabi/10.3.1/../../../../arm-none-eabi/lib/thumb/v7-m/nofp\libc_nano.a(lib_a-mlock.o)
                0x0000000008006440                __malloc_unlock
 .text._malloc_usable_size_r
                0x000000000800644c       0x10 c:/st/stm32cubeide_1.10.1/stm32cubeide/plugins/com.st.stm32cube.ide.mcu.externaltools.gnu-tools-for-stm32.10.3-2021.10.win32_1.0.0.202111181127/tools/bin/../lib/gcc/arm-none-eabi/10.3.1/../../../../arm-none-eabi/lib/thumb/v7-m/nofp\libc_nano.a(lib_a-nano-msizer.o)
                0x000000000800644c                _malloc_usable_size_r
 .text.__retarget_lock_acquire_recursive
                0x000000000800645c        0x2 c:/st/stm32cubeide_1.10.1/stm32cubeide/plugins/com.st.stm32cube.ide.mcu.externaltools.gnu-tools-for-stm32.10.3-2021.10.win32_1.0.0.202111181127/tools/bin/../lib/gcc/arm-none-eabi/10.3.1/../../../../arm-none-eabi/lib/thumb/v7-m/nofp\libc_nano.a(lib_a-lock.o)
                0x000000000800645c                __retarget_lock_acquire_recursive
 .text.__retarget_lock_release_recursive
                0x000000000800645e        0x2 c:/st/stm32cubeide_1.10.1/stm32cubeide/plugins/com.st.stm32cube.ide.mcu.externaltools.gnu-tools-for-stm32.10.3-2021.10.win32_1.0.0.202111181127/tools/bin/../lib/gcc/arm-none-eabi/10.3.1/../../../../arm-none-eabi/lib/thumb/v7-m/nofp\libc_nano.a(lib_a-lock.o)
                0x000000000800645e                __retarget_lock_release_recursive
 *(.glue_7)
 .glue_7        0x0000000008006460        0x0 linker stubs
 *(.glue_7t)
 .glue_7t       0x0000000008006460        0x0 linker stubs
 *(.eh_frame)
 .eh_frame      0x0000000008006460        0x0 c:/st/stm32cubeide_1.10.1/stm32cubeide/plugins/com.st.stm32cube.ide.mcu.externaltools.gnu-tools-for-stm32.10.3-2021.10.win32_1.0.0.202111181127/tools/bin/../lib/gcc/arm-none-eabi/10.3.1/thumb/v7-m/nofp/crtbegin.o
 *(.init)
 .init          0x0000000008006460        0x4 c:/st/stm32cubeide_1.10.1/stm32cubeide/plugins/com.st.stm32cube.ide.mcu.externaltools.gnu-tools-for-stm32.10.3-2021.10.win32_1.0.0.202111181127/tools/bin/../lib/gcc/arm-none-eabi/10.3.1/thumb/v7-m/nofp/crti.o
                0x0000000008006460                _init
 .init          0x0000000008006464        0x8 c:/st/stm32cubeide_1.10.1/stm32cubeide/plugins/com.st.stm32cube.ide.mcu.externaltools.gnu-tools-for-stm32.10.3-2021.10.win32_1.0.0.202111181127/tools/bin/../lib/gcc/arm-none-eabi/10.3.1/thumb/v7-m/nofp/crtn.o
 *(.fini)
 .fini          0x000000000800646c        0x4 c:/st/stm32cubeide_1.10.1/stm32cubeide/plugins/com.st.stm32cube.ide.mcu.externaltools.gnu-tools-for-stm32.10.3-2021.10.win32_1.0.0.202111181127/tools/bin/../lib/gcc/arm-none-eabi/10.3.1/thumb/v7-m/nofp/crti.o
                0x000000000800646c                _fini
 .fini          0x0000000008006470        0x8 c:/st/stm32cubeide_1.10.1/stm32cubeide/plugins/com.st.stm32cube.ide.mcu.externaltools.gnu-tools-for-stm32.10.3-2021.10.win32_1.0.0.202111181127/tools/bin/../lib/gcc/arm-none-eabi/10.3.1/thumb/v7-m/nofp/crtn.o
                0x0000000008006478                . = ALIGN (0x4)
                0x0000000008006478                _etext = .

.vfp11_veneer   0x0000000008006478        0x0
 .vfp11_veneer  0x0000000008006478        0x0 linker stubs

.v4_bx          0x0000000008006478        0x0
 .v4_bx         0x0000000008006478        0x0 linker stubs

.iplt           0x0000000008006478        0x0
 .iplt          0x0000000008006478        0x0 c:/st/stm32cubeide_1.10.1/stm32cubeide/plugins/com.st.stm32cube.ide.mcu.externaltools.gnu-tools-for-stm32.10.3-2021.10.win32_1.0.0.202111181127/tools/bin/../lib/gcc/arm-none-eabi/10.3.1/thumb/v7-m/nofp/crtbegin.o

.rodata         0x0000000008006478      0x224
                0x0000000008006478                . = ALIGN (0x4)
 *(.rodata)
 .rodata        0x0000000008006478       0x20 ./Core/Src/eeprom_handler.o
 .rodata        0x0000000008006498      0x18e ./Core/Src/main.o
 *fill*         0x0000000008006626        0x2 
 .rodata        0x0000000008006628       0x11 ./Core/Src/washing_procedure.o
 *(.rodata*)
 *fill*         0x0000000008006639        0x3 
 .rodata.AHBPrescTable
                0x000000000800663c       0x10 ./Core/Src/system_stm32f1xx.o
                0x000000000800663c                AHBPrescTable
 .rodata.APBPrescTable
                0x000000000800664c        0x8 ./Core/Src/system_stm32f1xx.o
                0x000000000800664c                APBPrescTable
 .rodata.aPLLMULFactorTable.1
                0x0000000008006654       0x10 ./Drivers/STM32F1xx_HAL_Driver/Src/stm32f1xx_hal_rcc.o
 .rodata.aPredivFactorTable.0
                0x0000000008006664        0x2 ./Drivers/STM32F1xx_HAL_Driver/Src/stm32f1xx_hal_rcc.o
 .rodata._svfprintf_r.str1.1
                0x0000000008006666       0x11 c:/st/stm32cubeide_1.10.1/stm32cubeide/plugins/com.st.stm32cube.ide.mcu.externaltools.gnu-tools-for-stm32.10.3-2021.10.win32_1.0.0.202111181127/tools/bin/../lib/gcc/arm-none-eabi/10.3.1/../../../../arm-none-eabi/lib/thumb/v7-m/nofp\libc_nano.a(lib_a-nano-svfprintf.o)
 .rodata._printf_i.str1.1
                0x0000000008006677       0x22 c:/st/stm32cubeide_1.10.1/stm32cubeide/plugins/com.st.stm32cube.ide.mcu.externaltools.gnu-tools-for-stm32.10.3-2021.10.win32_1.0.0.202111181127/tools/bin/../lib/gcc/arm-none-eabi/10.3.1/../../../../arm-none-eabi/lib/thumb/v7-m/nofp\libc_nano.a(lib_a-nano-vfprintf_i.o)
                0x000000000800669c                . = ALIGN (0x4)
 *fill*         0x0000000008006699        0x3 

.rel.dyn        0x000000000800669c        0x0
 .rel.iplt      0x000000000800669c        0x0 c:/st/stm32cubeide_1.10.1/stm32cubeide/plugins/com.st.stm32cube.ide.mcu.externaltools.gnu-tools-for-stm32.10.3-2021.10.win32_1.0.0.202111181127/tools/bin/../lib/gcc/arm-none-eabi/10.3.1/thumb/v7-m/nofp/crtbegin.o

.ARM.extab      0x000000000800669c        0x0
                0x000000000800669c                . = ALIGN (0x4)
 *(.ARM.extab* .gnu.linkonce.armextab.*)
                0x000000000800669c                . = ALIGN (0x4)

.ARM            0x000000000800669c        0x0
                0x000000000800669c                . = ALIGN (0x4)
                0x000000000800669c                __exidx_start = .
 *(.ARM.exidx*)
                0x000000000800669c                __exidx_end = .
                0x000000000800669c                . = ALIGN (0x4)

.preinit_array  0x000000000800669c        0x0
                0x000000000800669c                . = ALIGN (0x4)
                0x000000000800669c                PROVIDE (__preinit_array_start = .)
 *(.preinit_array*)
                0x000000000800669c                PROVIDE (__preinit_array_end = .)
                0x000000000800669c                . = ALIGN (0x4)

.init_array     0x000000000800669c        0x4
                0x000000000800669c                . = ALIGN (0x4)
                0x000000000800669c                PROVIDE (__init_array_start = .)
 *(SORT_BY_NAME(.init_array.*))
 *(.init_array*)
 .init_array    0x000000000800669c        0x4 c:/st/stm32cubeide_1.10.1/stm32cubeide/plugins/com.st.stm32cube.ide.mcu.externaltools.gnu-tools-for-stm32.10.3-2021.10.win32_1.0.0.202111181127/tools/bin/../lib/gcc/arm-none-eabi/10.3.1/thumb/v7-m/nofp/crtbegin.o
                0x00000000080066a0                PROVIDE (__init_array_end = .)
                0x00000000080066a0                . = ALIGN (0x4)

.fini_array     0x00000000080066a0        0x4
                0x00000000080066a0                . = ALIGN (0x4)
                [!provide]                        PROVIDE (__fini_array_start = .)
 *(SORT_BY_NAME(.fini_array.*))
 *(.fini_array*)
 .fini_array    0x00000000080066a0        0x4 c:/st/stm32cubeide_1.10.1/stm32cubeide/plugins/com.st.stm32cube.ide.mcu.externaltools.gnu-tools-for-stm32.10.3-2021.10.win32_1.0.0.202111181127/tools/bin/../lib/gcc/arm-none-eabi/10.3.1/thumb/v7-m/nofp/crtbegin.o
                [!provide]                        PROVIDE (__fini_array_end = .)
                0x00000000080066a4                . = ALIGN (0x4)
                0x00000000080066a4                _sidata = LOADADDR (.data)

.data           0x0000000020000000       0x8c load address 0x00000000080066a4
                0x0000000020000000                . = ALIGN (0x4)
                0x0000000020000000                _sdata = .
 *(.data)
 *(.data*)
 .data.onStart  0x0000000020000000        0x1 ./Core/Src/main.o
                0x0000000020000000                onStart
 *fill*         0x0000000020000001        0x3 
 .data.mode_names
                0x0000000020000004       0x14 ./Core/Src/main.o
                0x0000000020000004                mode_names
 .data.SystemCoreClock
                0x0000000020000018        0x4 ./Core/Src/system_stm32f1xx.o
                0x0000000020000018                SystemCoreClock
 .data.firstRun_wash.5
                0x000000002000001c        0x1 ./Core/Src/washing_procedure.o
 .data.firstRun_spin.1
                0x000000002000001d        0x1 ./Core/Src/washing_procedure.o
 *fill*         0x000000002000001e        0x2 
 .data.uwTickPrio
                0x0000000020000020        0x4 ./Drivers/STM32F1xx_HAL_Driver/Src/stm32f1xx_hal.o
                0x0000000020000020                uwTickPrio
 .data.uwTickFreq
                0x0000000020000024        0x1 ./Drivers/STM32F1xx_HAL_Driver/Src/stm32f1xx_hal.o
                0x0000000020000024                uwTickFreq
 *fill*         0x0000000020000025        0x3 
 .data._impure_ptr
                0x0000000020000028        0x4 c:/st/stm32cubeide_1.10.1/stm32cubeide/plugins/com.st.stm32cube.ide.mcu.externaltools.gnu-tools-for-stm32.10.3-2021.10.win32_1.0.0.202111181127/tools/bin/../lib/gcc/arm-none-eabi/10.3.1/../../../../arm-none-eabi/lib/thumb/v7-m/nofp\libc_nano.a(lib_a-impure.o)
                0x0000000020000028                _impure_ptr
 .data.impure_data
                0x000000002000002c       0x60 c:/st/stm32cubeide_1.10.1/stm32cubeide/plugins/com.st.stm32cube.ide.mcu.externaltools.gnu-tools-for-stm32.10.3-2021.10.win32_1.0.0.202111181127/tools/bin/../lib/gcc/arm-none-eabi/10.3.1/../../../../arm-none-eabi/lib/thumb/v7-m/nofp\libc_nano.a(lib_a-impure.o)
 *(.RamFunc)
 *(.RamFunc*)
                0x000000002000008c                . = ALIGN (0x4)
                0x000000002000008c                _edata = .

.igot.plt       0x000000002000008c        0x0 load address 0x0000000008006730
 .igot.plt      0x000000002000008c        0x0 c:/st/stm32cubeide_1.10.1/stm32cubeide/plugins/com.st.stm32cube.ide.mcu.externaltools.gnu-tools-for-stm32.10.3-2021.10.win32_1.0.0.202111181127/tools/bin/../lib/gcc/arm-none-eabi/10.3.1/thumb/v7-m/nofp/crtbegin.o
                0x000000002000008c                . = ALIGN (0x4)

.bss            0x000000002000008c      0x1f4 load address 0x0000000008006730
                0x000000002000008c                _sbss = .
                0x000000002000008c                __bss_start__ = _sbss
 *(.bss)
 .bss           0x000000002000008c       0x1c c:/st/stm32cubeide_1.10.1/stm32cubeide/plugins/com.st.stm32cube.ide.mcu.externaltools.gnu-tools-for-stm32.10.3-2021.10.win32_1.0.0.202111181127/tools/bin/../lib/gcc/arm-none-eabi/10.3.1/thumb/v7-m/nofp/crtbegin.o
 *(.bss*)
 .bss.at24_lock
                0x00000000200000a8        0x1 ./Core/Src/eeprom_handler.o
 *fill*         0x00000000200000a9        0x3 
 .bss.hadc1     0x00000000200000ac       0x30 ./Core/Src/main.o
                0x00000000200000ac                hadc1
 .bss.hi2c1     0x00000000200000dc       0x54 ./Core/Src/main.o
                0x00000000200000dc                hi2c1
 .bss.hi2c2     0x0000000020000130       0x54 ./Core/Src/main.o
                0x0000000020000130                hi2c2
 .bss.htim2     0x0000000020000184       0x48 ./Core/Src/main.o
                0x0000000020000184                htim2
 .bss.htim4     0x00000000200001cc       0x48 ./Core/Src/main.o
                0x00000000200001cc                htim4
 .bss.continue_backup_run
                0x0000000020000214        0x1 ./Core/Src/main.o
                0x0000000020000214                continue_backup_run
 .bss.procedure_run_flag
                0x0000000020000215        0x1 ./Core/Src/main.o
                0x0000000020000215                procedure_run_flag
 .bss.relayOn   0x0000000020000216        0x1 ./Core/Src/main.o
                0x0000000020000216                relayOn
 .bss.motorRun  0x0000000020000217        0x1 ./Core/Src/main.o
                0x0000000020000217                motorRun
 .bss.ZC        0x0000000020000218        0x1 ./Core/Src/main.o
                0x0000000020000218                ZC
 *fill*         0x0000000020000219        0x3 
 .bss.freq_count
                0x000000002000021c        0x4 ./Core/Src/main.o
                0x000000002000021c                freq_count
 .bss.water_level
                0x0000000020000220        0x1 ./Core/Src/main.o
                0x0000000020000220                water_level
 *fill*         0x0000000020000221        0x1 
 .bss.alpha     0x0000000020000222        0x2 ./Core/Src/main.o
                0x0000000020000222                alpha
 .bss.mode_select
                0x0000000020000224        0x3 ./Core/Src/main.o
                0x0000000020000224                mode_select
 *fill*         0x0000000020000227        0x1 
 .bss.backupData_eeprom
                0x0000000020000228        0x5 ./Core/Src/main.o
                0x0000000020000228                backupData_eeprom
 .bss.flag      0x000000002000022d        0x1 ./Core/Src/main.o
                0x000000002000022d                flag
 *fill*         0x000000002000022e        0x2 
 .bss.previous_mode.1
                0x0000000020000230        0xc ./Core/Src/main.o
 .bss.previous_tick.0
                0x000000002000023c        0x4 ./Core/Src/main.o
 .bss.__sbrk_heap_end
                0x0000000020000240        0x4 ./Core/Src/sysmem.o
 .bss.m_mode_select
                0x0000000020000244        0x3 ./Core/Src/washing_procedure.o
                0x0000000020000244                m_mode_select
 .bss.m_current_water_level
                0x0000000020000247        0x1 ./Core/Src/washing_procedure.o
                0x0000000020000247                m_current_water_level
 .bss.m_wash_interval
                0x0000000020000248        0x4 ./Core/Src/washing_procedure.o
                0x0000000020000248                m_wash_interval
 .bss.m_rinse_and_drain_times
                0x000000002000024c        0x1 ./Core/Src/washing_procedure.o
                0x000000002000024c                m_rinse_and_drain_times
 .bss.wash_done
                0x000000002000024d        0x1 ./Core/Src/washing_procedure.o
                0x000000002000024d                wash_done
 *fill*         0x000000002000024e        0x2 
 .bss.elapsed_time_per_mode
                0x0000000020000250        0x4 ./Core/Src/washing_procedure.o
                0x0000000020000250                elapsed_time_per_mode
 .bss.rinsed_time
                0x0000000020000254        0x1 ./Core/Src/washing_procedure.o
                0x0000000020000254                rinsed_time
 .bss.current_step
                0x0000000020000255        0x1 ./Core/Src/washing_procedure.o
                0x0000000020000255                current_step
 *fill*         0x0000000020000256        0x2 
 .bss.runningFunc
                0x0000000020000258        0x4 ./Core/Src/washing_procedure.o
                0x0000000020000258                runningFunc
 .bss.time_wash.6
                0x000000002000025c        0x4 ./Core/Src/washing_procedure.o
 .bss.change_direction_time.4
                0x0000000020000260        0x4 ./Core/Src/washing_procedure.o
 .bss.motor_dir.3
                0x0000000020000264        0x1 ./Core/Src/washing_procedure.o
 .bss.rinse_times.2
                0x0000000020000265        0x1 ./Core/Src/washing_procedure.o
 *fill*         0x0000000020000266        0x2 
 .bss.time_spin.0
                0x0000000020000268        0x4 ./Core/Src/washing_procedure.o
 .bss.uwTick    0x000000002000026c        0x4 ./Drivers/STM32F1xx_HAL_Driver/Src/stm32f1xx_hal.o
                0x000000002000026c                uwTick
 .bss.__malloc_free_list
                0x0000000020000270        0x4 c:/st/stm32cubeide_1.10.1/stm32cubeide/plugins/com.st.stm32cube.ide.mcu.externaltools.gnu-tools-for-stm32.10.3-2021.10.win32_1.0.0.202111181127/tools/bin/../lib/gcc/arm-none-eabi/10.3.1/../../../../arm-none-eabi/lib/thumb/v7-m/nofp\libc_nano.a(lib_a-nano-mallocr.o)
                0x0000000020000270                __malloc_free_list
 .bss.__malloc_sbrk_start
                0x0000000020000274        0x4 c:/st/stm32cubeide_1.10.1/stm32cubeide/plugins/com.st.stm32cube.ide.mcu.externaltools.gnu-tools-for-stm32.10.3-2021.10.win32_1.0.0.202111181127/tools/bin/../lib/gcc/arm-none-eabi/10.3.1/../../../../arm-none-eabi/lib/thumb/v7-m/nofp\libc_nano.a(lib_a-nano-mallocr.o)
                0x0000000020000274                __malloc_sbrk_start
 .bss.errno     0x0000000020000278        0x4 c:/st/stm32cubeide_1.10.1/stm32cubeide/plugins/com.st.stm32cube.ide.mcu.externaltools.gnu-tools-for-stm32.10.3-2021.10.win32_1.0.0.202111181127/tools/bin/../lib/gcc/arm-none-eabi/10.3.1/../../../../arm-none-eabi/lib/thumb/v7-m/nofp\libc_nano.a(lib_a-reent.o)
                0x0000000020000278                errno
 .bss.__lock___malloc_recursive_mutex
                0x000000002000027c        0x1 c:/st/stm32cubeide_1.10.1/stm32cubeide/plugins/com.st.stm32cube.ide.mcu.externaltools.gnu-tools-for-stm32.10.3-2021.10.win32_1.0.0.202111181127/tools/bin/../lib/gcc/arm-none-eabi/10.3.1/../../../../arm-none-eabi/lib/thumb/v7-m/nofp\libc_nano.a(lib_a-lock.o)
                0x000000002000027c                __lock___malloc_recursive_mutex
 *(COMMON)
                0x0000000020000280                . = ALIGN (0x4)
 *fill*         0x000000002000027d        0x3 
                0x0000000020000280                _ebss = .
                0x0000000020000280                __bss_end__ = _ebss

._user_heap_stack
                0x0000000020000280      0x600 load address 0x0000000008006730
                0x0000000020000280                . = ALIGN (0x8)
                [!provide]                        PROVIDE (end = .)
                0x0000000020000280                PROVIDE (_end = .)
                0x0000000020000480                . = (. + _Min_Heap_Size)
 *fill*         0x0000000020000280      0x200 
                0x0000000020000880                . = (. + _Min_Stack_Size)
 *fill*         0x0000000020000480      0x400 
                0x0000000020000880                . = ALIGN (0x8)

/DISCARD/
 libc.a(*)
 libm.a(*)
 libgcc.a(*)

.ARM.attributes
                0x0000000000000000       0x29
 *(.ARM.attributes)
 .ARM.attributes
                0x0000000000000000       0x1d c:/st/stm32cubeide_1.10.1/stm32cubeide/plugins/com.st.stm32cube.ide.mcu.externaltools.gnu-tools-for-stm32.10.3-2021.10.win32_1.0.0.202111181127/tools/bin/../lib/gcc/arm-none-eabi/10.3.1/thumb/v7-m/nofp/crti.o
 .ARM.attributes
                0x000000000000001d       0x2d c:/st/stm32cubeide_1.10.1/stm32cubeide/plugins/com.st.stm32cube.ide.mcu.externaltools.gnu-tools-for-stm32.10.3-2021.10.win32_1.0.0.202111181127/tools/bin/../lib/gcc/arm-none-eabi/10.3.1/thumb/v7-m/nofp/crtbegin.o
 .ARM.attributes
                0x000000000000004a       0x2d ./Core/Src/eeprom_handler.o
 .ARM.attributes
                0x0000000000000077       0x2d ./Core/Src/i2c_lcd.o
 .ARM.attributes
                0x00000000000000a4       0x2d ./Core/Src/main.o
 .ARM.attributes
                0x00000000000000d1       0x2d ./Core/Src/stm32f1xx_hal_msp.o
 .ARM.attributes
                0x00000000000000fe       0x2d ./Core/Src/stm32f1xx_it.o
 .ARM.attributes
                0x000000000000012b       0x2d ./Core/Src/sysmem.o
 .ARM.attributes
                0x0000000000000158       0x2d ./Core/Src/system_stm32f1xx.o
 .ARM.attributes
                0x0000000000000185       0x2d ./Core/Src/washing_procedure.o
 .ARM.attributes
                0x00000000000001b2       0x21 ./Core/Startup/startup_stm32f103c8tx.o
 .ARM.attributes
                0x00000000000001d3       0x2d ./Drivers/STM32F1xx_HAL_Driver/Src/stm32f1xx_hal.o
 .ARM.attributes
                0x0000000000000200       0x2d ./Drivers/STM32F1xx_HAL_Driver/Src/stm32f1xx_hal_adc.o
 .ARM.attributes
                0x000000000000022d       0x2d ./Drivers/STM32F1xx_HAL_Driver/Src/stm32f1xx_hal_cortex.o
 .ARM.attributes
                0x000000000000025a       0x2d ./Drivers/STM32F1xx_HAL_Driver/Src/stm32f1xx_hal_gpio.o
 .ARM.attributes
                0x0000000000000287       0x2d ./Drivers/STM32F1xx_HAL_Driver/Src/stm32f1xx_hal_i2c.o
 .ARM.attributes
                0x00000000000002b4       0x2d ./Drivers/STM32F1xx_HAL_Driver/Src/stm32f1xx_hal_rcc.o
 .ARM.attributes
                0x00000000000002e1       0x2d ./Drivers/STM32F1xx_HAL_Driver/Src/stm32f1xx_hal_rcc_ex.o
 .ARM.attributes
                0x000000000000030e       0x2d ./Drivers/STM32F1xx_HAL_Driver/Src/stm32f1xx_hal_tim.o
 .ARM.attributes
                0x000000000000033b       0x2d ./Drivers/STM32F1xx_HAL_Driver/Src/stm32f1xx_hal_tim_ex.o
 .ARM.attributes
                0x0000000000000368       0x2d c:/st/stm32cubeide_1.10.1/stm32cubeide/plugins/com.st.stm32cube.ide.mcu.externaltools.gnu-tools-for-stm32.10.3-2021.10.win32_1.0.0.202111181127/tools/bin/../lib/gcc/arm-none-eabi/10.3.1/../../../../arm-none-eabi/lib/thumb/v7-m/nofp\libc_nano.a(lib_a-errno.o)
 .ARM.attributes
                0x0000000000000395       0x2d c:/st/stm32cubeide_1.10.1/stm32cubeide/plugins/com.st.stm32cube.ide.mcu.externaltools.gnu-tools-for-stm32.10.3-2021.10.win32_1.0.0.202111181127/tools/bin/../lib/gcc/arm-none-eabi/10.3.1/../../../../arm-none-eabi/lib/thumb/v7-m/nofp\libc_nano.a(lib_a-impure.o)
 .ARM.attributes
                0x00000000000003c2       0x2d c:/st/stm32cubeide_1.10.1/stm32cubeide/plugins/com.st.stm32cube.ide.mcu.externaltools.gnu-tools-for-stm32.10.3-2021.10.win32_1.0.0.202111181127/tools/bin/../lib/gcc/arm-none-eabi/10.3.1/../../../../arm-none-eabi/lib/thumb/v7-m/nofp\libc_nano.a(lib_a-init.o)
 .ARM.attributes
                0x00000000000003ef       0x2d c:/st/stm32cubeide_1.10.1/stm32cubeide/plugins/com.st.stm32cube.ide.mcu.externaltools.gnu-tools-for-stm32.10.3-2021.10.win32_1.0.0.202111181127/tools/bin/../lib/gcc/arm-none-eabi/10.3.1/../../../../arm-none-eabi/lib/thumb/v7-m/nofp\libc_nano.a(lib_a-memset.o)
 .ARM.attributes
                0x000000000000041c       0x2d c:/st/stm32cubeide_1.10.1/stm32cubeide/plugins/com.st.stm32cube.ide.mcu.externaltools.gnu-tools-for-stm32.10.3-2021.10.win32_1.0.0.202111181127/tools/bin/../lib/gcc/arm-none-eabi/10.3.1/../../../../arm-none-eabi/lib/thumb/v7-m/nofp\libc_nano.a(lib_a-sprintf.o)
 .ARM.attributes
                0x0000000000000449       0x2d c:/st/stm32cubeide_1.10.1/stm32cubeide/plugins/com.st.stm32cube.ide.mcu.externaltools.gnu-tools-for-stm32.10.3-2021.10.win32_1.0.0.202111181127/tools/bin/../lib/gcc/arm-none-eabi/10.3.1/../../../../arm-none-eabi/lib/thumb/v7-m/nofp\libc_nano.a(lib_a-nano-svfprintf.o)
 .ARM.attributes
                0x0000000000000476       0x2d c:/st/stm32cubeide_1.10.1/stm32cubeide/plugins/com.st.stm32cube.ide.mcu.externaltools.gnu-tools-for-stm32.10.3-2021.10.win32_1.0.0.202111181127/tools/bin/../lib/gcc/arm-none-eabi/10.3.1/../../../../arm-none-eabi/lib/thumb/v7-m/nofp\libc_nano.a(lib_a-nano-vfprintf_i.o)
 .ARM.attributes
                0x00000000000004a3       0x2d c:/st/stm32cubeide_1.10.1/stm32cubeide/plugins/com.st.stm32cube.ide.mcu.externaltools.gnu-tools-for-stm32.10.3-2021.10.win32_1.0.0.202111181127/tools/bin/../lib/gcc/arm-none-eabi/10.3.1/../../../../arm-none-eabi/lib/thumb/v7-m/nofp\libc_nano.a(lib_a-memchr-stub.o)
 .ARM.attributes
                0x00000000000004d0       0x2d c:/st/stm32cubeide_1.10.1/stm32cubeide/plugins/com.st.stm32cube.ide.mcu.externaltools.gnu-tools-for-stm32.10.3-2021.10.win32_1.0.0.202111181127/tools/bin/../lib/gcc/arm-none-eabi/10.3.1/../../../../arm-none-eabi/lib/thumb/v7-m/nofp\libc_nano.a(lib_a-memcpy-stub.o)
 .ARM.attributes
                0x00000000000004fd       0x2d c:/st/stm32cubeide_1.10.1/stm32cubeide/plugins/com.st.stm32cube.ide.mcu.externaltools.gnu-tools-for-stm32.10.3-2021.10.win32_1.0.0.202111181127/tools/bin/../lib/gcc/arm-none-eabi/10.3.1/../../../../arm-none-eabi/lib/thumb/v7-m/nofp\libc_nano.a(lib_a-memmove.o)
 .ARM.attributes
                0x000000000000052a       0x2d c:/st/stm32cubeide_1.10.1/stm32cubeide/plugins/com.st.stm32cube.ide.mcu.externaltools.gnu-tools-for-stm32.10.3-2021.10.win32_1.0.0.202111181127/tools/bin/../lib/gcc/arm-none-eabi/10.3.1/../../../../arm-none-eabi/lib/thumb/v7-m/nofp\libc_nano.a(lib_a-nano-freer.o)
 .ARM.attributes
                0x0000000000000557       0x2d c:/st/stm32cubeide_1.10.1/stm32cubeide/plugins/com.st.stm32cube.ide.mcu.externaltools.gnu-tools-for-stm32.10.3-2021.10.win32_1.0.0.202111181127/tools/bin/../lib/gcc/arm-none-eabi/10.3.1/../../../../arm-none-eabi/lib/thumb/v7-m/nofp\libc_nano.a(lib_a-nano-mallocr.o)
 .ARM.attributes
                0x0000000000000584       0x2d c:/st/stm32cubeide_1.10.1/stm32cubeide/plugins/com.st.stm32cube.ide.mcu.externaltools.gnu-tools-for-stm32.10.3-2021.10.win32_1.0.0.202111181127/tools/bin/../lib/gcc/arm-none-eabi/10.3.1/../../../../arm-none-eabi/lib/thumb/v7-m/nofp\libc_nano.a(lib_a-nano-reallocr.o)
 .ARM.attributes
                0x00000000000005b1       0x2d c:/st/stm32cubeide_1.10.1/stm32cubeide/plugins/com.st.stm32cube.ide.mcu.externaltools.gnu-tools-for-stm32.10.3-2021.10.win32_1.0.0.202111181127/tools/bin/../lib/gcc/arm-none-eabi/10.3.1/../../../../arm-none-eabi/lib/thumb/v7-m/nofp\libc_nano.a(lib_a-sbrkr.o)
 .ARM.attributes
                0x00000000000005de       0x2d c:/st/stm32cubeide_1.10.1/stm32cubeide/plugins/com.st.stm32cube.ide.mcu.externaltools.gnu-tools-for-stm32.10.3-2021.10.win32_1.0.0.202111181127/tools/bin/../lib/gcc/arm-none-eabi/10.3.1/../../../../arm-none-eabi/lib/thumb/v7-m/nofp\libc_nano.a(lib_a-mlock.o)
 .ARM.attributes
                0x000000000000060b       0x2d c:/st/stm32cubeide_1.10.1/stm32cubeide/plugins/com.st.stm32cube.ide.mcu.externaltools.gnu-tools-for-stm32.10.3-2021.10.win32_1.0.0.202111181127/tools/bin/../lib/gcc/arm-none-eabi/10.3.1/../../../../arm-none-eabi/lib/thumb/v7-m/nofp\libc_nano.a(lib_a-nano-msizer.o)
 .ARM.attributes
                0x0000000000000638       0x2d c:/st/stm32cubeide_1.10.1/stm32cubeide/plugins/com.st.stm32cube.ide.mcu.externaltools.gnu-tools-for-stm32.10.3-2021.10.win32_1.0.0.202111181127/tools/bin/../lib/gcc/arm-none-eabi/10.3.1/../../../../arm-none-eabi/lib/thumb/v7-m/nofp\libc_nano.a(lib_a-reent.o)
 .ARM.attributes
                0x0000000000000665       0x2d c:/st/stm32cubeide_1.10.1/stm32cubeide/plugins/com.st.stm32cube.ide.mcu.externaltools.gnu-tools-for-stm32.10.3-2021.10.win32_1.0.0.202111181127/tools/bin/../lib/gcc/arm-none-eabi/10.3.1/../../../../arm-none-eabi/lib/thumb/v7-m/nofp\libc_nano.a(lib_a-lock.o)
 .ARM.attributes
                0x0000000000000692       0x1d c:/st/stm32cubeide_1.10.1/stm32cubeide/plugins/com.st.stm32cube.ide.mcu.externaltools.gnu-tools-for-stm32.10.3-2021.10.win32_1.0.0.202111181127/tools/bin/../lib/gcc/arm-none-eabi/10.3.1/thumb/v7-m/nofp\libgcc.a(_arm_addsubdf3.o)
 .ARM.attributes
                0x00000000000006af       0x1d c:/st/stm32cubeide_1.10.1/stm32cubeide/plugins/com.st.stm32cube.ide.mcu.externaltools.gnu-tools-for-stm32.10.3-2021.10.win32_1.0.0.202111181127/tools/bin/../lib/gcc/arm-none-eabi/10.3.1/thumb/v7-m/nofp\libgcc.a(_arm_muldivdf3.o)
 .ARM.attributes
                0x00000000000006cc       0x1d c:/st/stm32cubeide_1.10.1/stm32cubeide/plugins/com.st.stm32cube.ide.mcu.externaltools.gnu-tools-for-stm32.10.3-2021.10.win32_1.0.0.202111181127/tools/bin/../lib/gcc/arm-none-eabi/10.3.1/thumb/v7-m/nofp\libgcc.a(_arm_fixdfsi.o)
 .ARM.attributes
                0x00000000000006e9       0x1d c:/st/stm32cubeide_1.10.1/stm32cubeide/plugins/com.st.stm32cube.ide.mcu.externaltools.gnu-tools-for-stm32.10.3-2021.10.win32_1.0.0.202111181127/tools/bin/../lib/gcc/arm-none-eabi/10.3.1/thumb/v7-m/nofp\libgcc.a(_arm_fixunsdfsi.o)
 .ARM.attributes
                0x0000000000000706       0x1d c:/st/stm32cubeide_1.10.1/stm32cubeide/plugins/com.st.stm32cube.ide.mcu.externaltools.gnu-tools-for-stm32.10.3-2021.10.win32_1.0.0.202111181127/tools/bin/../lib/gcc/arm-none-eabi/10.3.1/thumb/v7-m/nofp/crtn.o
OUTPUT(MrCongWashingMachine.elf elf32-littlearm)
LOAD linker stubs
LOAD c:/st/stm32cubeide_1.10.1/stm32cubeide/plugins/com.st.stm32cube.ide.mcu.externaltools.gnu-tools-for-stm32.10.3-2021.10.win32_1.0.0.202111181127/tools/bin/../lib/gcc/arm-none-eabi/10.3.1/../../../../arm-none-eabi/lib/thumb/v7-m/nofp\libc.a
LOAD c:/st/stm32cubeide_1.10.1/stm32cubeide/plugins/com.st.stm32cube.ide.mcu.externaltools.gnu-tools-for-stm32.10.3-2021.10.win32_1.0.0.202111181127/tools/bin/../lib/gcc/arm-none-eabi/10.3.1/../../../../arm-none-eabi/lib/thumb/v7-m/nofp\libm.a
LOAD c:/st/stm32cubeide_1.10.1/stm32cubeide/plugins/com.st.stm32cube.ide.mcu.externaltools.gnu-tools-for-stm32.10.3-2021.10.win32_1.0.0.202111181127/tools/bin/../lib/gcc/arm-none-eabi/10.3.1/thumb/v7-m/nofp\libgcc.a

.debug_info     0x0000000000000000     0xe667
 .debug_info    0x0000000000000000      0x869 ./Core/Src/eeprom_handler.o
 .debug_info    0x0000000000000869      0x7fd ./Core/Src/i2c_lcd.o
 .debug_info    0x0000000000001066     0x195a ./Core/Src/main.o
 .debug_info    0x00000000000029c0     0x1181 ./Core/Src/stm32f1xx_hal_msp.o
 .debug_info    0x0000000000003b41      0x889 ./Core/Src/stm32f1xx_it.o
 .debug_info    0x00000000000043ca      0x171 ./Core/Src/sysmem.o
 .debug_info    0x000000000000453b      0x23d ./Core/Src/system_stm32f1xx.o
 .debug_info    0x0000000000004778      0x418 ./Core/Src/washing_procedure.o
 .debug_info    0x0000000000004b90       0x22 ./Core/Startup/startup_stm32f103c8tx.o
 .debug_info    0x0000000000004bb2      0x734 ./Drivers/STM32F1xx_HAL_Driver/Src/stm32f1xx_hal.o
 .debug_info    0x00000000000052e6      0xcfe ./Drivers/STM32F1xx_HAL_Driver/Src/stm32f1xx_hal_adc.o
 .debug_info    0x0000000000005fe4      0xb20 ./Drivers/STM32F1xx_HAL_Driver/Src/stm32f1xx_hal_cortex.o
 .debug_info    0x0000000000006b04      0x615 ./Drivers/STM32F1xx_HAL_Driver/Src/stm32f1xx_hal_gpio.o
 .debug_info    0x0000000000007119     0x2771 ./Drivers/STM32F1xx_HAL_Driver/Src/stm32f1xx_hal_i2c.o
 .debug_info    0x000000000000988a      0x865 ./Drivers/STM32F1xx_HAL_Driver/Src/stm32f1xx_hal_rcc.o
 .debug_info    0x000000000000a0ef      0x3e6 ./Drivers/STM32F1xx_HAL_Driver/Src/stm32f1xx_hal_rcc_ex.o
 .debug_info    0x000000000000a4d5     0x2bcb ./Drivers/STM32F1xx_HAL_Driver/Src/stm32f1xx_hal_tim.o
 .debug_info    0x000000000000d0a0     0x15c7 ./Drivers/STM32F1xx_HAL_Driver/Src/stm32f1xx_hal_tim_ex.o

.debug_abbrev   0x0000000000000000     0x22f4
 .debug_abbrev  0x0000000000000000      0x1e4 ./Core/Src/eeprom_handler.o
 .debug_abbrev  0x00000000000001e4      0x201 ./Core/Src/i2c_lcd.o
 .debug_abbrev  0x00000000000003e5      0x334 ./Core/Src/main.o
 .debug_abbrev  0x0000000000000719      0x203 ./Core/Src/stm32f1xx_hal_msp.o
 .debug_abbrev  0x000000000000091c      0x1d3 ./Core/Src/stm32f1xx_it.o
 .debug_abbrev  0x0000000000000aef       0xbb ./Core/Src/sysmem.o
 .debug_abbrev  0x0000000000000baa      0x13b ./Core/Src/system_stm32f1xx.o
 .debug_abbrev  0x0000000000000ce5      0x1c8 ./Core/Src/washing_procedure.o
 .debug_abbrev  0x0000000000000ead       0x12 ./Core/Startup/startup_stm32f103c8tx.o
 .debug_abbrev  0x0000000000000ebf      0x1fb ./Drivers/STM32F1xx_HAL_Driver/Src/stm32f1xx_hal.o
 .debug_abbrev  0x00000000000010ba      0x210 ./Drivers/STM32F1xx_HAL_Driver/Src/stm32f1xx_hal_adc.o
 .debug_abbrev  0x00000000000012ca      0x2ed ./Drivers/STM32F1xx_HAL_Driver/Src/stm32f1xx_hal_cortex.o
 .debug_abbrev  0x00000000000015b7      0x1bb ./Drivers/STM32F1xx_HAL_Driver/Src/stm32f1xx_hal_gpio.o
 .debug_abbrev  0x0000000000001772      0x288 ./Drivers/STM32F1xx_HAL_Driver/Src/stm32f1xx_hal_i2c.o
 .debug_abbrev  0x00000000000019fa      0x2a8 ./Drivers/STM32F1xx_HAL_Driver/Src/stm32f1xx_hal_rcc.o
 .debug_abbrev  0x0000000000001ca2      0x182 ./Drivers/STM32F1xx_HAL_Driver/Src/stm32f1xx_hal_rcc_ex.o
 .debug_abbrev  0x0000000000001e24      0x264 ./Drivers/STM32F1xx_HAL_Driver/Src/stm32f1xx_hal_tim.o
 .debug_abbrev  0x0000000000002088      0x26c ./Drivers/STM32F1xx_HAL_Driver/Src/stm32f1xx_hal_tim_ex.o

.debug_aranges  0x0000000000000000      0xe70
 .debug_aranges
                0x0000000000000000       0x40 ./Core/Src/eeprom_handler.o
 .debug_aranges
                0x0000000000000040       0x50 ./Core/Src/i2c_lcd.o
 .debug_aranges
                0x0000000000000090       0x80 ./Core/Src/main.o
 .debug_aranges
                0x0000000000000110       0x58 ./Core/Src/stm32f1xx_hal_msp.o
 .debug_aranges
                0x0000000000000168       0x80 ./Core/Src/stm32f1xx_it.o
 .debug_aranges
                0x00000000000001e8       0x20 ./Core/Src/sysmem.o
 .debug_aranges
                0x0000000000000208       0x28 ./Core/Src/system_stm32f1xx.o
 .debug_aranges
                0x0000000000000230       0x50 ./Core/Src/washing_procedure.o
 .debug_aranges
                0x0000000000000280       0x28 ./Core/Startup/startup_stm32f103c8tx.o
 .debug_aranges
                0x00000000000002a8       0xe0 ./Drivers/STM32F1xx_HAL_Driver/Src/stm32f1xx_hal.o
 .debug_aranges
                0x0000000000000388       0xf0 ./Drivers/STM32F1xx_HAL_Driver/Src/stm32f1xx_hal_adc.o
 .debug_aranges
                0x0000000000000478      0x100 ./Drivers/STM32F1xx_HAL_Driver/Src/stm32f1xx_hal_cortex.o
 .debug_aranges
                0x0000000000000578       0x58 ./Drivers/STM32F1xx_HAL_Driver/Src/stm32f1xx_hal_gpio.o
 .debug_aranges
                0x00000000000005d0      0x2a8 ./Drivers/STM32F1xx_HAL_Driver/Src/stm32f1xx_hal_i2c.o
 .debug_aranges
                0x0000000000000878       0x90 ./Drivers/STM32F1xx_HAL_Driver/Src/stm32f1xx_hal_rcc.o
 .debug_aranges
                0x0000000000000908       0x30 ./Drivers/STM32F1xx_HAL_Driver/Src/stm32f1xx_hal_rcc_ex.o
 .debug_aranges
                0x0000000000000938      0x3d0 ./Drivers/STM32F1xx_HAL_Driver/Src/stm32f1xx_hal_tim.o
 .debug_aranges
                0x0000000000000d08      0x168 ./Drivers/STM32F1xx_HAL_Driver/Src/stm32f1xx_hal_tim_ex.o

.debug_ranges   0x0000000000000000      0xd70
 .debug_ranges  0x0000000000000000       0x30 ./Core/Src/eeprom_handler.o
 .debug_ranges  0x0000000000000030       0x40 ./Core/Src/i2c_lcd.o
 .debug_ranges  0x0000000000000070       0x70 ./Core/Src/main.o
 .debug_ranges  0x00000000000000e0       0x48 ./Core/Src/stm32f1xx_hal_msp.o
 .debug_ranges  0x0000000000000128       0x70 ./Core/Src/stm32f1xx_it.o
 .debug_ranges  0x0000000000000198       0x10 ./Core/Src/sysmem.o
 .debug_ranges  0x00000000000001a8       0x18 ./Core/Src/system_stm32f1xx.o
 .debug_ranges  0x00000000000001c0       0x40 ./Core/Src/washing_procedure.o
 .debug_ranges  0x0000000000000200       0x20 ./Core/Startup/startup_stm32f103c8tx.o
 .debug_ranges  0x0000000000000220       0xd0 ./Drivers/STM32F1xx_HAL_Driver/Src/stm32f1xx_hal.o
 .debug_ranges  0x00000000000002f0       0xe0 ./Drivers/STM32F1xx_HAL_Driver/Src/stm32f1xx_hal_adc.o
 .debug_ranges  0x00000000000003d0       0xf0 ./Drivers/STM32F1xx_HAL_Driver/Src/stm32f1xx_hal_cortex.o
 .debug_ranges  0x00000000000004c0       0x48 ./Drivers/STM32F1xx_HAL_Driver/Src/stm32f1xx_hal_gpio.o
 .debug_ranges  0x0000000000000508      0x2b0 ./Drivers/STM32F1xx_HAL_Driver/Src/stm32f1xx_hal_i2c.o
 .debug_ranges  0x00000000000007b8       0x80 ./Drivers/STM32F1xx_HAL_Driver/Src/stm32f1xx_hal_rcc.o
 .debug_ranges  0x0000000000000838       0x20 ./Drivers/STM32F1xx_HAL_Driver/Src/stm32f1xx_hal_rcc_ex.o
 .debug_ranges  0x0000000000000858      0x3c0 ./Drivers/STM32F1xx_HAL_Driver/Src/stm32f1xx_hal_tim.o
 .debug_ranges  0x0000000000000c18      0x158 ./Drivers/STM32F1xx_HAL_Driver/Src/stm32f1xx_hal_tim_ex.o

.debug_macro    0x0000000000000000    0x18c4b
 .debug_macro   0x0000000000000000      0x1df ./Core/Src/eeprom_handler.o
 .debug_macro   0x00000000000001df      0xa6c ./Core/Src/eeprom_handler.o
 .debug_macro   0x0000000000000c4b      0x221 ./Core/Src/eeprom_handler.o
 .debug_macro   0x0000000000000e6c       0x2e ./Core/Src/eeprom_handler.o
 .debug_macro   0x0000000000000e9a       0x22 ./Core/Src/eeprom_handler.o
 .debug_macro   0x0000000000000ebc       0x22 ./Core/Src/eeprom_handler.o
 .debug_macro   0x0000000000000ede       0x8e ./Core/Src/eeprom_handler.o
 .debug_macro   0x0000000000000f6c       0x51 ./Core/Src/eeprom_handler.o
 .debug_macro   0x0000000000000fbd      0x103 ./Core/Src/eeprom_handler.o
 .debug_macro   0x00000000000010c0       0x6a ./Core/Src/eeprom_handler.o
 .debug_macro   0x000000000000112a      0x1df ./Core/Src/eeprom_handler.o
 .debug_macro   0x0000000000001309       0x1c ./Core/Src/eeprom_handler.o
 .debug_macro   0x0000000000001325       0x22 ./Core/Src/eeprom_handler.o
 .debug_macro   0x0000000000001347       0xbd ./Core/Src/eeprom_handler.o
 .debug_macro   0x0000000000001404      0xd23 ./Core/Src/eeprom_handler.o
 .debug_macro   0x0000000000002127     0xe09e ./Core/Src/eeprom_handler.o
 .debug_macro   0x00000000000101c5       0x6d ./Core/Src/eeprom_handler.o
 .debug_macro   0x0000000000010232     0x34a2 ./Core/Src/eeprom_handler.o
 .debug_macro   0x00000000000136d4      0x174 ./Core/Src/eeprom_handler.o
 .debug_macro   0x0000000000013848       0x5c ./Core/Src/eeprom_handler.o
 .debug_macro   0x00000000000138a4      0x5bc ./Core/Src/eeprom_handler.o
 .debug_macro   0x0000000000013e60      0x289 ./Core/Src/eeprom_handler.o
 .debug_macro   0x00000000000140e9      0x1cb ./Core/Src/eeprom_handler.o
 .debug_macro   0x00000000000142b4      0x114 ./Core/Src/eeprom_handler.o
 .debug_macro   0x00000000000143c8      0x1b2 ./Core/Src/eeprom_handler.o
 .debug_macro   0x000000000001457a       0x27 ./Core/Src/eeprom_handler.o
 .debug_macro   0x00000000000145a1      0x136 ./Core/Src/eeprom_handler.o
 .debug_macro   0x00000000000146d7      0x1bc ./Core/Src/eeprom_handler.o
 .debug_macro   0x0000000000014893       0x34 ./Core/Src/eeprom_handler.o
 .debug_macro   0x00000000000148c7       0x3c ./Core/Src/eeprom_handler.o
 .debug_macro   0x0000000000014903       0x57 ./Core/Src/eeprom_handler.o
 .debug_macro   0x000000000001495a      0x46a ./Core/Src/eeprom_handler.o
 .debug_macro   0x0000000000014dc4      0x1b5 ./Core/Src/eeprom_handler.o
 .debug_macro   0x0000000000014f79       0x87 ./Core/Src/eeprom_handler.o
 .debug_macro   0x0000000000015000      0x240 ./Core/Src/eeprom_handler.o
 .debug_macro   0x0000000000015240      0x287 ./Core/Src/eeprom_handler.o
 .debug_macro   0x00000000000154c7      0x140 ./Core/Src/eeprom_handler.o
 .debug_macro   0x0000000000015607      0x8ed ./Core/Src/eeprom_handler.o
 .debug_macro   0x0000000000015ef4       0x83 ./Core/Src/eeprom_handler.o
 .debug_macro   0x0000000000015f77       0x16 ./Core/Src/eeprom_handler.o
 .debug_macro   0x0000000000015f8d       0x22 ./Core/Src/eeprom_handler.o
 .debug_macro   0x0000000000015faf      0x326 ./Core/Src/i2c_lcd.o
 .debug_macro   0x00000000000162d5       0x52 ./Core/Src/i2c_lcd.o
 .debug_macro   0x0000000000016327       0x18 ./Core/Src/i2c_lcd.o
 .debug_macro   0x000000000001633f       0x3c ./Core/Src/i2c_lcd.o
 .debug_macro   0x000000000001637b       0x34 ./Core/Src/i2c_lcd.o
 .debug_macro   0x00000000000163af       0x16 ./Core/Src/i2c_lcd.o
 .debug_macro   0x00000000000163c5       0x35 ./Core/Src/i2c_lcd.o
 .debug_macro   0x00000000000163fa      0x341 ./Core/Src/i2c_lcd.o
 .debug_macro   0x000000000001673b       0x10 ./Core/Src/i2c_lcd.o
 .debug_macro   0x000000000001674b       0x16 ./Core/Src/i2c_lcd.o
 .debug_macro   0x0000000000016761       0x43 ./Core/Src/i2c_lcd.o
 .debug_macro   0x00000000000167a4       0x34 ./Core/Src/i2c_lcd.o
 .debug_macro   0x00000000000167d8       0x10 ./Core/Src/i2c_lcd.o
 .debug_macro   0x00000000000167e8       0x58 ./Core/Src/i2c_lcd.o
 .debug_macro   0x0000000000016840       0x71 ./Core/Src/i2c_lcd.o
 .debug_macro   0x00000000000168b1       0x1c ./Core/Src/i2c_lcd.o
 .debug_macro   0x00000000000168cd      0x12a ./Core/Src/i2c_lcd.o
 .debug_macro   0x00000000000169f7       0x10 ./Core/Src/i2c_lcd.o
 .debug_macro   0x0000000000016a07       0x1c ./Core/Src/i2c_lcd.o
 .debug_macro   0x0000000000016a23       0x52 ./Core/Src/i2c_lcd.o
 .debug_macro   0x0000000000016a75       0x22 ./Core/Src/i2c_lcd.o
 .debug_macro   0x0000000000016a97       0x10 ./Core/Src/i2c_lcd.o
 .debug_macro   0x0000000000016aa7       0x52 ./Core/Src/i2c_lcd.o
 .debug_macro   0x0000000000016af9       0xd5 ./Core/Src/i2c_lcd.o
 .debug_macro   0x0000000000016bce       0x1c ./Core/Src/i2c_lcd.o
 .debug_macro   0x0000000000016bea       0x3d ./Core/Src/i2c_lcd.o
 .debug_macro   0x0000000000016c27       0x16 ./Core/Src/i2c_lcd.o
 .debug_macro   0x0000000000016c3d      0x145 ./Core/Src/i2c_lcd.o
 .debug_macro   0x0000000000016d82      0x353 ./Core/Src/main.o
 .debug_macro   0x00000000000170d5       0x8e ./Core/Src/main.o
 .debug_macro   0x0000000000017163       0x1c ./Core/Src/main.o
 .debug_macro   0x000000000001717f      0x1c1 ./Core/Src/stm32f1xx_hal_msp.o
 .debug_macro   0x0000000000017340      0x1cb ./Core/Src/stm32f1xx_it.o
 .debug_macro   0x000000000001750b       0xff ./Core/Src/sysmem.o
 .debug_macro   0x000000000001760a      0x23b ./Core/Src/sysmem.o
 .debug_macro   0x0000000000017845      0x1b7 ./Core/Src/system_stm32f1xx.o
 .debug_macro   0x00000000000179fc      0x1d3 ./Core/Src/washing_procedure.o
 .debug_macro   0x0000000000017bcf      0x1db ./Drivers/STM32F1xx_HAL_Driver/Src/stm32f1xx_hal.o
 .debug_macro   0x0000000000017daa      0x1d4 ./Drivers/STM32F1xx_HAL_Driver/Src/stm32f1xx_hal_adc.o
 .debug_macro   0x0000000000017f7e      0x1b7 ./Drivers/STM32F1xx_HAL_Driver/Src/stm32f1xx_hal_cortex.o
 .debug_macro   0x0000000000018135      0x222 ./Drivers/STM32F1xx_HAL_Driver/Src/stm32f1xx_hal_gpio.o
 .debug_macro   0x0000000000018357      0x205 ./Drivers/STM32F1xx_HAL_Driver/Src/stm32f1xx_hal_i2c.o
 .debug_macro   0x000000000001855c      0x1c9 ./Drivers/STM32F1xx_HAL_Driver/Src/stm32f1xx_hal_rcc.o
 .debug_macro   0x0000000000018725      0x1b7 ./Drivers/STM32F1xx_HAL_Driver/Src/stm32f1xx_hal_rcc_ex.o
 .debug_macro   0x00000000000188dc      0x1b8 ./Drivers/STM32F1xx_HAL_Driver/Src/stm32f1xx_hal_tim.o
 .debug_macro   0x0000000000018a94      0x1b7 ./Drivers/STM32F1xx_HAL_Driver/Src/stm32f1xx_hal_tim_ex.o

.debug_line     0x0000000000000000    0x10ff7
 .debug_line    0x0000000000000000      0x7d3 ./Core/Src/eeprom_handler.o
 .debug_line    0x00000000000007d3      0x976 ./Core/Src/i2c_lcd.o
 .debug_line    0x0000000000001149      0xdd4 ./Core/Src/main.o
 .debug_line    0x0000000000001f1d      0x7ec ./Core/Src/stm32f1xx_hal_msp.o
 .debug_line    0x0000000000002709      0x7d2 ./Core/Src/stm32f1xx_it.o
 .debug_line    0x0000000000002edb      0x4ea ./Core/Src/sysmem.o
 .debug_line    0x00000000000033c5      0x720 ./Core/Src/system_stm32f1xx.o
 .debug_line    0x0000000000003ae5      0x8fc ./Core/Src/washing_procedure.o
 .debug_line    0x00000000000043e1       0x86 ./Core/Startup/startup_stm32f103c8tx.o
 .debug_line    0x0000000000004467      0x94d ./Drivers/STM32F1xx_HAL_Driver/Src/stm32f1xx_hal.o
 .debug_line    0x0000000000004db4      0xfd2 ./Drivers/STM32F1xx_HAL_Driver/Src/stm32f1xx_hal_adc.o
 .debug_line    0x0000000000005d86      0xb35 ./Drivers/STM32F1xx_HAL_Driver/Src/stm32f1xx_hal_cortex.o
 .debug_line    0x00000000000068bb      0x9e6 ./Drivers/STM32F1xx_HAL_Driver/Src/stm32f1xx_hal_gpio.o
 .debug_line    0x00000000000072a1     0x3ae3 ./Drivers/STM32F1xx_HAL_Driver/Src/stm32f1xx_hal_i2c.o
 .debug_line    0x000000000000ad84      0xd59 ./Drivers/STM32F1xx_HAL_Driver/Src/stm32f1xx_hal_rcc.o
 .debug_line    0x000000000000badd      0x894 ./Drivers/STM32F1xx_HAL_Driver/Src/stm32f1xx_hal_rcc_ex.o
 .debug_line    0x000000000000c371     0x33f3 ./Drivers/STM32F1xx_HAL_Driver/Src/stm32f1xx_hal_tim.o
 .debug_line    0x000000000000f764     0x1893 ./Drivers/STM32F1xx_HAL_Driver/Src/stm32f1xx_hal_tim_ex.o

.debug_str      0x0000000000000000    0x9002c
 .debug_str     0x0000000000000000    0x87e50 ./Core/Src/eeprom_handler.o
                                      0x88229 (size before relaxing)
 .debug_str     0x0000000000087e50     0x3e2c ./Core/Src/i2c_lcd.o
                                      0x8be8e (size before relaxing)
 .debug_str     0x000000000008bc7c      0xee4 ./Core/Src/main.o
                                      0x8cf32 (size before relaxing)
 .debug_str     0x000000000008cb60      0x102 ./Core/Src/stm32f1xx_hal_msp.o
                                      0x888e1 (size before relaxing)
 .debug_str     0x000000000008cc62      0x150 ./Core/Src/stm32f1xx_it.o
                                      0x88257 (size before relaxing)
 .debug_str     0x000000000008cdb2      0x4da ./Core/Src/sysmem.o
                                       0x5d64 (size before relaxing)
 .debug_str     0x000000000008d28c       0x7e ./Core/Src/system_stm32f1xx.o
                                      0x87c6d (size before relaxing)
 .debug_str     0x000000000008d30a      0x11a ./Core/Src/washing_procedure.o
                                      0x8805f (size before relaxing)
 .debug_str     0x000000000008d424       0x36 ./Core/Startup/startup_stm32f103c8tx.o
                                         0x7e (size before relaxing)
 .debug_str     0x000000000008d45a      0x378 ./Drivers/STM32F1xx_HAL_Driver/Src/stm32f1xx_hal.o
                                      0x883a0 (size before relaxing)
 .debug_str     0x000000000008d7d2      0x398 ./Drivers/STM32F1xx_HAL_Driver/Src/stm32f1xx_hal_adc.o
                                      0x88351 (size before relaxing)
 .debug_str     0x000000000008db6a      0x294 ./Drivers/STM32F1xx_HAL_Driver/Src/stm32f1xx_hal_cortex.o
                                      0x882ec (size before relaxing)
 .debug_str     0x000000000008ddfe      0x29c ./Drivers/STM32F1xx_HAL_Driver/Src/stm32f1xx_hal_gpio.o
                                      0x87ff3 (size before relaxing)
 .debug_str     0x000000000008e09a      0xb6d ./Drivers/STM32F1xx_HAL_Driver/Src/stm32f1xx_hal_i2c.o
                                      0x88d34 (size before relaxing)
 .debug_str     0x000000000008ec07      0x209 ./Drivers/STM32F1xx_HAL_Driver/Src/stm32f1xx_hal_rcc.o
                                      0x8809c (size before relaxing)
 .debug_str     0x000000000008ee10       0x84 ./Drivers/STM32F1xx_HAL_Driver/Src/stm32f1xx_hal_rcc_ex.o
                                      0x87dec (size before relaxing)
 .debug_str     0x000000000008ee94      0xd05 ./Drivers/STM32F1xx_HAL_Driver/Src/stm32f1xx_hal_tim.o
                                      0x8909e (size before relaxing)
 .debug_str     0x000000000008fb99      0x493 ./Drivers/STM32F1xx_HAL_Driver/Src/stm32f1xx_hal_tim_ex.o
                                      0x888aa (size before relaxing)

.comment        0x0000000000000000       0x50
 .comment       0x0000000000000000       0x50 ./Core/Src/eeprom_handler.o
                                         0x51 (size before relaxing)
 .comment       0x0000000000000050       0x51 ./Core/Src/i2c_lcd.o
 .comment       0x0000000000000050       0x51 ./Core/Src/main.o
 .comment       0x0000000000000050       0x51 ./Core/Src/stm32f1xx_hal_msp.o
 .comment       0x0000000000000050       0x51 ./Core/Src/stm32f1xx_it.o
 .comment       0x0000000000000050       0x51 ./Core/Src/sysmem.o
 .comment       0x0000000000000050       0x51 ./Core/Src/system_stm32f1xx.o
 .comment       0x0000000000000050       0x51 ./Core/Src/washing_procedure.o
 .comment       0x0000000000000050       0x51 ./Drivers/STM32F1xx_HAL_Driver/Src/stm32f1xx_hal.o
 .comment       0x0000000000000050       0x51 ./Drivers/STM32F1xx_HAL_Driver/Src/stm32f1xx_hal_adc.o
 .comment       0x0000000000000050       0x51 ./Drivers/STM32F1xx_HAL_Driver/Src/stm32f1xx_hal_cortex.o
 .comment       0x0000000000000050       0x51 ./Drivers/STM32F1xx_HAL_Driver/Src/stm32f1xx_hal_gpio.o
 .comment       0x0000000000000050       0x51 ./Drivers/STM32F1xx_HAL_Driver/Src/stm32f1xx_hal_i2c.o
 .comment       0x0000000000000050       0x51 ./Drivers/STM32F1xx_HAL_Driver/Src/stm32f1xx_hal_rcc.o
 .comment       0x0000000000000050       0x51 ./Drivers/STM32F1xx_HAL_Driver/Src/stm32f1xx_hal_rcc_ex.o
 .comment       0x0000000000000050       0x51 ./Drivers/STM32F1xx_HAL_Driver/Src/stm32f1xx_hal_tim.o
 .comment       0x0000000000000050       0x51 ./Drivers/STM32F1xx_HAL_Driver/Src/stm32f1xx_hal_tim_ex.o

.debug_frame    0x0000000000000000     0x4138
 .debug_frame   0x0000000000000000       0xc8 ./Core/Src/eeprom_handler.o
 .debug_frame   0x00000000000000c8       0xfc ./Core/Src/i2c_lcd.o
 .debug_frame   0x00000000000001c4      0x1c4 ./Core/Src/main.o
 .debug_frame   0x0000000000000388      0x134 ./Core/Src/stm32f1xx_hal_msp.o
 .debug_frame   0x00000000000004bc      0x174 ./Core/Src/stm32f1xx_it.o
 .debug_frame   0x0000000000000630       0x34 ./Core/Src/sysmem.o
 .debug_frame   0x0000000000000664       0x58 ./Core/Src/system_stm32f1xx.o
 .debug_frame   0x00000000000006bc       0xf0 ./Core/Src/washing_procedure.o
 .debug_frame   0x00000000000007ac      0x334 ./Drivers/STM32F1xx_HAL_Driver/Src/stm32f1xx_hal.o
 .debug_frame   0x0000000000000ae0      0x40c ./Drivers/STM32F1xx_HAL_Driver/Src/stm32f1xx_hal_adc.o
 .debug_frame   0x0000000000000eec      0x428 ./Drivers/STM32F1xx_HAL_Driver/Src/stm32f1xx_hal_cortex.o
 .debug_frame   0x0000000000001314      0x14c ./Drivers/STM32F1xx_HAL_Driver/Src/stm32f1xx_hal_gpio.o
 .debug_frame   0x0000000000001460      0xc84 ./Drivers/STM32F1xx_HAL_Driver/Src/stm32f1xx_hal_i2c.o
 .debug_frame   0x00000000000020e4      0x218 ./Drivers/STM32F1xx_HAL_Driver/Src/stm32f1xx_hal_rcc.o
 .debug_frame   0x00000000000022fc       0x80 ./Drivers/STM32F1xx_HAL_Driver/Src/stm32f1xx_hal_rcc_ex.o
 .debug_frame   0x000000000000237c     0x11b8 ./Drivers/STM32F1xx_HAL_Driver/Src/stm32f1xx_hal_tim.o
 .debug_frame   0x0000000000003534      0x638 ./Drivers/STM32F1xx_HAL_Driver/Src/stm32f1xx_hal_tim_ex.o
 .debug_frame   0x0000000000003b6c       0x20 c:/st/stm32cubeide_1.10.1/stm32cubeide/plugins/com.st.stm32cube.ide.mcu.externaltools.gnu-tools-for-stm32.10.3-2021.10.win32_1.0.0.202111181127/tools/bin/../lib/gcc/arm-none-eabi/10.3.1/../../../../arm-none-eabi/lib/thumb/v7-m/nofp\libc_nano.a(lib_a-errno.o)
 .debug_frame   0x0000000000003b8c       0x2c c:/st/stm32cubeide_1.10.1/stm32cubeide/plugins/com.st.stm32cube.ide.mcu.externaltools.gnu-tools-for-stm32.10.3-2021.10.win32_1.0.0.202111181127/tools/bin/../lib/gcc/arm-none-eabi/10.3.1/../../../../arm-none-eabi/lib/thumb/v7-m/nofp\libc_nano.a(lib_a-init.o)
 .debug_frame   0x0000000000003bb8       0x20 c:/st/stm32cubeide_1.10.1/stm32cubeide/plugins/com.st.stm32cube.ide.mcu.externaltools.gnu-tools-for-stm32.10.3-2021.10.win32_1.0.0.202111181127/tools/bin/../lib/gcc/arm-none-eabi/10.3.1/../../../../arm-none-eabi/lib/thumb/v7-m/nofp\libc_nano.a(lib_a-memset.o)
 .debug_frame   0x0000000000003bd8       0x6c c:/st/stm32cubeide_1.10.1/stm32cubeide/plugins/com.st.stm32cube.ide.mcu.externaltools.gnu-tools-for-stm32.10.3-2021.10.win32_1.0.0.202111181127/tools/bin/../lib/gcc/arm-none-eabi/10.3.1/../../../../arm-none-eabi/lib/thumb/v7-m/nofp\libc_nano.a(lib_a-sprintf.o)
 .debug_frame   0x0000000000003c44       0x90 c:/st/stm32cubeide_1.10.1/stm32cubeide/plugins/com.st.stm32cube.ide.mcu.externaltools.gnu-tools-for-stm32.10.3-2021.10.win32_1.0.0.202111181127/tools/bin/../lib/gcc/arm-none-eabi/10.3.1/../../../../arm-none-eabi/lib/thumb/v7-m/nofp\libc_nano.a(lib_a-nano-svfprintf.o)
 .debug_frame   0x0000000000003cd4       0x60 c:/st/stm32cubeide_1.10.1/stm32cubeide/plugins/com.st.stm32cube.ide.mcu.externaltools.gnu-tools-for-stm32.10.3-2021.10.win32_1.0.0.202111181127/tools/bin/../lib/gcc/arm-none-eabi/10.3.1/../../../../arm-none-eabi/lib/thumb/v7-m/nofp\libc_nano.a(lib_a-nano-vfprintf_i.o)
 .debug_frame   0x0000000000003d34       0x28 c:/st/stm32cubeide_1.10.1/stm32cubeide/plugins/com.st.stm32cube.ide.mcu.externaltools.gnu-tools-for-stm32.10.3-2021.10.win32_1.0.0.202111181127/tools/bin/../lib/gcc/arm-none-eabi/10.3.1/../../../../arm-none-eabi/lib/thumb/v7-m/nofp\libc_nano.a(lib_a-memchr-stub.o)
 .debug_frame   0x0000000000003d5c       0x28 c:/st/stm32cubeide_1.10.1/stm32cubeide/plugins/com.st.stm32cube.ide.mcu.externaltools.gnu-tools-for-stm32.10.3-2021.10.win32_1.0.0.202111181127/tools/bin/../lib/gcc/arm-none-eabi/10.3.1/../../../../arm-none-eabi/lib/thumb/v7-m/nofp\libc_nano.a(lib_a-memcpy-stub.o)
 .debug_frame   0x0000000000003d84       0x28 c:/st/stm32cubeide_1.10.1/stm32cubeide/plugins/com.st.stm32cube.ide.mcu.externaltools.gnu-tools-for-stm32.10.3-2021.10.win32_1.0.0.202111181127/tools/bin/../lib/gcc/arm-none-eabi/10.3.1/../../../../arm-none-eabi/lib/thumb/v7-m/nofp\libc_nano.a(lib_a-memmove.o)
 .debug_frame   0x0000000000003dac       0x38 c:/st/stm32cubeide_1.10.1/stm32cubeide/plugins/com.st.stm32cube.ide.mcu.externaltools.gnu-tools-for-stm32.10.3-2021.10.win32_1.0.0.202111181127/tools/bin/../lib/gcc/arm-none-eabi/10.3.1/../../../../arm-none-eabi/lib/thumb/v7-m/nofp\libc_nano.a(lib_a-nano-freer.o)
 .debug_frame   0x0000000000003de4       0x4c c:/st/stm32cubeide_1.10.1/stm32cubeide/plugins/com.st.stm32cube.ide.mcu.externaltools.gnu-tools-for-stm32.10.3-2021.10.win32_1.0.0.202111181127/tools/bin/../lib/gcc/arm-none-eabi/10.3.1/../../../../arm-none-eabi/lib/thumb/v7-m/nofp\libc_nano.a(lib_a-nano-mallocr.o)
 .debug_frame   0x0000000000003e30       0x3c c:/st/stm32cubeide_1.10.1/stm32cubeide/plugins/com.st.stm32cube.ide.mcu.externaltools.gnu-tools-for-stm32.10.3-2021.10.win32_1.0.0.202111181127/tools/bin/../lib/gcc/arm-none-eabi/10.3.1/../../../../arm-none-eabi/lib/thumb/v7-m/nofp\libc_nano.a(lib_a-nano-reallocr.o)
 .debug_frame   0x0000000000003e6c       0x2c c:/st/stm32cubeide_1.10.1/stm32cubeide/plugins/com.st.stm32cube.ide.mcu.externaltools.gnu-tools-for-stm32.10.3-2021.10.win32_1.0.0.202111181127/tools/bin/../lib/gcc/arm-none-eabi/10.3.1/../../../../arm-none-eabi/lib/thumb/v7-m/nofp\libc_nano.a(lib_a-sbrkr.o)
 .debug_frame   0x0000000000003e98       0x30 c:/st/stm32cubeide_1.10.1/stm32cubeide/plugins/com.st.stm32cube.ide.mcu.externaltools.gnu-tools-for-stm32.10.3-2021.10.win32_1.0.0.202111181127/tools/bin/../lib/gcc/arm-none-eabi/10.3.1/../../../../arm-none-eabi/lib/thumb/v7-m/nofp\libc_nano.a(lib_a-mlock.o)
 .debug_frame   0x0000000000003ec8       0x20 c:/st/stm32cubeide_1.10.1/stm32cubeide/plugins/com.st.stm32cube.ide.mcu.externaltools.gnu-tools-for-stm32.10.3-2021.10.win32_1.0.0.202111181127/tools/bin/../lib/gcc/arm-none-eabi/10.3.1/../../../../arm-none-eabi/lib/thumb/v7-m/nofp\libc_nano.a(lib_a-nano-msizer.o)
 .debug_frame   0x0000000000003ee8       0x5c c:/st/stm32cubeide_1.10.1/stm32cubeide/plugins/com.st.stm32cube.ide.mcu.externaltools.gnu-tools-for-stm32.10.3-2021.10.win32_1.0.0.202111181127/tools/bin/../lib/gcc/arm-none-eabi/10.3.1/../../../../arm-none-eabi/lib/thumb/v7-m/nofp\libc_nano.a(lib_a-reent.o)
 .debug_frame   0x0000000000003f44       0xb0 c:/st/stm32cubeide_1.10.1/stm32cubeide/plugins/com.st.stm32cube.ide.mcu.externaltools.gnu-tools-for-stm32.10.3-2021.10.win32_1.0.0.202111181127/tools/bin/../lib/gcc/arm-none-eabi/10.3.1/../../../../arm-none-eabi/lib/thumb/v7-m/nofp\libc_nano.a(lib_a-lock.o)
 .debug_frame   0x0000000000003ff4       0xac c:/st/stm32cubeide_1.10.1/stm32cubeide/plugins/com.st.stm32cube.ide.mcu.externaltools.gnu-tools-for-stm32.10.3-2021.10.win32_1.0.0.202111181127/tools/bin/../lib/gcc/arm-none-eabi/10.3.1/thumb/v7-m/nofp\libgcc.a(_arm_addsubdf3.o)
 .debug_frame   0x00000000000040a0       0x50 c:/st/stm32cubeide_1.10.1/stm32cubeide/plugins/com.st.stm32cube.ide.mcu.externaltools.gnu-tools-for-stm32.10.3-2021.10.win32_1.0.0.202111181127/tools/bin/../lib/gcc/arm-none-eabi/10.3.1/thumb/v7-m/nofp\libgcc.a(_arm_muldivdf3.o)
 .debug_frame   0x00000000000040f0       0x24 c:/st/stm32cubeide_1.10.1/stm32cubeide/plugins/com.st.stm32cube.ide.mcu.externaltools.gnu-tools-for-stm32.10.3-2021.10.win32_1.0.0.202111181127/tools/bin/../lib/gcc/arm-none-eabi/10.3.1/thumb/v7-m/nofp\libgcc.a(_arm_fixdfsi.o)