Archive member included to satisfy reference by file (symbol)

c:/st/stm32cubeide_1.10.1/stm32cubeide/plugins/com.st.stm32cube.ide.mcu.externaltools.gnu-tools-for-stm32.10.3-2021.10.win32_1.0.0.202111181127/tools/bin/../lib/gcc/arm-none-eabi/10.3.1/../../../../arm-none-eabi/lib/thumb/v7-m/nofp\libc_nano.a(lib_a-errno.o)
                              ./Core/Src/syscalls.o (__errno)
c:/st/stm32cubeide_1.10.1/stm32cubeide/plugins/com.st.stm32cube.ide.mcu.externaltools.gnu-tools-for-stm32.10.3-2021.10.win32_1.0.0.202111181127/tools/bin/../lib/gcc/arm-none-eabi/10.3.1/../../../../arm-none-eabi/lib/thumb/v7-m/nofp\libc_nano.a(lib_a-exit.o)
                              c:/st/stm32cubeide_1.10.1/stm32cubeide/plugins/com.st.stm32cube.ide.mcu.externaltools.gnu-tools-for-stm32.10.3-2021.10.win32_1.0.0.202111181127/tools/bin/../lib/gcc/arm-none-eabi/10.3.1/../../../../arm-none-eabi/lib/thumb/v7-m/nofp/crt0.o (exit)
c:/st/stm32cubeide_1.10.1/stm32cubeide/plugins/com.st.stm32cube.ide.mcu.externaltools.gnu-tools-for-stm32.10.3-2021.10.win32_1.0.0.202111181127/tools/bin/../lib/gcc/arm-none-eabi/10.3.1/../../../../arm-none-eabi/lib/thumb/v7-m/nofp\libc_nano.a(lib_a-impure.o)
                              c:/st/stm32cubeide_1.10.1/stm32cubeide/plugins/com.st.stm32cube.ide.mcu.externaltools.gnu-tools-for-stm32.10.3-2021.10.win32_1.0.0.202111181127/tools/bin/../lib/gcc/arm-none-eabi/10.3.1/../../../../arm-none-eabi/lib/thumb/v7-m/nofp\libc_nano.a(lib_a-exit.o) (_global_impure_ptr)
c:/st/stm32cubeide_1.10.1/stm32cubeide/plugins/com.st.stm32cube.ide.mcu.externaltools.gnu-tools-for-stm32.10.3-2021.10.win32_1.0.0.202111181127/tools/bin/../lib/gcc/arm-none-eabi/10.3.1/../../../../arm-none-eabi/lib/thumb/v7-m/nofp\libc_nano.a(lib_a-init.o)
                              c:/st/stm32cubeide_1.10.1/stm32cubeide/plugins/com.st.stm32cube.ide.mcu.externaltools.gnu-tools-for-stm32.10.3-2021.10.win32_1.0.0.202111181127/tools/bin/../lib/gcc/arm-none-eabi/10.3.1/../../../../arm-none-eabi/lib/thumb/v7-m/nofp/crt0.o (__libc_init_array)
c:/st/stm32cubeide_1.10.1/stm32cubeide/plugins/com.st.stm32cube.ide.mcu.externaltools.gnu-tools-for-stm32.10.3-2021.10.win32_1.0.0.202111181127/tools/bin/../lib/gcc/arm-none-eabi/10.3.1/../../../../arm-none-eabi/lib/thumb/v7-m/nofp\libc_nano.a(lib_a-memset.o)
                              c:/st/stm32cubeide_1.10.1/stm32cubeide/plugins/com.st.stm32cube.ide.mcu.externaltools.gnu-tools-for-stm32.10.3-2021.10.win32_1.0.0.202111181127/tools/bin/../lib/gcc/arm-none-eabi/10.3.1/../../../../arm-none-eabi/lib/thumb/v7-m/nofp/crt0.o (memset)
c:/st/stm32cubeide_1.10.1/stm32cubeide/plugins/com.st.stm32cube.ide.mcu.externaltools.gnu-tools-for-stm32.10.3-2021.10.win32_1.0.0.202111181127/tools/bin/../lib/gcc/arm-none-eabi/10.3.1/../../../../arm-none-eabi/lib/thumb/v7-m/nofp\libc_nano.a(lib_a-sprintf.o)
                              ./Core/Src/i2c_lcd.o (sprintf)
c:/st/stm32cubeide_1.10.1/stm32cubeide/plugins/com.st.stm32cube.ide.mcu.externaltools.gnu-tools-for-stm32.10.3-2021.10.win32_1.0.0.202111181127/tools/bin/../lib/gcc/arm-none-eabi/10.3.1/../../../../arm-none-eabi/lib/thumb/v7-m/nofp\libc_nano.a(lib_a-nano-svfprintf.o)
                              c:/st/stm32cubeide_1.10.1/stm32cubeide/plugins/com.st.stm32cube.ide.mcu.externaltools.gnu-tools-for-stm32.10.3-2021.10.win32_1.0.0.202111181127/tools/bin/../lib/gcc/arm-none-eabi/10.3.1/../../../../arm-none-eabi/lib/thumb/v7-m/nofp\libc_nano.a(lib_a-sprintf.o) (_svfprintf_r)
c:/st/stm32cubeide_1.10.1/stm32cubeide/plugins/com.st.stm32cube.ide.mcu.externaltools.gnu-tools-for-stm32.10.3-2021.10.win32_1.0.0.202111181127/tools/bin/../lib/gcc/arm-none-eabi/10.3.1/../../../../arm-none-eabi/lib/thumb/v7-m/nofp\libc_nano.a(lib_a-nano-vfprintf_i.o)
                              c:/st/stm32cubeide_1.10.1/stm32cubeide/plugins/com.st.stm32cube.ide.mcu.externaltools.gnu-tools-for-stm32.10.3-2021.10.win32_1.0.0.202111181127/tools/bin/../lib/gcc/arm-none-eabi/10.3.1/../../../../arm-none-eabi/lib/thumb/v7-m/nofp\libc_nano.a(lib_a-nano-svfprintf.o) (_printf_i)
c:/st/stm32cubeide_1.10.1/stm32cubeide/plugins/com.st.stm32cube.ide.mcu.externaltools.gnu-tools-for-stm32.10.3-2021.10.win32_1.0.0.202111181127/tools/bin/../lib/gcc/arm-none-eabi/10.3.1/../../../../arm-none-eabi/lib/thumb/v7-m/nofp\libc_nano.a(lib_a-memchr-stub.o)
                              c:/st/stm32cubeide_1.10.1/stm32cubeide/plugins/com.st.stm32cube.ide.mcu.externaltools.gnu-tools-for-stm32.10.3-2021.10.win32_1.0.0.202111181127/tools/bin/../lib/gcc/arm-none-eabi/10.3.1/../../../../arm-none-eabi/lib/thumb/v7-m/nofp\libc_nano.a(lib_a-nano-svfprintf.o) (memchr)
c:/st/stm32cubeide_1.10.1/stm32cubeide/plugins/com.st.stm32cube.ide.mcu.externaltools.gnu-tools-for-stm32.10.3-2021.10.win32_1.0.0.202111181127/tools/bin/../lib/gcc/arm-none-eabi/10.3.1/../../../../arm-none-eabi/lib/thumb/v7-m/nofp\libc_nano.a(lib_a-memcpy-stub.o)
[...]
Memory Configuration

Name             Origin             Length             Attributes
RAM              0x0000000020000000 0x0000000000005000 xrw
FLASH            0x0000000008000000 0x0000000000010000 xr
*default*        0x0000000000000000 0xffffffffffffffff

Linker script and memory map

LOAD c:/st/stm32cubeide_1.10.1/stm32cubeide/plugins/com.st.stm32cube.ide.mcu.externaltools.gnu-tools-for-stm32.10.3-2021.10.win32_1.0.0.202111181127/tools/bin/../lib/gcc/arm-none-eabi/10.3.1/thumb/v7-m/nofp/crti.o
LOAD c:/st/stm32cubeide_1.10.1/stm32cubeide/plugins/com.st.stm32cube.ide.mcu.externaltools.gnu-tools-for-stm32.10.3-2021.10.win32_1.0.0.202111181127/tools/bin/../lib/gcc/arm-none-eabi/10.3.1/thumb/v7-m/nofp/crtbegin.o
LOAD c:/st/stm32cubeide_1.10.1/stm32cubeide/plugins/com.st.stm32cube.ide.mcu.externaltools.gnu-tools-for-stm32.10.3-2021.10.win32_1.0.0.202111181127/tools/bin/../lib/gcc/arm-none-eabi/10.3.1/../../../../arm-none-eabi/lib/thumb/v7-m/nofp/crt0.o
LOAD ./Core/Src/eeprom_handler.o
LOAD ./Core/Src/i2c_lcd.o
LOAD ./Core/Src/main.o
LOAD ./Core/Src/stm32f1xx_hal_msp.o
LOAD ./Core/Src/stm32f1xx_it.o
LOAD ./Core/Src/syscalls.o
LOAD ./Core/Src/sysmem.o
LOAD ./Core/Src/system_stm32f1xx.o
LOAD ./Core/Src/washing_procedure.o
LOAD ./Core/Src/waterLevel_measurement.o
LOAD ./Core/Startup/startup_stm32f103c8tx.o
LOAD ./Drivers/STM32F1xx_HAL_Driver/Src/stm32f1xx_hal.o
LOAD ./Drivers/STM32F1xx_HAL_Driver/Src/stm32f1xx_hal_adc.o
LOAD ./Drivers/STM32F1xx_HAL_Driver/Src/stm32f1xx_hal_adc_ex.o
LOAD ./Drivers/STM32F1xx_HAL_Driver/Src/stm32f1xx_hal_cortex.o
LOAD ./Drivers/STM32F1xx_HAL_Driver/Src/stm32f1xx_hal_dma.o
LOAD ./Drivers/STM32F1xx_HAL_Driver/Src/stm32f1xx_hal_exti.o
LOAD ./Drivers/STM32F1xx_HAL_Driver/Src/stm32f1xx_hal_flash.o
LOAD ./Drivers/STM32F1xx_HAL_Driver/Src/stm32f1xx_hal_flash_ex.o
LOAD ./Drivers/STM32F1xx_HAL_Driver/Src/stm32f1xx_hal_gpio.o
LOAD ./Drivers/STM32F1xx_HAL_Driver/Src/stm32f1xx_hal_gpio_ex.o
LOAD ./Drivers/STM32F1xx_HAL_Driver/Src/stm32f1xx_hal_i2c.o
LOAD ./Drivers/STM32F1xx_HAL_Driver/Src/stm32f1xx_hal_pwr.o
LOAD ./Drivers/STM32F1xx_HAL_Driver/Src/stm32f1xx_hal_rcc.o
LOAD ./Drivers/STM32F1xx_HAL_Driver/Src/stm32f1xx_hal_rcc_ex.o
LOAD ./Drivers/STM32F1xx_HAL_Driver/Src/stm32f1xx_hal_tim.o
LOAD ./Drivers/STM32F1xx_HAL_Driver/Src/stm32f1xx_hal_tim_ex.o
START GROUP
LOAD c:/st/stm32cubeide_1.10.1/stm32cubeide/plugins/com.st.stm32cube.ide.mcu.externaltools.gnu-tools-for-stm32.10.3-2021.10.win32_1.0.0.202111181127/tools/bin/../lib/gcc/arm-none-eabi/10.3.1/../../../../arm-none-eabi/lib/thumb/v7-m/nofp\libc_nano.a
LOAD c:/st/stm32cubeide_1.10.1/stm32cubeide/plugins/com.st.stm32cube.ide.mcu.externaltools.gnu-tools-for-stm32.10.3-2021.10.win32_1.0.0.202111181127/tools/bin/../lib/gcc/arm-none-eabi/10.3.1/../../../../arm-none-eabi/lib/thumb/v7-m/nofp\libm.a
END GROUP
START GROUP
LOAD c:/st/stm32cubeide_1.10.1/stm32cubeide/plugins/com.st.stm32cube.ide.mcu.externaltools.gnu-tools-for-stm32.10.3-2021.10.win32_1.0.0.202111181127/tools/bin/../lib/gcc/arm-none-eabi/10.3.1/thumb/v7-m/nofp\libgcc.a
LOAD c:/st/stm32cubeide_1.10.1/stm32cubeide/plugins/com.st.stm32cube.ide.mcu.externaltools.gnu-tools-for-stm32.10.3-2021.10.win32_1.0.0.202111181127/tools/bin/../lib/gcc/arm-none-eabi/10.3.1/../../../../arm-none-eabi/lib/thumb/v7-m/nofp\libc_nano.a
END GROUP
START GROUP
LOAD c:/st/stm32cubeide_1.10.1/stm32cubeide/plugins/com.st.stm32cube.ide.mcu.externaltools.gnu-tools-for-stm32.10.3-2021.10.win32_1.0.0.202111181127/tools/bin/../lib/gcc/arm-none-eabi/10.3.1/thumb/v7-m/nofp\libgcc.a
LOAD c:/st/stm32cubeide_1.10.1/stm32cubeide/plugins/com.st.stm32cube.ide.mcu.externaltools.gnu-tools-for-stm32.10.3-2021.10.win32_1.0.0.202111181127/tools/bin/../lib/gcc/arm-none-eabi/10.3.1/../../../../arm-none-eabi/lib/thumb/v7-m/nofp\libc_nano.a
LOAD c:/st/stm32cubeide_1.10.1/stm32cubeide/plugins/com.st.stm32cube.ide.mcu.externaltools.gnu-tools-for-stm32.10.3-2021.10.win32_1.0.0.202111181127/tools/bin/../lib/gcc/arm-none-eabi/10.3.1/../../../../arm-none-eabi/lib/thumb/v7-m/nofp\libnosys.a
END GROUP
START GROUP
LOAD c:/st/stm32cubeide_1.10.1/stm32cubeide/plugins/com.st.stm32cube.ide.mcu.externaltools.gnu-tools-for-stm32.10.3-2021.10.win32_1.0.0.202111181127/tools/bin/../lib/gcc/arm-none-eabi/10.3.1/thumb/v7-m/nofp\libgcc.a
LOAD c:/st/stm32cubeide_1.10.1/stm32cubeide/plugins/com.st.stm32cube.ide.mcu.externaltools.gnu-tools-for-stm32.10.3-2021.10.win32_1.0.0.202111181127/tools/bin/../lib/gcc/arm-none-eabi/10.3.1/../../../../arm-none-eabi/lib/thumb/v7-m/nofp\libc_nano.a
LOAD c:/st/stm32cubeide_1.10.1/stm32cubeide/plugins/com.st.stm32cube.ide.mcu.externaltools.gnu-tools-for-stm32.10.3-2021.10.win32_1.0.0.202111181127/tools/bin/../lib/gcc/arm-none-eabi/10.3.1/../../../../arm-none-eabi/lib/thumb/v7-m/nofp\libnosys.a
END GROUP
LOAD c:/st/stm32cubeide_1.10.1/stm32cubeide/plugins/com.st.stm32cube.ide.mcu.externaltools.gnu-tools-for-stm32.10.3-2021.10.win32_1.0.0.202111181127/tools/bin/../lib/gcc/arm-none-eabi/10.3.1/thumb/v7-m/nofp/crtend.o
LOAD c:/st/stm32cubeide_1.10.1/stm32cubeide/plugins/com.st.stm32cube.ide.mcu.externaltools.gnu-tools-for-stm32.10.3-2021.10.win32_1.0.0.202111181127/tools/bin/../lib/gcc/arm-none-eabi/10.3.1/thumb/v7-m/nofp/crtn.o
                0x0000000020005000                _estack = (ORIGIN (RAM) + LENGTH (RAM))
                0x0000000000000200                _Min_Heap_Size = 0x200
                0x0000000000000400                _Min_Stack_Size = 0x400

.isr_vector     0x0000000008000000      0x10c
                0x0000000008000000                . = ALIGN (0x4)
 *(.isr_vector)
 .isr_vector    0x0000000008000000      0x10c ./Core/Startup/startup_stm32f103c8tx.o
                0x0000000008000000                g_pfnVectors
                0x000000000800010c                . = ALIGN (0x4)

.text           0x0000000008000110     0x6580
                0x0000000008000110                . = ALIGN (0x4)
 *(.text)
 .text          0x0000000008000110       0x40 c:/st/stm32cubeide_1.10.1/stm32cubeide/plugins/com.st.stm32cube.ide.mcu.externaltools.gnu-tools-for-stm32.10.3-2021.10.win32_1.0.0.202111181127/tools/bin/../lib/gcc/arm-none-eabi/10.3.1/thumb/v7-m/nofp/crtbegin.o
 .text          0x0000000008000150      0x254 c:/st/stm32cubeide_1.10.1/stm32cubeide/plugins/com.st.stm32cube.ide.mcu.externaltools.gnu-tools-for-stm32.10.3-2021.10.win32_1.0.0.202111181127/tools/bin/../lib/gcc/arm-none-eabi/10.3.1/thumb/v7-m/nofp\libgcc.a(_arm_muldf3.o)
                0x0000000008000150                __muldf3
                0x0000000008000150                __aeabi_dmul
 .text          0x00000000080003a4      0x378 c:/st/stm32cubeide_1.10.1/stm32cubeide/plugins/com.st.stm32cube.ide.mcu.externaltools.gnu-tools-for-stm32.10.3-2021.10.win32_1.0.0.202111181127/tools/bin/../lib/gcc/arm-none-eabi/10.3.1/thumb/v7-m/nofp\libgcc.a(_arm_addsubdf3.o)
                0x00000000080003a4                __aeabi_drsub
                0x00000000080003ac                __aeabi_dsub
                0x00000000080003ac                __subdf3
                0x00000000080003b0                __aeabi_dadd
                0x00000000080003b0                __adddf3
                0x0000000008000628                __floatunsidf
                0x0000000008000628                __aeabi_ui2d
                0x0000000008000648                __floatsidf
                0x0000000008000648                __aeabi_i2d
                0x000000000800066c                __aeabi_f2d
                0x000000000800066c                __extendsfdf2
                0x00000000080006b0                __floatundidf
                0x00000000080006b0                __aeabi_ul2d
                0x00000000080006c0                __floatdidf
                0x00000000080006c0                __aeabi_l2d
 .text          0x000000000800071c       0x50 c:/st/stm32cubeide_1.10.1/stm32cubeide/plugins/com.st.stm32cube.ide.mcu.externaltools.gnu-tools-for-stm32.10.3-2021.10.win32_1.0.0.202111181127/tools/bin/../lib/gcc/arm-none-eabi/10.3.1/thumb/v7-m/nofp\libgcc.a(_arm_fixdfsi.o)
                0x000000000800071c                __aeabi_d2iz
                0x000000000800071c                __fixdfsi
 *(.text*)
 .text.at24_isConnected
                0x000000000800076c       0x24 ./Core/Src/eeprom_handler.o
                0x000000000800076c                at24_isConnected
 .text.at24_write
                0x0000000008000790       0xc0 ./Core/Src/eeprom_handler.o
                0x0000000008000790                at24_write
 .text.at24_read
                0x0000000008000850       0x60 ./Core/Src/eeprom_handler.o
                0x0000000008000850                at24_read
 .text.check_eeprom
                0x00000000080008b0       0x78 ./Core/Src/eeprom_handler.o
                0x00000000080008b0                check_eeprom
 .text.lcd_send_cmd
                0x0000000008000928       0x60 ./Core/Src/i2c_lcd.o
                0x0000000008000928                lcd_send_cmd
 .text.lcd_send_data
                0x0000000008000988       0x60 ./Core/Src/i2c_lcd.o
                0x0000000008000988                lcd_send_data
 .text.lcd_init
                0x00000000080009e8       0x5c ./Core/Src/i2c_lcd.o
                0x00000000080009e8                lcd_init
 .text.lcd_send_string
                0x0000000008000a44       0x2a ./Core/Src/i2c_lcd.o
                0x0000000008000a44                lcd_send_string
 *fill*         0x0000000008000a6e        0x2 
 .text.lcd_clear_display
                0x0000000008000a70       0x28 ./Core/Src/i2c_lcd.o
                0x0000000008000a70                lcd_clear_display
 .text.lcd_goto_XY
                0x0000000008000a98       0x44 ./Core/Src/i2c_lcd.o
                0x0000000008000a98                lcd_goto_XY
 .text.HAL_GPIO_EXTI_Callback
                0x0000000008000adc      0x1ac ./Core/Src/main.o
                0x0000000008000adc                HAL_GPIO_EXTI_Callback
 .text.HAL_TIM_PeriodElapsedCallback
                0x0000000008000c88       0x8c ./Core/Src/main.o
                0x0000000008000c88                HAL_TIM_PeriodElapsedCallback
 .text.main     0x0000000008000d14      0x138 ./Core/Src/main.o
                0x0000000008000d14                main
 .text.SystemClock_Config
                0x0000000008000e4c       0xa2 ./Core/Src/main.o
                0x0000000008000e4c                SystemClock_Config
 *fill*         0x0000000008000eee        0x2 
 .text.MX_ADC1_Init
                0x0000000008000ef0       0x7c ./Core/Src/main.o
 .text.MX_I2C1_Init
                0x0000000008000f6c       0x5c ./Core/Src/main.o
 .text.MX_I2C2_Init
                0x0000000008000fc8       0x5c ./Core/Src/main.o
 .text.MX_TIM2_Init
                0x0000000008001024       0xec ./Core/Src/main.o
 .text.MX_TIM4_Init
                0x0000000008001110       0xa4 ./Core/Src/main.o
 .text.MX_GPIO_Init
                0x00000000080011b4      0x190 ./Core/Src/main.o
 .text.updateLCD
                0x0000000008001344      0x3d0 ./Core/Src/main.o
                0x0000000008001344                updateLCD
 .text.power_observer
                0x0000000008001714       0xc8 ./Core/Src/main.o
                0x0000000008001714                power_observer
 .text.Error_Handler
                0x00000000080017dc        0xa ./Core/Src/main.o
                0x00000000080017dc                Error_Handler
 *fill*         0x00000000080017e6        0x2 
 .text.HAL_MspInit
                0x00000000080017e8       0x64 ./Core/Src/stm32f1xx_hal_msp.o
                0x00000000080017e8                HAL_MspInit
 .text.HAL_ADC_MspInit
                0x000000000800184c       0x78 ./Core/Src/stm32f1xx_hal_msp.o
                0x000000000800184c                HAL_ADC_MspInit
 .text.HAL_I2C_MspInit
                0x00000000080018c4       0xf8 ./Core/Src/stm32f1xx_hal_msp.o
                0x00000000080018c4                HAL_I2C_MspInit
 .text.HAL_TIM_Base_MspInit
                0x00000000080019bc       0x80 ./Core/Src/stm32f1xx_hal_msp.o
                0x00000000080019bc                HAL_TIM_Base_MspInit
 .text.HAL_TIM_MspPostInit
                0x0000000008001a3c       0x60 ./Core/Src/stm32f1xx_hal_msp.o
                0x0000000008001a3c                HAL_TIM_MspPostInit
 .text.NMI_Handler
                0x0000000008001a9c        0x6 ./Core/Src/stm32f1xx_it.o
                0x0000000008001a9c                NMI_Handler
 .text.HardFault_Handler
                0x0000000008001aa2        0x6 ./Core/Src/stm32f1xx_it.o
                0x0000000008001aa2                HardFault_Handler
 .text.MemManage_Handler
                0x0000000008001aa8        0x6 ./Core/Src/stm32f1xx_it.o
                0x0000000008001aa8                MemManage_Handler
 .text.BusFault_Handler
                0x0000000008001aae        0x6 ./Core/Src/stm32f1xx_it.o
                0x0000000008001aae                BusFault_Handler
 .text.UsageFault_Handler
                0x0000000008001ab4        0x6 ./Core/Src/stm32f1xx_it.o
                0x0000000008001ab4                UsageFault_Handler
 .text.SVC_Handler
                0x0000000008001aba        0xc ./Core/Src/stm32f1xx_it.o
                0x0000000008001aba                SVC_Handler
 .text.DebugMon_Handler
                0x0000000008001ac6        0xc ./Core/Src/stm32f1xx_it.o
                0x0000000008001ac6                DebugMon_Handler
 .text.PendSV_Handler
                0x0000000008001ad2        0xc ./Core/Src/stm32f1xx_it.o
                0x0000000008001ad2                PendSV_Handler
 .text.SysTick_Handler
                0x0000000008001ade        0xc ./Core/Src/stm32f1xx_it.o
                0x0000000008001ade                SysTick_Handler
 .text.EXTI9_5_IRQHandler
                0x0000000008001aea       0x14 ./Core/Src/stm32f1xx_it.o
                0x0000000008001aea                EXTI9_5_IRQHandler
 *fill*         0x0000000008001afe        0x2 
 .text.TIM2_IRQHandler
                0x0000000008001b00       0x40 ./Core/Src/stm32f1xx_it.o
                0x0000000008001b00                TIM2_IRQHandler
 .text.TIM4_IRQHandler
                0x0000000008001b40       0x14 ./Core/Src/stm32f1xx_it.o
                0x0000000008001b40                TIM4_IRQHandler
 .text.EXTI15_10_IRQHandler
                0x0000000008001b54       0x28 ./Core/Src/stm32f1xx_it.o
                0x0000000008001b54                EXTI15_10_IRQHandler
 .text._sbrk    0x0000000008001b7c       0x6c ./Core/Src/sysmem.o
                0x0000000008001b7c                _sbrk
 .text.SystemInit
                0x0000000008001be8        0xc ./Core/Src/system_stm32f1xx.o
                0x0000000008001be8                SystemInit
 .text.procedure_init
                0x0000000008001bf4       0x1c ./Core/Src/washing_procedure.o
                0x0000000008001bf4                procedure_init
 .text.run_procedure
                0x0000000008001c10       0xf8 ./Core/Src/washing_procedure.o
                0x0000000008001c10                run_procedure
 .text.run_procedure_backup
                0x0000000008001d08      0x190 ./Core/Src/washing_procedure.o
                0x0000000008001d08                run_procedure_backup
 .text.start_procedure
                0x0000000008001e98       0x20 ./Core/Src/washing_procedure.o
                0x0000000008001e98                start_procedure
 .text.m_fillWater
                0x0000000008001eb8       0x9c ./Core/Src/washing_procedure.o
                0x0000000008001eb8                m_fillWater
 .text.m_wash   0x0000000008001f54      0x214 ./Core/Src/washing_procedure.o
                0x0000000008001f54                m_wash
 .text.m_drain  0x0000000008002168       0xe4 ./Core/Src/washing_procedure.o
                0x0000000008002168                m_drain
 .text.m_spin   0x000000000800224c       0xec ./Core/Src/washing_procedure.o
                0x000000000800224c                m_spin
 .text.making_3_beep_sound
                0x0000000008002338       0xec ./Core/Src/washing_procedure.o
                0x0000000008002338                making_3_beep_sound
 .text.Reset_Handler
                0x0000000008002424       0x48 ./Core/Startup/startup_stm32f103c8tx.o
                0x0000000008002424                Reset_Handler
 .text.Default_Handler
                0x000000000800246c        0x2 ./Core/Startup/startup_stm32f103c8tx.o
                0x000000000800246c                RTC_Alarm_IRQHandler
                0x000000000800246c                EXTI2_IRQHandler
                0x000000000800246c                TIM1_CC_IRQHandler
                0x000000000800246c                PVD_IRQHandler
                0x000000000800246c                EXTI3_IRQHandler
                0x000000000800246c                EXTI0_IRQHandler
                0x000000000800246c                I2C2_EV_IRQHandler
                0x000000000800246c                ADC1_2_IRQHandler
                0x000000000800246c                SPI1_IRQHandler
                0x000000000800246c                TAMPER_IRQHandler
                0x000000000800246c                DMA1_Channel4_IRQHandler
                0x000000000800246c                USART3_IRQHandler
                0x000000000800246c                RTC_IRQHandler
                0x000000000800246c                DMA1_Channel7_IRQHandler
                0x000000000800246c                CAN1_RX1_IRQHandler
                0x000000000800246c                I2C1_EV_IRQHandler
                0x000000000800246c                DMA1_Channel6_IRQHandler
                0x000000000800246c                TIM3_IRQHandler
                0x000000000800246c                RCC_IRQHandler
                0x000000000800246c                TIM1_TRG_COM_IRQHandler
                0x000000000800246c                DMA1_Channel1_IRQHandler
                0x000000000800246c                Default_Handler
                0x000000000800246c                SPI2_IRQHandler
                0x000000000800246c                DMA1_Channel5_IRQHandler
                0x000000000800246c                EXTI4_IRQHandler
                0x000000000800246c                USB_LP_CAN1_RX0_IRQHandler
                0x000000000800246c                USB_HP_CAN1_TX_IRQHandler
                0x000000000800246c                DMA1_Channel3_IRQHandler
                0x000000000800246c                TIM1_UP_IRQHandler
                0x000000000800246c                WWDG_IRQHandler
                0x000000000800246c                TIM1_BRK_IRQHandler
                0x000000000800246c                EXTI1_IRQHandler
                0x000000000800246c                USART2_IRQHandler
                0x000000000800246c                I2C2_ER_IRQHandler
                0x000000000800246c                DMA1_Channel2_IRQHandler
                0x000000000800246c                CAN1_SCE_IRQHandler
                0x000000000800246c                FLASH_IRQHandler
                0x000000000800246c                USART1_IRQHandler
                0x000000000800246c                I2C1_ER_IRQHandler
                0x000000000800246c                USBWakeUp_IRQHandler
 *fill*         0x000000000800246e        0x2 
 .text.HAL_Init
                0x0000000008002470       0x2c ./Drivers/STM32F1xx_HAL_Driver/Src/stm32f1xx_hal.o
                0x0000000008002470                HAL_Init
 .text.HAL_InitTick
                0x000000000800249c       0x60 ./Drivers/STM32F1xx_HAL_Driver/Src/stm32f1xx_hal.o
                0x000000000800249c                HAL_InitTick
 .text.HAL_IncTick
                0x00000000080024fc       0x24 ./Drivers/STM32F1xx_HAL_Driver/Src/stm32f1xx_hal.o
                0x00000000080024fc                HAL_IncTick
 .text.HAL_GetTick
                0x0000000008002520       0x14 ./Drivers/STM32F1xx_HAL_Driver/Src/stm32f1xx_hal.o
                0x0000000008002520                HAL_GetTick
 .text.HAL_Delay
                0x0000000008002534       0x48 ./Drivers/STM32F1xx_HAL_Driver/Src/stm32f1xx_hal.o
                0x0000000008002534                HAL_Delay
 .text.HAL_SuspendTick
                0x000000000800257c       0x1c ./Drivers/STM32F1xx_HAL_Driver/Src/stm32f1xx_hal.o
                0x000000000800257c                HAL_SuspendTick
 .text.HAL_ResumeTick
                0x0000000008002598       0x1c ./Drivers/STM32F1xx_HAL_Driver/Src/stm32f1xx_hal.o
                0x0000000008002598                HAL_ResumeTick
 .text.HAL_ADC_Init
                0x00000000080025b4      0x1b0 ./Drivers/STM32F1xx_HAL_Driver/Src/stm32f1xx_hal_adc.o
                0x00000000080025b4                HAL_ADC_Init
 .text.HAL_ADC_ConfigChannel
                0x0000000008002764      0x1f0 ./Drivers/STM32F1xx_HAL_Driver/Src/stm32f1xx_hal_adc.o
                0x0000000008002764                HAL_ADC_ConfigChannel
 .text.ADC_ConversionStop_Disable
                0x0000000008002954       0x82 ./Drivers/STM32F1xx_HAL_Driver/Src/stm32f1xx_hal_adc.o
                0x0000000008002954                ADC_ConversionStop_Disable
 *fill*         0x00000000080029d6        0x2 
 .text.__NVIC_SetPriorityGrouping
                0x00000000080029d8       0x48 ./Drivers/STM32F1xx_HAL_Driver/Src/stm32f1xx_hal_cortex.o
 .text.__NVIC_GetPriorityGrouping
                0x0000000008002a20       0x1c ./Drivers/STM32F1xx_HAL_Driver/Src/stm32f1xx_hal_cortex.o
 .text.__NVIC_EnableIRQ
                0x0000000008002a3c       0x38 ./Drivers/STM32F1xx_HAL_Driver/Src/stm32f1xx_hal_cortex.o
 .text.__NVIC_SetPriority
                0x0000000008002a74       0x54 ./Drivers/STM32F1xx_HAL_Driver/Src/stm32f1xx_hal_cortex.o
 .text.NVIC_EncodePriority
                0x0000000008002ac8       0x64 ./Drivers/STM32F1xx_HAL_Driver/Src/stm32f1xx_hal_cortex.o
 .text.SysTick_Config
                0x0000000008002b2c       0x44 ./Drivers/STM32F1xx_HAL_Driver/Src/stm32f1xx_hal_cortex.o
 .text.HAL_NVIC_SetPriorityGrouping
                0x0000000008002b70       0x16 ./Drivers/STM32F1xx_HAL_Driver/Src/stm32f1xx_hal_cortex.o
                0x0000000008002b70                HAL_NVIC_SetPriorityGrouping
 .text.HAL_NVIC_SetPriority
                0x0000000008002b86       0x38 ./Drivers/STM32F1xx_HAL_Driver/Src/stm32f1xx_hal_cortex.o
                0x0000000008002b86                HAL_NVIC_SetPriority
 .text.HAL_NVIC_EnableIRQ
                0x0000000008002bbe       0x1c ./Drivers/STM32F1xx_HAL_Driver/Src/stm32f1xx_hal_cortex.o
                0x0000000008002bbe                HAL_NVIC_EnableIRQ
 .text.HAL_SYSTICK_Config
                0x0000000008002bda       0x18 ./Drivers/STM32F1xx_HAL_Driver/Src/stm32f1xx_hal_cortex.o
                0x0000000008002bda                HAL_SYSTICK_Config
 *fill*         0x0000000008002bf2        0x2 
 .text.HAL_GPIO_Init
                0x0000000008002bf4      0x308 ./Drivers/STM32F1xx_HAL_Driver/Src/stm32f1xx_hal_gpio.o
                0x0000000008002bf4                HAL_GPIO_Init
 .text.HAL_GPIO_ReadPin
                0x0000000008002efc       0x2e ./Drivers/STM32F1xx_HAL_Driver/Src/stm32f1xx_hal_gpio.o
                0x0000000008002efc                HAL_GPIO_ReadPin
 .text.HAL_GPIO_WritePin
                0x0000000008002f2a       0x30 ./Drivers/STM32F1xx_HAL_Driver/Src/stm32f1xx_hal_gpio.o
                0x0000000008002f2a                HAL_GPIO_WritePin
 *fill*         0x0000000008002f5a        0x2 
 .text.HAL_GPIO_EXTI_IRQHandler
                0x0000000008002f5c       0x30 ./Drivers/STM32F1xx_HAL_Driver/Src/stm32f1xx_hal_gpio.o
                0x0000000008002f5c                HAL_GPIO_EXTI_IRQHandler
 .text.HAL_I2C_Init
                0x0000000008002f8c      0x288 ./Drivers/STM32F1xx_HAL_Driver/Src/stm32f1xx_hal_i2c.o
                0x0000000008002f8c                HAL_I2C_Init
 .text.HAL_I2C_Master_Transmit
                0x0000000008003214      0x1fc ./Drivers/STM32F1xx_HAL_Driver/Src/stm32f1xx_hal_i2c.o
                0x0000000008003214                HAL_I2C_Master_Transmit
 .text.HAL_I2C_Mem_Write
                0x0000000008003410      0x1f4 ./Drivers/STM32F1xx_HAL_Driver/Src/stm32f1xx_hal_i2c.o
                0x0000000008003410                HAL_I2C_Mem_Write
 .text.HAL_I2C_Mem_Read
                0x0000000008003604      0x4e8 ./Drivers/STM32F1xx_HAL_Driver/Src/stm32f1xx_hal_i2c.o
                0x0000000008003604                HAL_I2C_Mem_Read
 .text.HAL_I2C_IsDeviceReady
                0x0000000008003aec      0x25c ./Drivers/STM32F1xx_HAL_Driver/Src/stm32f1xx_hal_i2c.o
                0x0000000008003aec                HAL_I2C_IsDeviceReady
 .text.I2C_MasterRequestWrite
                0x0000000008003d48      0x104 ./Drivers/STM32F1xx_HAL_Driver/Src/stm32f1xx_hal_i2c.o
 .text.I2C_RequestMemoryWrite
                0x0000000008003e4c      0x12c ./Drivers/STM32F1xx_HAL_Driver/Src/stm32f1xx_hal_i2c.o
 .text.I2C_RequestMemoryRead
                0x0000000008003f78      0x1d0 ./Drivers/STM32F1xx_HAL_Driver/Src/stm32f1xx_hal_i2c.o
 .text.I2C_WaitOnFlagUntilTimeout
                0x0000000008004148       0xf4 ./Drivers/STM32F1xx_HAL_Driver/Src/stm32f1xx_hal_i2c.o
 .text.I2C_WaitOnMasterAddressFlagUntilTimeout
                0x000000000800423c      0x140 ./Drivers/STM32F1xx_HAL_Driver/Src/stm32f1xx_hal_i2c.o
 .text.I2C_WaitOnTXEFlagUntilTimeout
                0x000000000800437c       0x90 ./Drivers/STM32F1xx_HAL_Driver/Src/stm32f1xx_hal_i2c.o
 .text.I2C_WaitOnBTFFlagUntilTimeout
                0x000000000800440c       0x90 ./Drivers/STM32F1xx_HAL_Driver/Src/stm32f1xx_hal_i2c.o
 .text.I2C_WaitOnRXNEFlagUntilTimeout
                0x000000000800449c       0xba ./Drivers/STM32F1xx_HAL_Driver/Src/stm32f1xx_hal_i2c.o
 .text.I2C_IsAcknowledgeFailed
                0x0000000008004556       0x5c ./Drivers/STM32F1xx_HAL_Driver/Src/stm32f1xx_hal_i2c.o
 *fill*         0x00000000080045b2        0x2 
 .text.HAL_RCC_OscConfig
                0x00000000080045b4      0x504 ./Drivers/STM32F1xx_HAL_Driver/Src/stm32f1xx_hal_rcc.o
                0x00000000080045b4                HAL_RCC_OscConfig
 .text.HAL_RCC_ClockConfig
                0x0000000008004ab8      0x1d4 ./Drivers/STM32F1xx_HAL_Driver/Src/stm32f1xx_hal_rcc.o
                0x0000000008004ab8                HAL_RCC_ClockConfig
 .text.HAL_RCC_GetSysClockFreq
                0x0000000008004c8c       0xa8 ./Drivers/STM32F1xx_HAL_Driver/Src/stm32f1xx_hal_rcc.o
                0x0000000008004c8c                HAL_RCC_GetSysClockFreq
 .text.HAL_RCC_GetHCLKFreq
                0x0000000008004d34       0x14 ./Drivers/STM32F1xx_HAL_Driver/Src/stm32f1xx_hal_rcc.o
                0x0000000008004d34                HAL_RCC_GetHCLKFreq
 .text.HAL_RCC_GetPCLK1Freq
                0x0000000008004d48       0x28 ./Drivers/STM32F1xx_HAL_Driver/Src/stm32f1xx_hal_rcc.o
                0x0000000008004d48                HAL_RCC_GetPCLK1Freq
 .text.RCC_Delay
                0x0000000008004d70       0x3c ./Drivers/STM32F1xx_HAL_Driver/Src/stm32f1xx_hal_rcc.o
 .text.HAL_RCCEx_PeriphCLKConfig
                0x0000000008004dac      0x16c ./Drivers/STM32F1xx_HAL_Driver/Src/stm32f1xx_hal_rcc_ex.o
                0x0000000008004dac                HAL_RCCEx_PeriphCLKConfig
 .text.HAL_TIM_Base_Init
                0x0000000008004f18       0x9e ./Drivers/STM32F1xx_HAL_Driver/Src/stm32f1xx_hal_tim.o
                0x0000000008004f18                HAL_TIM_Base_Init
 *fill*         0x0000000008004fb6        0x2 
 .text.HAL_TIM_Base_Start_IT
                0x0000000008004fb8       0xa4 ./Drivers/STM32F1xx_HAL_Driver/Src/stm32f1xx_hal_tim.o
                0x0000000008004fb8                HAL_TIM_Base_Start_IT
 .text.HAL_TIM_OC_Init
                0x000000000800505c       0x9e ./Drivers/STM32F1xx_HAL_Driver/Src/stm32f1xx_hal_tim.o
                0x000000000800505c                HAL_TIM_OC_Init
 .text.HAL_TIM_OC_MspInit
                0x00000000080050fa       0x12 ./Drivers/STM32F1xx_HAL_Driver/Src/stm32f1xx_hal_tim.o
                0x00000000080050fa                HAL_TIM_OC_MspInit
 .text.HAL_TIM_OC_Stop_IT
                0x000000000800510c      0x164 ./Drivers/STM32F1xx_HAL_Driver/Src/stm32f1xx_hal_tim.o
                0x000000000800510c                HAL_TIM_OC_Stop_IT
 .text.HAL_TIM_IRQHandler
                0x0000000008005270      0x1e0 ./Drivers/STM32F1xx_HAL_Driver/Src/stm32f1xx_hal_tim.o
                0x0000000008005270                HAL_TIM_IRQHandler
 .text.HAL_TIM_OC_ConfigChannel
                0x0000000008005450       0xb8 ./Drivers/STM32F1xx_HAL_Driver/Src/stm32f1xx_hal_tim.o
                0x0000000008005450                HAL_TIM_OC_ConfigChannel
 .text.HAL_TIM_ConfigClockSource
                0x0000000008005508      0x18e ./Drivers/STM32F1xx_HAL_Driver/Src/stm32f1xx_hal_tim.o
                0x0000000008005508                HAL_TIM_ConfigClockSource
 .text.HAL_TIM_OC_DelayElapsedCallback
                0x0000000008005696       0x12 ./Drivers/STM32F1xx_HAL_Driver/Src/stm32f1xx_hal_tim.o
                0x0000000008005696                HAL_TIM_OC_DelayElapsedCallback
 .text.HAL_TIM_IC_CaptureCallback
                0x00000000080056a8       0x12 ./Drivers/STM32F1xx_HAL_Driver/Src/stm32f1xx_hal_tim.o
                0x00000000080056a8                HAL_TIM_IC_CaptureCallback
 .text.HAL_TIM_PWM_PulseFinishedCallback
                0x00000000080056ba       0x12 ./Drivers/STM32F1xx_HAL_Driver/Src/stm32f1xx_hal_tim.o
                0x00000000080056ba                HAL_TIM_PWM_PulseFinishedCallback
 .text.HAL_TIM_TriggerCallback
                0x00000000080056cc       0x12 ./Drivers/STM32F1xx_HAL_Driver/Src/stm32f1xx_hal_tim.o
                0x00000000080056cc                HAL_TIM_TriggerCallback
 *fill*         0x00000000080056de        0x2 
 .text.TIM_Base_SetConfig
                0x00000000080056e0       0xdc ./Drivers/STM32F1xx_HAL_Driver/Src/stm32f1xx_hal_tim.o
                0x00000000080056e0                TIM_Base_SetConfig
 .text.TIM_OC1_SetConfig
                0x00000000080057bc       0xcc ./Drivers/STM32F1xx_HAL_Driver/Src/stm32f1xx_hal_tim.o
 .text.TIM_OC2_SetConfig
                0x0000000008005888       0xd4 ./Drivers/STM32F1xx_HAL_Driver/Src/stm32f1xx_hal_tim.o
                0x0000000008005888                TIM_OC2_SetConfig
 .text.TIM_OC3_SetConfig
                0x000000000800595c       0xd4 ./Drivers/STM32F1xx_HAL_Driver/Src/stm32f1xx_hal_tim.o
 .text.TIM_OC4_SetConfig
                0x0000000008005a30       0x9c ./Drivers/STM32F1xx_HAL_Driver/Src/stm32f1xx_hal_tim.o
 .text.TIM_TI1_ConfigInputStage
                0x0000000008005acc       0x5c ./Drivers/STM32F1xx_HAL_Driver/Src/stm32f1xx_hal_tim.o
 .text.TIM_TI2_ConfigInputStage
                0x0000000008005b28       0x5e ./Drivers/STM32F1xx_HAL_Driver/Src/stm32f1xx_hal_tim.o
 .text.TIM_ITRx_SetConfig
                0x0000000008005b86       0x34 ./Drivers/STM32F1xx_HAL_Driver/Src/stm32f1xx_hal_tim.o
 .text.TIM_ETR_SetConfig
                0x0000000008005bba       0x3e ./Drivers/STM32F1xx_HAL_Driver/Src/stm32f1xx_hal_tim.o
                0x0000000008005bba                TIM_ETR_SetConfig
 .text.TIM_CCxChannelCmd
                0x0000000008005bf8       0x48 ./Drivers/STM32F1xx_HAL_Driver/Src/stm32f1xx_hal_tim.o
                0x0000000008005bf8                TIM_CCxChannelCmd
 .text.HAL_TIMEx_MasterConfigSynchronization
                0x0000000008005c40       0xbc ./Drivers/STM32F1xx_HAL_Driver/Src/stm32f1xx_hal_tim_ex.o
                0x0000000008005c40                HAL_TIMEx_MasterConfigSynchronization
 .text.HAL_TIMEx_CommutCallback
                0x0000000008005cfc       0x12 ./Drivers/STM32F1xx_HAL_Driver/Src/stm32f1xx_hal_tim_ex.o
                0x0000000008005cfc                HAL_TIMEx_CommutCallback
 .text.HAL_TIMEx_BreakCallback
                0x0000000008005d0e       0x12 ./Drivers/STM32F1xx_HAL_Driver/Src/stm32f1xx_hal_tim_ex.o
                0x0000000008005d0e                HAL_TIMEx_BreakCallback
 .text.__errno  0x0000000008005d20        0xc c:/st/stm32cubeide_1.10.1/stm32cubeide/plugins/com.st.stm32cube.ide.mcu.externaltools.gnu-tools-for-stm32.10.3-2021.10.win32_1.0.0.202111181127/tools/bin/../lib/gcc/arm-none-eabi/10.3.1/../../../../arm-none-eabi/lib/thumb/v7-m/nofp\libc_nano.a(lib_a-errno.o)
                0x0000000008005d20                __errno
 .text.__libc_init_array
                0x0000000008005d2c       0x48 c:/st/stm32cubeide_1.10.1/stm32cubeide/plugins/com.st.stm32cube.ide.mcu.externaltools.gnu-tools-for-stm32.10.3-2021.10.win32_1.0.0.202111181127/tools/bin/../lib/gcc/arm-none-eabi/10.3.1/../../../../arm-none-eabi/lib/thumb/v7-m/nofp\libc_nano.a(lib_a-init.o)
                0x0000000008005d2c                __libc_init_array
 .text.memset   0x0000000008005d74       0x10 c:/st/stm32cubeide_1.10.1/stm32cubeide/plugins/com.st.stm32cube.ide.mcu.externaltools.gnu-tools-for-stm32.10.3-2021.10.win32_1.0.0.202111181127/tools/bin/../lib/gcc/arm-none-eabi/10.3.1/../../../../arm-none-eabi/lib/thumb/v7-m/nofp\libc_nano.a(lib_a-memset.o)
                0x0000000008005d74                memset
 .text.sprintf  0x0000000008005d84       0x40 c:/st/stm32cubeide_1.10.1/stm32cubeide/plugins/com.st.stm32cube.ide.mcu.externaltools.gnu-tools-for-stm32.10.3-2021.10.win32_1.0.0.202111181127/tools/bin/../lib/gcc/arm-none-eabi/10.3.1/../../../../arm-none-eabi/lib/thumb/v7-m/nofp\libc_nano.a(lib_a-sprintf.o)
                0x0000000008005d84                siprintf
                0x0000000008005d84                sprintf
 .text.__ssputs_r
                0x0000000008005dc4       0xb6 c:/st/stm32cubeide_1.10.1/stm32cubeide/plugins/com.st.stm32cube.ide.mcu.externaltools.gnu-tools-for-stm32.10.3-2021.10.win32_1.0.0.202111181127/tools/bin/../lib/gcc/arm-none-eabi/10.3.1/../../../../arm-none-eabi/lib/thumb/v7-m/nofp\libc_nano.a(lib_a-nano-svfprintf.o)
                0x0000000008005dc4                __ssputs_r
 *fill*         0x0000000008005e7a        0x2 
 .text._svfprintf_r
                0x0000000008005e7c      0x200 c:/st/stm32cubeide_1.10.1/stm32cubeide/plugins/com.st.stm32cube.ide.mcu.externaltools.gnu-tools-for-stm32.10.3-2021.10.win32_1.0.0.202111181127/tools/bin/../lib/gcc/arm-none-eabi/10.3.1/../../../../arm-none-eabi/lib/thumb/v7-m/nofp\libc_nano.a(lib_a-nano-svfprintf.o)
                0x0000000008005e7c                _svfiprintf_r
                0x0000000008005e7c                _svfprintf_r
 .text._printf_common
                0x000000000800607c       0xde c:/st/stm32cubeide_1.10.1/stm32cubeide/plugins/com.st.stm32cube.ide.mcu.externaltools.gnu-tools-for-stm32.10.3-2021.10.win32_1.0.0.202111181127/tools/bin/../lib/gcc/arm-none-eabi/10.3.1/../../../../arm-none-eabi/lib/thumb/v7-m/nofp\libc_nano.a(lib_a-nano-vfprintf_i.o)
                0x000000000800607c                _printf_common
 *fill*         0x000000000800615a        0x2 
 .text._printf_i
                0x000000000800615c      0x24c c:/st/stm32cubeide_1.10.1/stm32cubeide/plugins/com.st.stm32cube.ide.mcu.externaltools.gnu-tools-for-stm32.10.3-2021.10.win32_1.0.0.202111181127/tools/bin/../lib/gcc/arm-none-eabi/10.3.1/../../../../arm-none-eabi/lib/thumb/v7-m/nofp\libc_nano.a(lib_a-nano-vfprintf_i.o)
                0x000000000800615c                _printf_i
 .text.memchr   0x00000000080063a8       0x1c c:/st/stm32cubeide_1.10.1/stm32cubeide/plugins/com.st.stm32cube.ide.mcu.externaltools.gnu-tools-for-stm32.10.3-2021.10.win32_1.0.0.202111181127/tools/bin/../lib/gcc/arm-none-eabi/10.3.1/../../../../arm-none-eabi/lib/thumb/v7-m/nofp\libc_nano.a(lib_a-memchr-stub.o)
                0x00000000080063a8                memchr
 .text.memcpy   0x00000000080063c4       0x1c c:/st/stm32cubeide_1.10.1/stm32cubeide/plugins/com.st.stm32cube.ide.mcu.externaltools.gnu-tools-for-stm32.10.3-2021.10.win32_1.0.0.202111181127/tools/bin/../lib/gcc/arm-none-eabi/10.3.1/../../../../arm-none-eabi/lib/thumb/v7-m/nofp\libc_nano.a(lib_a-memcpy-stub.o)
                0x00000000080063c4                memcpy
 .text.memmove  0x00000000080063e0       0x34 c:/st/stm32cubeide_1.10.1/stm32cubeide/plugins/com.st.stm32cube.ide.mcu.externaltools.gnu-tools-for-stm32.10.3-2021.10.win32_1.0.0.202111181127/tools/bin/../lib/gcc/arm-none-eabi/10.3.1/../../../../arm-none-eabi/lib/thumb/v7-m/nofp\libc_nano.a(lib_a-memmove.o)
                0x00000000080063e0                memmove
 .text._free_r  0x0000000008006414       0x90 c:/st/stm32cubeide_1.10.1/stm32cubeide/plugins/com.st.stm32cube.ide.mcu.externaltools.gnu-tools-for-stm32.10.3-2021.10.win32_1.0.0.202111181127/tools/bin/../lib/gcc/arm-none-eabi/10.3.1/../../../../arm-none-eabi/lib/thumb/v7-m/nofp\libc_nano.a(lib_a-nano-freer.o)
                0x0000000008006414                _free_r
 .text.sbrk_aligned
                0x00000000080064a4       0x40 c:/st/stm32cubeide_1.10.1/stm32cubeide/plugins/com.st.stm32cube.ide.mcu.externaltools.gnu-tools-for-stm32.10.3-2021.10.win32_1.0.0.202111181127/tools/bin/../lib/gcc/arm-none-eabi/10.3.1/../../../../arm-none-eabi/lib/thumb/v7-m/nofp\libc_nano.a(lib_a-nano-mallocr.o)
 .text._malloc_r
                0x00000000080064e4       0xe8 c:/st/stm32cubeide_1.10.1/stm32cubeide/plugins/com.st.stm32cube.ide.mcu.externaltools.gnu-tools-for-stm32.10.3-2021.10.win32_1.0.0.202111181127/tools/bin/../lib/gcc/arm-none-eabi/10.3.1/../../../../arm-none-eabi/lib/thumb/v7-m/nofp\libc_nano.a(lib_a-nano-mallocr.o)
                0x00000000080064e4                _malloc_r
 .text._realloc_r
                0x00000000080065cc       0x5e c:/st/stm32cubeide_1.10.1/stm32cubeide/plugins/com.st.stm32cube.ide.mcu.externaltools.gnu-tools-for-stm32.10.3-2021.10.win32_1.0.0.202111181127/tools/bin/../lib/gcc/arm-none-eabi/10.3.1/../../../../arm-none-eabi/lib/thumb/v7-m/nofp\libc_nano.a(lib_a-nano-reallocr.o)
                0x00000000080065cc                _realloc_r
 *fill*         0x000000000800662a        0x2 
 .text._sbrk_r  0x000000000800662c       0x20 c:/st/stm32cubeide_1.10.1/stm32cubeide/plugins/com.st.stm32cube.ide.mcu.externaltools.gnu-tools-for-stm32.10.3-2021.10.win32_1.0.0.202111181127/tools/bin/../lib/gcc/arm-none-eabi/10.3.1/../../../../arm-none-eabi/lib/thumb/v7-m/nofp\libc_nano.a(lib_a-sbrkr.o)
                0x000000000800662c                _sbrk_r
 .text.__malloc_lock
                0x000000000800664c        0xc c:/st/stm32cubeide_1.10.1/stm32cubeide/plugins/com.st.stm32cube.ide.mcu.externaltools.gnu-tools-for-stm32.10.3-2021.10.win32_1.0.0.202111181127/tools/bin/../lib/gcc/arm-none-eabi/10.3.1/../../../../arm-none-eabi/lib/thumb/v7-m/nofp\libc_nano.a(lib_a-mlock.o)
                0x000000000800664c                __malloc_lock
 .text.__malloc_unlock
                0x0000000008006658        0xc c:/st/stm32cubeide_1.10.1/stm32cubeide/plugins/com.st.stm32cube.ide.mcu.externaltools.gnu-tools-for-stm32.10.3-2021.10.win32_1.0.0.202111181127/tools/bin/../lib/gcc/arm-none-eabi/10.3.1/../../../../arm-none-eabi/lib/thumb/v7-m/nofp\libc_nano.a(lib_a-mlock.o)
                0x0000000008006658                __malloc_unlock
 .text._malloc_usable_size_r
                0x0000000008006664       0x10 c:/st/stm32cubeide_1.10.1/stm32cubeide/plugins/com.st.stm32cube.ide.mcu.externaltools.gnu-tools-for-stm32.10.3-2021.10.win32_1.0.0.202111181127/tools/bin/../lib/gcc/arm-none-eabi/10.3.1/../../../../arm-none-eabi/lib/thumb/v7-m/nofp\libc_nano.a(lib_a-nano-msizer.o)
                0x0000000008006664                _malloc_usable_size_r
 .text.__retarget_lock_acquire_recursive
                0x0000000008006674        0x2 c:/st/stm32cubeide_1.10.1/stm32cubeide/plugins/com.st.stm32cube.ide.mcu.externaltools.gnu-tools-for-stm32.10.3-2021.10.win32_1.0.0.202111181127/tools/bin/../lib/gcc/arm-none-eabi/10.3.1/../../../../arm-none-eabi/lib/thumb/v7-m/nofp\libc_nano.a(lib_a-lock.o)
                0x0000000008006674                __retarget_lock_acquire_recursive
 .text.__retarget_lock_release_recursive
                0x0000000008006676        0x2 c:/st/stm32cubeide_1.10.1/stm32cubeide/plugins/com.st.stm32cube.ide.mcu.externaltools.gnu-tools-for-stm32.10.3-2021.10.win32_1.0.0.202111181127/tools/bin/../lib/gcc/arm-none-eabi/10.3.1/../../../../arm-none-eabi/lib/thumb/v7-m/nofp\libc_nano.a(lib_a-lock.o)
                0x0000000008006676                __retarget_lock_release_recursive
 *(.glue_7)
 .glue_7        0x0000000008006678        0x0 linker stubs
 *(.glue_7t)
 .glue_7t       0x0000000008006678        0x0 linker stubs
 *(.eh_frame)
 .eh_frame      0x0000000008006678        0x0 c:/st/stm32cubeide_1.10.1/stm32cubeide/plugins/com.st.stm32cube.ide.mcu.externaltools.gnu-tools-for-stm32.10.3-2021.10.win32_1.0.0.202111181127/tools/bin/../lib/gcc/arm-none-eabi/10.3.1/thumb/v7-m/nofp/crtbegin.o
 *(.init)
 .init          0x0000000008006678        0x4 c:/st/stm32cubeide_1.10.1/stm32cubeide/plugins/com.st.stm32cube.ide.mcu.externaltools.gnu-tools-for-stm32.10.3-2021.10.win32_1.0.0.202111181127/tools/bin/../lib/gcc/arm-none-eabi/10.3.1/thumb/v7-m/nofp/crti.o
                0x0000000008006678                _init
 .init          0x000000000800667c        0x8 c:/st/stm32cubeide_1.10.1/stm32cubeide/plugins/com.st.stm32cube.ide.mcu.externaltools.gnu-tools-for-stm32.10.3-2021.10.win32_1.0.0.202111181127/tools/bin/../lib/gcc/arm-none-eabi/10.3.1/thumb/v7-m/nofp/crtn.o
 *(.fini)
 .fini          0x0000000008006684        0x4 c:/st/stm32cubeide_1.10.1/stm32cubeide/plugins/com.st.stm32cube.ide.mcu.externaltools.gnu-tools-for-stm32.10.3-2021.10.win32_1.0.0.202111181127/tools/bin/../lib/gcc/arm-none-eabi/10.3.1/thumb/v7-m/nofp/crti.o
                0x0000000008006684                _fini
 .fini          0x0000000008006688        0x8 c:/st/stm32cubeide_1.10.1/stm32cubeide/plugins/com.st.stm32cube.ide.mcu.externaltools.gnu-tools-for-stm32.10.3-2021.10.win32_1.0.0.202111181127/tools/bin/../lib/gcc/arm-none-eabi/10.3.1/thumb/v7-m/nofp/crtn.o
                0x0000000008006690                . = ALIGN (0x4)
                0x0000000008006690                _etext = .

.vfp11_veneer   0x0000000008006690        0x0
 .vfp11_veneer  0x0000000008006690        0x0 linker stubs

.v4_bx          0x0000000008006690        0x0
 .v4_bx         0x0000000008006690        0x0 linker stubs

.iplt           0x0000000008006690        0x0
 .iplt          0x0000000008006690        0x0 c:/st/stm32cubeide_1.10.1/stm32cubeide/plugins/com.st.stm32cube.ide.mcu.externaltools.gnu-tools-for-stm32.10.3-2021.10.win32_1.0.0.202111181127/tools/bin/../lib/gcc/arm-none-eabi/10.3.1/thumb/v7-m/nofp/crtbegin.o

.rodata         0x0000000008006690      0x334
                0x0000000008006690                . = ALIGN (0x4)
 *(.rodata)
 .rodata        0x0000000008006690       0x20 ./Core/Src/eeprom_handler.o
 .rodata        0x00000000080066b0       0x11 ./Core/Src/i2c_lcd.o
 *fill*         0x00000000080066c1        0x3 
 .rodata        0x00000000080066c4      0x1ae ./Core/Src/main.o
 *fill*         0x0000000008006872        0x2 
 .rodata        0x0000000008006874       0xef ./Core/Src/washing_procedure.o
 *(.rodata*)
 *fill*         0x0000000008006963        0x1 
 .rodata.AHBPrescTable
                0x0000000008006964       0x10 ./Core/Src/system_stm32f1xx.o
                0x0000000008006964                AHBPrescTable
 .rodata.APBPrescTable
                0x0000000008006974        0x8 ./Core/Src/system_stm32f1xx.o
                0x0000000008006974                APBPrescTable
 .rodata.aPLLMULFactorTable.1
                0x000000000800697c       0x10 ./Drivers/STM32F1xx_HAL_Driver/Src/stm32f1xx_hal_rcc.o
 .rodata.aPredivFactorTable.0
                0x000000000800698c        0x2 ./Drivers/STM32F1xx_HAL_Driver/Src/stm32f1xx_hal_rcc.o
 .rodata._svfprintf_r.str1.1
                0x000000000800698e       0x11 c:/st/stm32cubeide_1.10.1/stm32cubeide/plugins/com.st.stm32cube.ide.mcu.externaltools.gnu-tools-for-stm32.10.3-2021.10.win32_1.0.0.202111181127/tools/bin/../lib/gcc/arm-none-eabi/10.3.1/../../../../arm-none-eabi/lib/thumb/v7-m/nofp\libc_nano.a(lib_a-nano-svfprintf.o)
 .rodata._printf_i.str1.1
                0x000000000800699f       0x22 c:/st/stm32cubeide_1.10.1/stm32cubeide/plugins/com.st.stm32cube.ide.mcu.externaltools.gnu-tools-for-stm32.10.3-2021.10.win32_1.0.0.202111181127/tools/bin/../lib/gcc/arm-none-eabi/10.3.1/../../../../arm-none-eabi/lib/thumb/v7-m/nofp\libc_nano.a(lib_a-nano-vfprintf_i.o)
                0x00000000080069c4                . = ALIGN (0x4)
 *fill*         0x00000000080069c1        0x3 

.rel.dyn        0x00000000080069c4        0x0
 .rel.iplt      0x00000000080069c4        0x0 c:/st/stm32cubeide_1.10.1/stm32cubeide/plugins/com.st.stm32cube.ide.mcu.externaltools.gnu-tools-for-stm32.10.3-2021.10.win32_1.0.0.202111181127/tools/bin/../lib/gcc/arm-none-eabi/10.3.1/thumb/v7-m/nofp/crtbegin.o

.ARM.extab      0x00000000080069c4        0x0
                0x00000000080069c4                . = ALIGN (0x4)
 *(.ARM.extab* .gnu.linkonce.armextab.*)
                0x00000000080069c4                . = ALIGN (0x4)

.ARM            0x00000000080069c4        0x0
                0x00000000080069c4                . = ALIGN (0x4)
                0x00000000080069c4                __exidx_start = .
 *(.ARM.exidx*)
                0x00000000080069c4                __exidx_end = .
                0x00000000080069c4                . = ALIGN (0x4)

.preinit_array  0x00000000080069c4        0x0
                0x00000000080069c4                . = ALIGN (0x4)
                0x00000000080069c4                PROVIDE (__preinit_array_start = .)
 *(.preinit_array*)
                0x00000000080069c4                PROVIDE (__preinit_array_end = .)
                0x00000000080069c4                . = ALIGN (0x4)

.init_array     0x00000000080069c4        0x4
                0x00000000080069c4                . = ALIGN (0x4)
                0x00000000080069c4                PROVIDE (__init_array_start = .)
 *(SORT_BY_NAME(.init_array.*))
 *(.init_array*)
 .init_array    0x00000000080069c4        0x4 c:/st/stm32cubeide_1.10.1/stm32cubeide/plugins/com.st.stm32cube.ide.mcu.externaltools.gnu-tools-for-stm32.10.3-2021.10.win32_1.0.0.202111181127/tools/bin/../lib/gcc/arm-none-eabi/10.3.1/thumb/v7-m/nofp/crtbegin.o
                0x00000000080069c8                PROVIDE (__init_array_end = .)
                0x00000000080069c8                . = ALIGN (0x4)

.fini_array     0x00000000080069c8        0x4
                0x00000000080069c8                . = ALIGN (0x4)
                [!provide]                        PROVIDE (__fini_array_start = .)
 *(SORT_BY_NAME(.fini_array.*))
 *(.fini_array*)
 .fini_array    0x00000000080069c8        0x4 c:/st/stm32cubeide_1.10.1/stm32cubeide/plugins/com.st.stm32cube.ide.mcu.externaltools.gnu-tools-for-stm32.10.3-2021.10.win32_1.0.0.202111181127/tools/bin/../lib/gcc/arm-none-eabi/10.3.1/thumb/v7-m/nofp/crtbegin.o
                [!provide]                        PROVIDE (__fini_array_end = .)
                0x00000000080069cc                . = ALIGN (0x4)
                0x00000000080069cc                _sidata = LOADADDR (.data)

.data           0x0000000020000000       0x8c load address 0x00000000080069cc
                0x0000000020000000                . = ALIGN (0x4)
                0x0000000020000000                _sdata = .
 *(.data)
 *(.data*)
 .data.onStart  0x0000000020000000        0x1 ./Core/Src/main.o
                0x0000000020000000                onStart
 *fill*         0x0000000020000001        0x3 
 .data.mode_names
                0x0000000020000004       0x14 ./Core/Src/main.o
                0x0000000020000004                mode_names
 .data.SystemCoreClock
                0x0000000020000018        0x4 ./Core/Src/system_stm32f1xx.o
                0x0000000020000018                SystemCoreClock
 .data.firstRun_wash.8
                0x000000002000001c        0x1 ./Core/Src/washing_procedure.o
 .data.firstRun_spin.5
                0x000000002000001d        0x1 ./Core/Src/washing_procedure.o
 .data.firstRun_beep.3
                0x000000002000001e        0x1 ./Core/Src/washing_procedure.o
 *fill*         0x000000002000001f        0x1 
 .data.uwTickPrio
                0x0000000020000020        0x4 ./Drivers/STM32F1xx_HAL_Driver/Src/stm32f1xx_hal.o
                0x0000000020000020                uwTickPrio
 .data.uwTickFreq
                0x0000000020000024        0x1 ./Drivers/STM32F1xx_HAL_Driver/Src/stm32f1xx_hal.o
                0x0000000020000024                uwTickFreq
 *fill*         0x0000000020000025        0x3 
 .data._impure_ptr
                0x0000000020000028        0x4 c:/st/stm32cubeide_1.10.1/stm32cubeide/plugins/com.st.stm32cube.ide.mcu.externaltools.gnu-tools-for-stm32.10.3-2021.10.win32_1.0.0.202111181127/tools/bin/../lib/gcc/arm-none-eabi/10.3.1/../../../../arm-none-eabi/lib/thumb/v7-m/nofp\libc_nano.a(lib_a-impure.o)
                0x0000000020000028                _impure_ptr
 .data.impure_data
                0x000000002000002c       0x60 c:/st/stm32cubeide_1.10.1/stm32cubeide/plugins/com.st.stm32cube.ide.mcu.externaltools.gnu-tools-for-stm32.10.3-2021.10.win32_1.0.0.202111181127/tools/bin/../lib/gcc/arm-none-eabi/10.3.1/../../../../arm-none-eabi/lib/thumb/v7-m/nofp\libc_nano.a(lib_a-impure.o)
 *(.RamFunc)
 *(.RamFunc*)
                0x000000002000008c                . = ALIGN (0x4)
                0x000000002000008c                _edata = .

.igot.plt       0x000000002000008c        0x0 load address 0x0000000008006a58
 .igot.plt      0x000000002000008c        0x0 c:/st/stm32cubeide_1.10.1/stm32cubeide/plugins/com.st.stm32cube.ide.mcu.externaltools.gnu-tools-for-stm32.10.3-2021.10.win32_1.0.0.202111181127/tools/bin/../lib/gcc/arm-none-eabi/10.3.1/thumb/v7-m/nofp/crtbegin.o
                0x000000002000008c                . = ALIGN (0x4)

.bss            0x000000002000008c      0x20c load address 0x0000000008006a58
                0x000000002000008c                _sbss = .
                0x000000002000008c                __bss_start__ = _sbss
 *(.bss)
 .bss           0x000000002000008c       0x1c c:/st/stm32cubeide_1.10.1/stm32cubeide/plugins/com.st.stm32cube.ide.mcu.externaltools.gnu-tools-for-stm32.10.3-2021.10.win32_1.0.0.202111181127/tools/bin/../lib/gcc/arm-none-eabi/10.3.1/thumb/v7-m/nofp/crtbegin.o
 *(.bss*)
 .bss.at24_lock
                0x00000000200000a8        0x1 ./Core/Src/eeprom_handler.o
 *fill*         0x00000000200000a9        0x3 
 .bss.hadc1     0x00000000200000ac       0x30 ./Core/Src/main.o
                0x00000000200000ac                hadc1
 .bss.hi2c1     0x00000000200000dc       0x54 ./Core/Src/main.o
                0x00000000200000dc                hi2c1
 .bss.hi2c2     0x0000000020000130       0x54 ./Core/Src/main.o
                0x0000000020000130                hi2c2
 .bss.htim2     0x0000000020000184       0x48 ./Core/Src/main.o
                0x0000000020000184                htim2
 .bss.htim4     0x00000000200001cc       0x48 ./Core/Src/main.o
                0x00000000200001cc                htim4
 .bss.backup_run_flag
                0x0000000020000214        0x1 ./Core/Src/main.o
                0x0000000020000214                backup_run_flag
 .bss.power_loss_flag
                0x0000000020000215        0x1 ./Core/Src/main.o
                0x0000000020000215                power_loss_flag
 .bss.procedure_run_flag
                0x0000000020000216        0x1 ./Core/Src/main.o
                0x0000000020000216                procedure_run_flag
 .bss.motorRun  0x0000000020000217        0x1 ./Core/Src/main.o
                0x0000000020000217                motorRun
 .bss.paused    0x0000000020000218        0x1 ./Core/Src/main.o
                0x0000000020000218                paused
 .bss.ZC        0x0000000020000219        0x1 ./Core/Src/main.o
                0x0000000020000219                ZC
 .bss.freq_count
                0x000000002000021a        0x2 ./Core/Src/main.o
                0x000000002000021a                freq_count
 .bss.water_level
                0x000000002000021c        0x1 ./Core/Src/main.o
                0x000000002000021c                water_level
 *fill*         0x000000002000021d        0x1 
 .bss.alpha     0x000000002000021e        0x2 ./Core/Src/main.o
                0x000000002000021e                alpha
 .bss.mode_select
                0x0000000020000220        0x3 ./Core/Src/main.o
                0x0000000020000220                mode_select
 *fill*         0x0000000020000223        0x1 
 .bss.backupData_eeprom
                0x0000000020000224        0x9 ./Core/Src/main.o
                0x0000000020000224                backupData_eeprom
 .bss.flag      0x000000002000022d        0x1 ./Core/Src/main.o
                0x000000002000022d                flag
 .bss.has_backup_data
                0x000000002000022e        0x1 ./Core/Src/main.o
                0x000000002000022e                has_backup_data
 *fill*         0x000000002000022f        0x1 
 .bss.previous_mode.3
                0x0000000020000230        0xc ./Core/Src/main.o
 .bss.previous_tick.2
                0x000000002000023c        0x4 ./Core/Src/main.o
 .bss.power_observer_tick.1
                0x0000000020000240        0x4 ./Core/Src/main.o
 .bss.data_saved.0
                0x0000000020000244        0x1 ./Core/Src/main.o
 *fill*         0x0000000020000245        0x3 
 .bss.__sbrk_heap_end
                0x0000000020000248        0x4 ./Core/Src/sysmem.o
 .bss.m_mode_select
                0x000000002000024c        0x3 ./Core/Src/washing_procedure.o
                0x000000002000024c                m_mode_select
 *fill*         0x000000002000024f        0x1 
 .bss.m_current_water_level
                0x0000000020000250        0x4 ./Core/Src/washing_procedure.o
                0x0000000020000250                m_current_water_level
 .bss.m_wash_interval
                0x0000000020000254        0x4 ./Core/Src/washing_procedure.o
                0x0000000020000254                m_wash_interval
 .bss.m_drain_times
                0x0000000020000258        0x1 ./Core/Src/washing_procedure.o
                0x0000000020000258                m_drain_times
 .bss.wash_done
                0x0000000020000259        0x1 ./Core/Src/washing_procedure.o
                0x0000000020000259                wash_done
 *fill*         0x000000002000025a        0x2 
 .bss.p_motorRun
                0x000000002000025c        0x4 ./Core/Src/washing_procedure.o
                0x000000002000025c                p_motorRun
 .bss.elapsed_time_per_mode
                0x0000000020000260        0x4 ./Core/Src/washing_procedure.o
                0x0000000020000260                elapsed_time_per_mode
 .bss.drained_times
                0x0000000020000264        0x1 ./Core/Src/washing_procedure.o
                0x0000000020000264                drained_times
 .bss.current_step
                0x0000000020000265        0x1 ./Core/Src/washing_procedure.o
                0x0000000020000265                current_step
 *fill*         0x0000000020000266        0x2 
 .bss.runningFunc
                0x0000000020000268        0x4 ./Core/Src/washing_procedure.o
                0x0000000020000268                runningFunc
 .bss.time_wash.9
                0x000000002000026c        0x4 ./Core/Src/washing_procedure.o
 .bss.change_direction_time.7
                0x0000000020000270        0x4 ./Core/Src/washing_procedure.o
 .bss.motor_dir.6
                0x0000000020000274        0x1 ./Core/Src/washing_procedure.o
 *fill*         0x0000000020000275        0x3 
 .bss.time_spin.4
                0x0000000020000278        0x4 ./Core/Src/washing_procedure.o
 .bss.time_beep.2
                0x000000002000027c        0x4 ./Core/Src/washing_procedure.o
 .bss.beep_count.1
                0x0000000020000280        0x1 ./Core/Src/washing_procedure.o
 .bss.beep.0    0x0000000020000281        0x1 ./Core/Src/washing_procedure.o
 *fill*         0x0000000020000282        0x2 
 .bss.uwTick    0x0000000020000284        0x4 ./Drivers/STM32F1xx_HAL_Driver/Src/stm32f1xx_hal.o
                0x0000000020000284                uwTick
 .bss.__malloc_free_list
                0x0000000020000288        0x4 c:/st/stm32cubeide_1.10.1/stm32cubeide/plugins/com.st.stm32cube.ide.mcu.externaltools.gnu-tools-for-stm32.10.3-2021.10.win32_1.0.0.202111181127/tools/bin/../lib/gcc/arm-none-eabi/10.3.1/../../../../arm-none-eabi/lib/thumb/v7-m/nofp\libc_nano.a(lib_a-nano-mallocr.o)
                0x0000000020000288                __malloc_free_list
 .bss.__malloc_sbrk_start
                0x000000002000028c        0x4 c:/st/stm32cubeide_1.10.1/stm32cubeide/plugins/com.st.stm32cube.ide.mcu.externaltools.gnu-tools-for-stm32.10.3-2021.10.win32_1.0.0.202111181127/tools/bin/../lib/gcc/arm-none-eabi/10.3.1/../../../../arm-none-eabi/lib/thumb/v7-m/nofp\libc_nano.a(lib_a-nano-mallocr.o)
                0x000000002000028c                __malloc_sbrk_start
 .bss.errno     0x0000000020000290        0x4 c:/st/stm32cubeide_1.10.1/stm32cubeide/plugins/com.st.stm32cube.ide.mcu.externaltools.gnu-tools-for-stm32.10.3-2021.10.win32_1.0.0.202111181127/tools/bin/../lib/gcc/arm-none-eabi/10.3.1/../../../../arm-none-eabi/lib/thumb/v7-m/nofp\libc_nano.a(lib_a-reent.o)
                0x0000000020000290                errno
 .bss.__lock___malloc_recursive_mutex
                0x0000000020000294        0x1 c:/st/stm32cubeide_1.10.1/stm32cubeide/plugins/com.st.stm32cube.ide.mcu.externaltools.gnu-tools-for-stm32.10.3-2021.10.win32_1.0.0.202111181127/tools/bin/../lib/gcc/arm-none-eabi/10.3.1/../../../../arm-none-eabi/lib/thumb/v7-m/nofp\libc_nano.a(lib_a-lock.o)
                0x0000000020000294                __lock___malloc_recursive_mutex
 *(COMMON)
                0x0000000020000298                . = ALIGN (0x4)
 *fill*         0x0000000020000295        0x3 
                0x0000000020000298                _ebss = .
                0x0000000020000298                __bss_end__ = _ebss

._user_heap_stack
                0x0000000020000298      0x600 load address 0x0000000008006a58
                0x0000000020000298                . = ALIGN (0x8)
                [!provide]                        PROVIDE (end = .)
                0x0000000020000298                PROVIDE (_end = .)
                0x0000000020000498                . = (. + _Min_Heap_Size)
 *fill*         0x0000000020000298      0x200 
                0x0000000020000898                . = (. + _Min_Stack_Size)
 *fill*         0x0000000020000498      0x400 
                0x0000000020000898                . = ALIGN (0x8)

/DISCARD/
 libc.a(*)
 libm.a(*)
 libgcc.a(*)

.ARM.attributes
                0x0000000000000000       0x29
 *(.ARM.attributes)
 .ARM.attributes
                0x0000000000000000       0x1d c:/st/stm32cubeide_1.10.1/stm32cubeide/plugins/com.st.stm32cube.ide.mcu.externaltools.gnu-tools-for-stm32.10.3-2021.10.win32_1.0.0.202111181127/tools/bin/../lib/gcc/arm-none-eabi/10.3.1/thumb/v7-m/nofp/crti.o
 .ARM.attributes
                0x000000000000001d       0x2d c:/st/stm32cubeide_1.10.1/stm32cubeide/plugins/com.st.stm32cube.ide.mcu.externaltools.gnu-tools-for-stm32.10.3-2021.10.win32_1.0.0.202111181127/tools/bin/../lib/gcc/arm-none-eabi/10.3.1/thumb/v7-m/nofp/crtbegin.o
 .ARM.attributes
                0x000000000000004a       0x2d ./Core/Src/eeprom_handler.o
 .ARM.attributes
                0x0000000000000077       0x2d ./Core/Src/i2c_lcd.o
 .ARM.attributes
                0x00000000000000a4       0x2d ./Core/Src/main.o
 .ARM.attributes
                0x00000000000000d1       0x2d ./Core/Src/stm32f1xx_hal_msp.o
 .ARM.attributes
                0x00000000000000fe       0x2d ./Core/Src/stm32f1xx_it.o
 .ARM.attributes
                0x000000000000012b       0x2d ./Core/Src/sysmem.o
 .ARM.attributes
                0x0000000000000158       0x2d ./Core/Src/system_stm32f1xx.o
 .ARM.attributes
                0x0000000000000185       0x2d ./Core/Src/washing_procedure.o
 .ARM.attributes
                0x00000000000001b2       0x21 ./Core/Startup/startup_stm32f103c8tx.o
 .ARM.attributes
                0x00000000000001d3       0x2d ./Drivers/STM32F1xx_HAL_Driver/Src/stm32f1xx_hal.o
 .ARM.attributes
                0x0000000000000200       0x2d ./Drivers/STM32F1xx_HAL_Driver/Src/stm32f1xx_hal_adc.o
 .ARM.attributes
                0x000000000000022d       0x2d ./Drivers/STM32F1xx_HAL_Driver/Src/stm32f1xx_hal_cortex.o
 .ARM.attributes
                0x000000000000025a       0x2d ./Drivers/STM32F1xx_HAL_Driver/Src/stm32f1xx_hal_gpio.o
 .ARM.attributes
                0x0000000000000287       0x2d ./Drivers/STM32F1xx_HAL_Driver/Src/stm32f1xx_hal_i2c.o
 .ARM.attributes
                0x00000000000002b4       0x2d ./Drivers/STM32F1xx_HAL_Driver/Src/stm32f1xx_hal_rcc.o
 .ARM.attributes
                0x00000000000002e1       0x2d ./Drivers/STM32F1xx_HAL_Driver/Src/stm32f1xx_hal_rcc_ex.o
 .ARM.attributes
                0x000000000000030e       0x2d ./Drivers/STM32F1xx_HAL_Driver/Src/stm32f1xx_hal_tim.o
 .ARM.attributes
                0x000000000000033b       0x2d ./Drivers/STM32F1xx_HAL_Driver/Src/stm32f1xx_hal_tim_ex.o
 .ARM.attributes
                0x0000000000000368       0x2d c:/st/stm32cubeide_1.10.1/stm32cubeide/plugins/com.st.stm32cube.ide.mcu.externaltools.gnu-tools-for-stm32.10.3-2021.10.win32_1.0.0.202111181127/tools/bin/../lib/gcc/arm-none-eabi/10.3.1/../../../../arm-none-eabi/lib/thumb/v7-m/nofp\libc_nano.a(lib_a-errno.o)
 .ARM.attributes
                0x0000000000000395       0x2d c:/st/stm32cubeide_1.10.1/stm32cubeide/plugins/com.st.stm32cube.ide.mcu.externaltools.gnu-tools-for-stm32.10.3-2021.10.win32_1.0.0.202111181127/tools/bin/../lib/gcc/arm-none-eabi/10.3.1/../../../../arm-none-eabi/lib/thumb/v7-m/nofp\libc_nano.a(lib_a-impure.o)
 .ARM.attributes
                0x00000000000003c2       0x2d c:/st/stm32cubeide_1.10.1/stm32cubeide/plugins/com.st.stm32cube.ide.mcu.externaltools.gnu-tools-for-stm32.10.3-2021.10.win32_1.0.0.202111181127/tools/bin/../lib/gcc/arm-none-eabi/10.3.1/../../../../arm-none-eabi/lib/thumb/v7-m/nofp\libc_nano.a(lib_a-init.o)
 .ARM.attributes
                0x00000000000003ef       0x2d c:/st/stm32cubeide_1.10.1/stm32cubeide/plugins/com.st.stm32cube.ide.mcu.externaltools.gnu-tools-for-stm32.10.3-2021.10.win32_1.0.0.202111181127/tools/bin/../lib/gcc/arm-none-eabi/10.3.1/../../../../arm-none-eabi/lib/thumb/v7-m/nofp\libc_nano.a(lib_a-memset.o)
 .ARM.attributes
                0x000000000000041c       0x2d c:/st/stm32cubeide_1.10.1/stm32cubeide/plugins/com.st.stm32cube.ide.mcu.externaltools.gnu-tools-for-stm32.10.3-2021.10.win32_1.0.0.202111181127/tools/bin/../lib/gcc/arm-none-eabi/10.3.1/../../../../arm-none-eabi/lib/thumb/v7-m/nofp\libc_nano.a(lib_a-sprintf.o)
 .ARM.attributes
                0x0000000000000449       0x2d c:/st/stm32cubeide_1.10.1/stm32cubeide/plugins/com.st.stm32cube.ide.mcu.externaltools.gnu-tools-for-stm32.10.3-2021.10.win32_1.0.0.202111181127/tools/bin/../lib/gcc/arm-none-eabi/10.3.1/../../../../arm-none-eabi/lib/thumb/v7-m/nofp\libc_nano.a(lib_a-nano-svfprintf.o)
 .ARM.attributes
                0x0000000000000476       0x2d c:/st/stm32cubeide_1.10.1/stm32cubeide/plugins/com.st.stm32cube.ide.mcu.externaltools.gnu-tools-for-stm32.10.3-2021.10.win32_1.0.0.202111181127/tools/bin/../lib/gcc/arm-none-eabi/10.3.1/../../../../arm-none-eabi/lib/thumb/v7-m/nofp\libc_nano.a(lib_a-nano-vfprintf_i.o)
 .ARM.attributes
                0x00000000000004a3       0x2d c:/st/stm32cubeide_1.10.1/stm32cubeide/plugins/com.st.stm32cube.ide.mcu.externaltools.gnu-tools-for-stm32.10.3-2021.10.win32_1.0.0.202111181127/tools/bin/../lib/gcc/arm-none-eabi/10.3.1/../../../../arm-none-eabi/lib/thumb/v7-m/nofp\libc_nano.a(lib_a-memchr-stub.o)
 .ARM.attributes
                0x00000000000004d0       0x2d c:/st/stm32cubeide_1.10.1/stm32cubeide/plugins/com.st.stm32cube.ide.mcu.externaltools.gnu-tools-for-stm32.10.3-2021.10.win32_1.0.0.202111181127/tools/bin/../lib/gcc/arm-none-eabi/10.3.1/../../../../arm-none-eabi/lib/thumb/v7-m/nofp\libc_nano.a(lib_a-memcpy-stub.o)
 .ARM.attributes
                0x00000000000004fd       0x2d c:/st/stm32cubeide_1.10.1/stm32cubeide/plugins/com.st.stm32cube.ide.mcu.externaltools.gnu-tools-for-stm32.10.3-2021.10.win32_1.0.0.202111181127/tools/bin/../lib/gcc/arm-none-eabi/10.3.1/../../../../arm-none-eabi/lib/thumb/v7-m/nofp\libc_nano.a(lib_a-memmove.o)
 .ARM.attributes
                0x000000000000052a       0x2d c:/st/stm32cubeide_1.10.1/stm32cubeide/plugins/com.st.stm32cube.ide.mcu.externaltools.gnu-tools-for-stm32.10.3-2021.10.win32_1.0.0.202111181127/tools/bin/../lib/gcc/arm-none-eabi/10.3.1/../../../../arm-none-eabi/lib/thumb/v7-m/nofp\libc_nano.a(lib_a-nano-freer.o)
 .ARM.attributes
                0x0000000000000557       0x2d c:/st/stm32cubeide_1.10.1/stm32cubeide/plugins/com.st.stm32cube.ide.mcu.externaltools.gnu-tools-for-stm32.10.3-2021.10.win32_1.0.0.202111181127/tools/bin/../lib/gcc/arm-none-eabi/10.3.1/../../../../arm-none-eabi/lib/thumb/v7-m/nofp\libc_nano.a(lib_a-nano-mallocr.o)
 .ARM.attributes
                0x0000000000000584       0x2d c:/st/stm32cubeide_1.10.1/stm32cubeide/plugins/com.st.stm32cube.ide.mcu.externaltools.gnu-tools-for-stm32.10.3-2021.10.win32_1.0.0.202111181127/tools/bin/../lib/gcc/arm-none-eabi/10.3.1/../../../../arm-none-eabi/lib/thumb/v7-m/nofp\libc_nano.a(lib_a-nano-reallocr.o)
 .ARM.attributes
                0x00000000000005b1       0x2d c:/st/stm32cubeide_1.10.1/stm32cubeide/plugins/com.st.stm32cube.ide.mcu.externaltools.gnu-tools-for-stm32.10.3-2021.10.win32_1.0.0.202111181127/tools/bin/../lib/gcc/arm-none-eabi/10.3.1/../../../../arm-none-eabi/lib/thumb/v7-m/nofp\libc_nano.a(lib_a-sbrkr.o)
 .ARM.attributes
                0x00000000000005de       0x2d c:/st/stm32cubeide_1.10.1/stm32cubeide/plugins/com.st.stm32cube.ide.mcu.externaltools.gnu-tools-for-stm32.10.3-2021.10.win32_1.0.0.202111181127/tools/bin/../lib/gcc/arm-none-eabi/10.3.1/../../../../arm-none-eabi/lib/thumb/v7-m/nofp\libc_nano.a(lib_a-mlock.o)
 .ARM.attributes
                0x000000000000060b       0x2d c:/st/stm32cubeide_1.10.1/stm32cubeide/plugins/com.st.stm32cube.ide.mcu.externaltools.gnu-tools-for-stm32.10.3-2021.10.win32_1.0.0.202111181127/tools/bin/../lib/gcc/arm-none-eabi/10.3.1/../../../../arm-none-eabi/lib/thumb/v7-m/nofp\libc_nano.a(lib_a-nano-msizer.o)
 .ARM.attributes
                0x0000000000000638       0x2d c:/st/stm32cubeide_1.10.1/stm32cubeide/plugins/com.st.stm32cube.ide.mcu.externaltools.gnu-tools-for-stm32.10.3-2021.10.win32_1.0.0.202111181127/tools/bin/../lib/gcc/arm-none-eabi/10.3.1/../../../../arm-none-eabi/lib/thumb/v7-m/nofp\libc_nano.a(lib_a-reent.o)
 .ARM.attributes
                0x0000000000000665       0x2d c:/st/stm32cubeide_1.10.1/stm32cubeide/plugins/com.st.stm32cube.ide.mcu.externaltools.gnu-tools-for-stm32.10.3-2021.10.win32_1.0.0.202111181127/tools/bin/../lib/gcc/arm-none-eabi/10.3.1/../../../../arm-none-eabi/lib/thumb/v7-m/nofp\libc_nano.a(lib_a-lock.o)
 .ARM.attributes
                0x0000000000000692       0x1d c:/st/stm32cubeide_1.10.1/stm32cubeide/plugins/com.st.stm32cube.ide.mcu.externaltools.gnu-tools-for-stm32.10.3-2021.10.win32_1.0.0.202111181127/tools/bin/../lib/gcc/arm-none-eabi/10.3.1/thumb/v7-m/nofp\libgcc.a(_arm_muldf3.o)
 .ARM.attributes
                0x00000000000006af       0x1d c:/st/stm32cubeide_1.10.1/stm32cubeide/plugins/com.st.stm32cube.ide.mcu.externaltools.gnu-tools-for-stm32.10.3-2021.10.win32_1.0.0.202111181127/tools/bin/../lib/gcc/arm-none-eabi/10.3.1/thumb/v7-m/nofp\libgcc.a(_arm_addsubdf3.o)
 .ARM.attributes
                0x00000000000006cc       0x1d c:/st/stm32cubeide_1.10.1/stm32cubeide/plugins/com.st.stm32cube.ide.mcu.externaltools.gnu-tools-for-stm32.10.3-2021.10.win32_1.0.0.202111181127/tools/bin/../lib/gcc/arm-none-eabi/10.3.1/thumb/v7-m/nofp\libgcc.a(_arm_fixdfsi.o)
 .ARM.attributes
                0x00000000000006e9       0x1d c:/st/stm32cubeide_1.10.1/stm32cubeide/plugins/com.st.stm32cube.ide.mcu.externaltools.gnu-tools-for-stm32.10.3-2021.10.win32_1.0.0.202111181127/tools/bin/../lib/gcc/arm-none-eabi/10.3.1/thumb/v7-m/nofp/crtn.o
OUTPUT(MrCongWashingMachine.elf elf32-littlearm)
LOAD linker stubs
LOAD c:/st/stm32cubeide_1.10.1/stm32cubeide/plugins/com.st.stm32cube.ide.mcu.externaltools.gnu-tools-for-stm32.10.3-2021.10.win32_1.0.0.202111181127/tools/bin/../lib/gcc/arm-none-eabi/10.3.1/../../../../arm-none-eabi/lib/thumb/v7-m/nofp\libc.a
LOAD c:/st/stm32cubeide_1.10.1/stm32cubeide/plugins/com.st.stm32cube.ide.mcu.externaltools.gnu-tools-for-stm32.10.3-2021.10.win32_1.0.0.202111181127/tools/bin/../lib/gcc/arm-none-eabi/10.3.1/../../../../arm-none-eabi/lib/thumb/v7-m/nofp\libm.a
LOAD c:/st/stm32cubeide_1.10.1/stm32cubeide/plugins/com.st.stm32cube.ide.mcu.externaltools.gnu-tools-for-stm32.10.3-2021.10.win32_1.0.0.202111181127/tools/bin/../lib/gcc/arm-none-eabi/10.3.1/thumb/v7-m/nofp\libgcc.a

.debug_info     0x0000000000000000     0xe9e0
 .debug_info    0x0000000000000000      0x869 ./Core/Src/eeprom_handler.o
 .debug_info    0x0000000000000869      0x7fd ./Core/Src/i2c_lcd.o
 .debug_info    0x0000000000001066     0x1a0c ./Core/Src/main.o
 .debug_info    0x0000000000002a72     0x1181 ./Core/Src/stm32f1xx_hal_msp.o
 .debug_info    0x0000000000003bf3      0x889 ./Core/Src/stm32f1xx_it.o
 .debug_info    0x000000000000447c      0x171 ./Core/Src/sysmem.o
 .debug_info    0x00000000000045ed      0x23d ./Core/Src/system_stm32f1xx.o
 .debug_info    0x000000000000482a      0x6df ./Core/Src/washing_procedure.o
 .debug_info    0x0000000000004f09       0x22 ./Core/Startup/startup_stm32f103c8tx.o
 .debug_info    0x0000000000004f2b      0x734 ./Drivers/STM32F1xx_HAL_Driver/Src/stm32f1xx_hal.o
 .debug_info    0x000000000000565f      0xcfe ./Drivers/STM32F1xx_HAL_Driver/Src/stm32f1xx_hal_adc.o
 .debug_info    0x000000000000635d      0xb20 ./Drivers/STM32F1xx_HAL_Driver/Src/stm32f1xx_hal_cortex.o
 .debug_info    0x0000000000006e7d      0x615 ./Drivers/STM32F1xx_HAL_Driver/Src/stm32f1xx_hal_gpio.o
 .debug_info    0x0000000000007492     0x2771 ./Drivers/STM32F1xx_HAL_Driver/Src/stm32f1xx_hal_i2c.o
 .debug_info    0x0000000000009c03      0x865 ./Drivers/STM32F1xx_HAL_Driver/Src/stm32f1xx_hal_rcc.o
 .debug_info    0x000000000000a468      0x3e6 ./Drivers/STM32F1xx_HAL_Driver/Src/stm32f1xx_hal_rcc_ex.o
 .debug_info    0x000000000000a84e     0x2bcb ./Drivers/STM32F1xx_HAL_Driver/Src/stm32f1xx_hal_tim.o
 .debug_info    0x000000000000d419     0x15c7 ./Drivers/STM32F1xx_HAL_Driver/Src/stm32f1xx_hal_tim_ex.o

.debug_abbrev   0x0000000000000000     0x2396
 .debug_abbrev  0x0000000000000000      0x1e4 ./Core/Src/eeprom_handler.o
 .debug_abbrev  0x00000000000001e4      0x201 ./Core/Src/i2c_lcd.o
 .debug_abbrev  0x00000000000003e5      0x347 ./Core/Src/main.o
 .debug_abbrev  0x000000000000072c      0x203 ./Core/Src/stm32f1xx_hal_msp.o
 .debug_abbrev  0x000000000000092f      0x1d3 ./Core/Src/stm32f1xx_it.o
 .debug_abbrev  0x0000000000000b02       0xbb ./Core/Src/sysmem.o
 .debug_abbrev  0x0000000000000bbd      0x13b ./Core/Src/system_stm32f1xx.o
 .debug_abbrev  0x0000000000000cf8      0x257 ./Core/Src/washing_procedure.o
 .debug_abbrev  0x0000000000000f4f       0x12 ./Core/Startup/startup_stm32f103c8tx.o
 .debug_abbrev  0x0000000000000f61      0x1fb ./Drivers/STM32F1xx_HAL_Driver/Src/stm32f1xx_hal.o
 .debug_abbrev  0x000000000000115c      0x210 ./Drivers/STM32F1xx_HAL_Driver/Src/stm32f1xx_hal_adc.o
 .debug_abbrev  0x000000000000136c      0x2ed ./Drivers/STM32F1xx_HAL_Driver/Src/stm32f1xx_hal_cortex.o
 .debug_abbrev  0x0000000000001659      0x1bb ./Drivers/STM32F1xx_HAL_Driver/Src/stm32f1xx_hal_gpio.o
 .debug_abbrev  0x0000000000001814      0x288 ./Drivers/STM32F1xx_HAL_Driver/Src/stm32f1xx_hal_i2c.o
 .debug_abbrev  0x0000000000001a9c      0x2a8 ./Drivers/STM32F1xx_HAL_Driver/Src/stm32f1xx_hal_rcc.o
 .debug_abbrev  0x0000000000001d44      0x182 ./Drivers/STM32F1xx_HAL_Driver/Src/stm32f1xx_hal_rcc_ex.o
 .debug_abbrev  0x0000000000001ec6      0x264 ./Drivers/STM32F1xx_HAL_Driver/Src/stm32f1xx_hal_tim.o
 .debug_abbrev  0x000000000000212a      0x26c ./Drivers/STM32F1xx_HAL_Driver/Src/stm32f1xx_hal_tim_ex.o

.debug_aranges  0x0000000000000000      0xe80
 .debug_aranges
                0x0000000000000000       0x40 ./Core/Src/eeprom_handler.o
 .debug_aranges
                0x0000000000000040       0x50 ./Core/Src/i2c_lcd.o
 .debug_aranges
                0x0000000000000090       0x80 ./Core/Src/main.o
 .debug_aranges
                0x0000000000000110       0x58 ./Core/Src/stm32f1xx_hal_msp.o
 .debug_aranges
                0x0000000000000168       0x80 ./Core/Src/stm32f1xx_it.o
 .debug_aranges
                0x00000000000001e8       0x20 ./Core/Src/sysmem.o
 .debug_aranges
                0x0000000000000208       0x28 ./Core/Src/system_stm32f1xx.o
 .debug_aranges
                0x0000000000000230       0x60 ./Core/Src/washing_procedure.o
 .debug_aranges
                0x0000000000000290       0x28 ./Core/Startup/startup_stm32f103c8tx.o
 .debug_aranges
                0x00000000000002b8       0xe0 ./Drivers/STM32F1xx_HAL_Driver/Src/stm32f1xx_hal.o
 .debug_aranges
                0x0000000000000398       0xf0 ./Drivers/STM32F1xx_HAL_Driver/Src/stm32f1xx_hal_adc.o
 .debug_aranges
                0x0000000000000488      0x100 ./Drivers/STM32F1xx_HAL_Driver/Src/stm32f1xx_hal_cortex.o
 .debug_aranges
                0x0000000000000588       0x58 ./Drivers/STM32F1xx_HAL_Driver/Src/stm32f1xx_hal_gpio.o
 .debug_aranges
                0x00000000000005e0      0x2a8 ./Drivers/STM32F1xx_HAL_Driver/Src/stm32f1xx_hal_i2c.o
 .debug_aranges
                0x0000000000000888       0x90 ./Drivers/STM32F1xx_HAL_Driver/Src/stm32f1xx_hal_rcc.o
 .debug_aranges
                0x0000000000000918       0x30 ./Drivers/STM32F1xx_HAL_Driver/Src/stm32f1xx_hal_rcc_ex.o
 .debug_aranges
                0x0000000000000948      0x3d0 ./Drivers/STM32F1xx_HAL_Driver/Src/stm32f1xx_hal_tim.o
 .debug_aranges
                0x0000000000000d18      0x168 ./Drivers/STM32F1xx_HAL_Driver/Src/stm32f1xx_hal_tim_ex.o

.debug_ranges   0x0000000000000000      0xd80
 .debug_ranges  0x0000000000000000       0x30 ./Core/Src/eeprom_handler.o
 .debug_ranges  0x0000000000000030       0x40 ./Core/Src/i2c_lcd.o
 .debug_ranges  0x0000000000000070       0x70 ./Core/Src/main.o
 .debug_ranges  0x00000000000000e0       0x48 ./Core/Src/stm32f1xx_hal_msp.o
 .debug_ranges  0x0000000000000128       0x70 ./Core/Src/stm32f1xx_it.o
 .debug_ranges  0x0000000000000198       0x10 ./Core/Src/sysmem.o
 .debug_ranges  0x00000000000001a8       0x18 ./Core/Src/system_stm32f1xx.o
 .debug_ranges  0x00000000000001c0       0x50 ./Core/Src/washing_procedure.o
 .debug_ranges  0x0000000000000210       0x20 ./Core/Startup/startup_stm32f103c8tx.o
 .debug_ranges  0x0000000000000230       0xd0 ./Drivers/STM32F1xx_HAL_Driver/Src/stm32f1xx_hal.o
 .debug_ranges  0x0000000000000300       0xe0 ./Drivers/STM32F1xx_HAL_Driver/Src/stm32f1xx_hal_adc.o
 .debug_ranges  0x00000000000003e0       0xf0 ./Drivers/STM32F1xx_HAL_Driver/Src/stm32f1xx_hal_cortex.o
 .debug_ranges  0x00000000000004d0       0x48 ./Drivers/STM32F1xx_HAL_Driver/Src/stm32f1xx_hal_gpio.o
 .debug_ranges  0x0000000000000518      0x2b0 ./Drivers/STM32F1xx_HAL_Driver/Src/stm32f1xx_hal_i2c.o
 .debug_ranges  0x00000000000007c8       0x80 ./Drivers/STM32F1xx_HAL_Driver/Src/stm32f1xx_hal_rcc.o
 .debug_ranges  0x0000000000000848       0x20 ./Drivers/STM32F1xx_HAL_Driver/Src/stm32f1xx_hal_rcc_ex.o
 .debug_ranges  0x0000000000000868      0x3c0 ./Drivers/STM32F1xx_HAL_Driver/Src/stm32f1xx_hal_tim.o
 .debug_ranges  0x0000000000000c28      0x158 ./Drivers/STM32F1xx_HAL_Driver/Src/stm32f1xx_hal_tim_ex.o

.debug_macro    0x0000000000000000    0x18c4b
 .debug_macro   0x0000000000000000      0x1df ./Core/Src/eeprom_handler.o
 .debug_macro   0x00000000000001df      0xa6c ./Core/Src/eeprom_handler.o
 .debug_macro   0x0000000000000c4b      0x221 ./Core/Src/eeprom_handler.o
 .debug_macro   0x0000000000000e6c       0x2e ./Core/Src/eeprom_handler.o
 .debug_macro   0x0000000000000e9a       0x22 ./Core/Src/eeprom_handler.o
 .debug_macro   0x0000000000000ebc       0x22 ./Core/Src/eeprom_handler.o
 .debug_macro   0x0000000000000ede       0x8e ./Core/Src/eeprom_handler.o
 .debug_macro   0x0000000000000f6c       0x51 ./Core/Src/eeprom_handler.o
 .debug_macro   0x0000000000000fbd      0x103 ./Core/Src/eeprom_handler.o
 .debug_macro   0x00000000000010c0       0x6a ./Core/Src/eeprom_handler.o
 .debug_macro   0x000000000000112a      0x1df ./Core/Src/eeprom_handler.o
 .debug_macro   0x0000000000001309       0x1c ./Core/Src/eeprom_handler.o
 .debug_macro   0x0000000000001325       0x22 ./Core/Src/eeprom_handler.o
 .debug_macro   0x0000000000001347       0xbd ./Core/Src/eeprom_handler.o
 .debug_macro   0x0000000000001404      0xd23 ./Core/Src/eeprom_handler.o
 .debug_macro   0x0000000000002127     0xe09e ./Core/Src/eeprom_handler.o
 .debug_macro   0x00000000000101c5       0x6d ./Core/Src/eeprom_handler.o
 .debug_macro   0x0000000000010232     0x34a2 ./Core/Src/eeprom_handler.o
 .debug_macro   0x00000000000136d4      0x174 ./Core/Src/eeprom_handler.o
 .debug_macro   0x0000000000013848       0x5c ./Core/Src/eeprom_handler.o
 .debug_macro   0x00000000000138a4      0x5bc ./Core/Src/eeprom_handler.o
 .debug_macro   0x0000000000013e60      0x289 ./Core/Src/eeprom_handler.o
 .debug_macro   0x00000000000140e9      0x1cb ./Core/Src/eeprom_handler.o
 .debug_macro   0x00000000000142b4      0x114 ./Core/Src/eeprom_handler.o
 .debug_macro   0x00000000000143c8      0x1b2 ./Core/Src/eeprom_handler.o
 .debug_macro   0x000000000001457a       0x27 ./Core/Src/eeprom_handler.o
 .debug_macro   0x00000000000145a1      0x136 ./Core/Src/eeprom_handler.o
 .debug_macro   0x00000000000146d7      0x1bc ./Core/Src/eeprom_handler.o
 .debug_macro   0x0000000000014893       0x34 ./Core/Src/eeprom_handler.o
 .debug_macro   0x00000000000148c7       0x3c ./Core/Src/eeprom_handler.o
 .debug_macro   0x0000000000014903       0x57 ./Core/Src/eeprom_handler.o
 .debug_macro   0x000000000001495a      0x46a ./Core/Src/eeprom_handler.o
 .debug_macro   0x0000000000014dc4      0x1b5 ./Core/Src/eeprom_handler.o
 .debug_macro   0x0000000000014f79       0x87 ./Core/Src/eeprom_handler.o
 .debug_macro   0x0000000000015000      0x240 ./Core/Src/eeprom_handler.o
 .debug_macro   0x0000000000015240      0x287 ./Core/Src/eeprom_handler.o
 .debug_macro   0x00000000000154c7      0x140 ./Core/Src/eeprom_handler.o
 .debug_macro   0x0000000000015607      0x8ed ./Core/Src/eeprom_handler.o
 .debug_macro   0x0000000000015ef4       0x83 ./Core/Src/eeprom_handler.o
 .debug_macro   0x0000000000015f77       0x16 ./Core/Src/eeprom_handler.o
 .debug_macro   0x0000000000015f8d       0x22 ./Core/Src/eeprom_handler.o
 .debug_macro   0x0000000000015faf      0x326 ./Core/Src/i2c_lcd.o
 .debug_macro   0x00000000000162d5       0x52 ./Core/Src/i2c_lcd.o
 .debug_macro   0x0000000000016327       0x18 ./Core/Src/i2c_lcd.o
 .debug_macro   0x000000000001633f       0x3c ./Core/Src/i2c_lcd.o
 .debug_macro   0x000000000001637b       0x34 ./Core/Src/i2c_lcd.o
 .debug_macro   0x00000000000163af       0x16 ./Core/Src/i2c_lcd.o
 .debug_macro   0x00000000000163c5       0x35 ./Core/Src/i2c_lcd.o
 .debug_macro   0x00000000000163fa      0x341 ./Core/Src/i2c_lcd.o
 .debug_macro   0x000000000001673b       0x10 ./Core/Src/i2c_lcd.o
 .debug_macro   0x000000000001674b       0x16 ./Core/Src/i2c_lcd.o
 .debug_macro   0x0000000000016761       0x43 ./Core/Src/i2c_lcd.o
 .debug_macro   0x00000000000167a4       0x34 ./Core/Src/i2c_lcd.o
 .debug_macro   0x00000000000167d8       0x10 ./Core/Src/i2c_lcd.o
 .debug_macro   0x00000000000167e8       0x58 ./Core/Src/i2c_lcd.o
 .debug_macro   0x0000000000016840       0x71 ./Core/Src/i2c_lcd.o
 .debug_macro   0x00000000000168b1       0x1c ./Core/Src/i2c_lcd.o
 .debug_macro   0x00000000000168cd      0x12a ./Core/Src/i2c_lcd.o
 .debug_macro   0x00000000000169f7       0x10 ./Core/Src/i2c_lcd.o
 .debug_macro   0x0000000000016a07       0x1c ./Core/Src/i2c_lcd.o
 .debug_macro   0x0000000000016a23       0x52 ./Core/Src/i2c_lcd.o
 .debug_macro   0x0000000000016a75       0x22 ./Core/Src/i2c_lcd.o
 .debug_macro   0x0000000000016a97       0x10 ./Core/Src/i2c_lcd.o
 .debug_macro   0x0000000000016aa7       0x52 ./Core/Src/i2c_lcd.o
 .debug_macro   0x0000000000016af9       0xd5 ./Core/Src/i2c_lcd.o
 .debug_macro   0x0000000000016bce       0x1c ./Core/Src/i2c_lcd.o
 .debug_macro   0x0000000000016bea       0x3d ./Core/Src/i2c_lcd.o
 .debug_macro   0x0000000000016c27       0x16 ./Core/Src/i2c_lcd.o
 .debug_macro   0x0000000000016c3d      0x145 ./Core/Src/i2c_lcd.o
 .debug_macro   0x0000000000016d82      0x353 ./Core/Src/main.o
 .debug_macro   0x00000000000170d5       0x8e ./Core/Src/main.o
 .debug_macro   0x0000000000017163       0x1c ./Core/Src/main.o
 .debug_macro   0x000000000001717f      0x1c1 ./Core/Src/stm32f1xx_hal_msp.o
 .debug_macro   0x0000000000017340      0x1cb ./Core/Src/stm32f1xx_it.o
 .debug_macro   0x000000000001750b       0xff ./Core/Src/sysmem.o
 .debug_macro   0x000000000001760a      0x23b ./Core/Src/sysmem.o
 .debug_macro   0x0000000000017845      0x1b7 ./Core/Src/system_stm32f1xx.o
 .debug_macro   0x00000000000179fc      0x1d3 ./Core/Src/washing_procedure.o
 .debug_macro   0x0000000000017bcf      0x1db ./Drivers/STM32F1xx_HAL_Driver/Src/stm32f1xx_hal.o
 .debug_macro   0x0000000000017daa      0x1d4 ./Drivers/STM32F1xx_HAL_Driver/Src/stm32f1xx_hal_adc.o
 .debug_macro   0x0000000000017f7e      0x1b7 ./Drivers/STM32F1xx_HAL_Driver/Src/stm32f1xx_hal_cortex.o
 .debug_macro   0x0000000000018135      0x222 ./Drivers/STM32F1xx_HAL_Driver/Src/stm32f1xx_hal_gpio.o
 .debug_macro   0x0000000000018357      0x205 ./Drivers/STM32F1xx_HAL_Driver/Src/stm32f1xx_hal_i2c.o
 .debug_macro   0x000000000001855c      0x1c9 ./Drivers/STM32F1xx_HAL_Driver/Src/stm32f1xx_hal_rcc.o
 .debug_macro   0x0000000000018725      0x1b7 ./Drivers/STM32F1xx_HAL_Driver/Src/stm32f1xx_hal_rcc_ex.o
 .debug_macro   0x00000000000188dc      0x1b8 ./Drivers/STM32F1xx_HAL_Driver/Src/stm32f1xx_hal_tim.o
 .debug_macro   0x0000000000018a94      0x1b7 ./Drivers/STM32F1xx_HAL_Driver/Src/stm32f1xx_hal_tim_ex.o

.debug_line     0x0000000000000000    0x1122c
 .debug_line    0x0000000000000000      0x7d3 ./Core/Src/eeprom_handler.o
 .debug_line    0x00000000000007d3      0x97f ./Core/Src/i2c_lcd.o
 .debug_line    0x0000000000001152      0xe93 ./Core/Src/main.o
 .debug_line    0x0000000000001fe5      0x7ec ./Core/Src/stm32f1xx_hal_msp.o
 .debug_line    0x00000000000027d1      0x7d1 ./Core/Src/stm32f1xx_it.o
 .debug_line    0x0000000000002fa2      0x4ea ./Core/Src/sysmem.o
 .debug_line    0x000000000000348c      0x720 ./Core/Src/system_stm32f1xx.o
 .debug_line    0x0000000000003bac      0xa6a ./Core/Src/washing_procedure.o
 .debug_line    0x0000000000004616       0x86 ./Core/Startup/startup_stm32f103c8tx.o
 .debug_line    0x000000000000469c      0x94d ./Drivers/STM32F1xx_HAL_Driver/Src/stm32f1xx_hal.o
 .debug_line    0x0000000000004fe9      0xfd2 ./Drivers/STM32F1xx_HAL_Driver/Src/stm32f1xx_hal_adc.o
 .debug_line    0x0000000000005fbb      0xb35 ./Drivers/STM32F1xx_HAL_Driver/Src/stm32f1xx_hal_cortex.o
 .debug_line    0x0000000000006af0      0x9e6 ./Drivers/STM32F1xx_HAL_Driver/Src/stm32f1xx_hal_gpio.o
 .debug_line    0x00000000000074d6     0x3ae3 ./Drivers/STM32F1xx_HAL_Driver/Src/stm32f1xx_hal_i2c.o
 .debug_line    0x000000000000afb9      0xd59 ./Drivers/STM32F1xx_HAL_Driver/Src/stm32f1xx_hal_rcc.o
 .debug_line    0x000000000000bd12      0x894 ./Drivers/STM32F1xx_HAL_Driver/Src/stm32f1xx_hal_rcc_ex.o
 .debug_line    0x000000000000c5a6     0x33f3 ./Drivers/STM32F1xx_HAL_Driver/Src/stm32f1xx_hal_tim.o
 .debug_line    0x000000000000f999     0x1893 ./Drivers/STM32F1xx_HAL_Driver/Src/stm32f1xx_hal_tim_ex.o

.debug_str      0x0000000000000000    0x900b7
 .debug_str     0x0000000000000000    0x87e50 ./Core/Src/eeprom_handler.o
                                      0x88229 (size before relaxing)
 .debug_str     0x0000000000087e50     0x3e2c ./Core/Src/i2c_lcd.o
                                      0x8be8e (size before relaxing)
 .debug_str     0x000000000008bc7c      0xf31 ./Core/Src/main.o
                                      0x8cf74 (size before relaxing)
 .debug_str     0x000000000008cbad      0x102 ./Core/Src/stm32f1xx_hal_msp.o
                                      0x888e1 (size before relaxing)
 .debug_str     0x000000000008ccaf      0x150 ./Core/Src/stm32f1xx_it.o
                                      0x88257 (size before relaxing)
 .debug_str     0x000000000008cdff      0x4da ./Core/Src/sysmem.o
                                       0x5d64 (size before relaxing)
 .debug_str     0x000000000008d2d9       0x7e ./Core/Src/system_stm32f1xx.o
                                      0x87c6d (size before relaxing)
 .debug_str     0x000000000008d357      0x163 ./Core/Src/washing_procedure.o
                                      0x880f6 (size before relaxing)
 .debug_str     0x000000000008d4ba       0x36 ./Core/Startup/startup_stm32f103c8tx.o
                                         0x7e (size before relaxing)
 .debug_str     0x000000000008d4f0      0x359 ./Drivers/STM32F1xx_HAL_Driver/Src/stm32f1xx_hal.o
                                      0x883a0 (size before relaxing)
 .debug_str     0x000000000008d849      0x398 ./Drivers/STM32F1xx_HAL_Driver/Src/stm32f1xx_hal_adc.o
                                      0x88351 (size before relaxing)
 .debug_str     0x000000000008dbe1      0x294 ./Drivers/STM32F1xx_HAL_Driver/Src/stm32f1xx_hal_cortex.o
                                      0x882ec (size before relaxing)
 .debug_str     0x000000000008de75      0x29c ./Drivers/STM32F1xx_HAL_Driver/Src/stm32f1xx_hal_gpio.o
                                      0x87ff3 (size before relaxing)
 .debug_str     0x000000000008e111      0xb6d ./Drivers/STM32F1xx_HAL_Driver/Src/stm32f1xx_hal_i2c.o
                                      0x88d34 (size before relaxing)
 .debug_str     0x000000000008ec7e      0x209 ./Drivers/STM32F1xx_HAL_Driver/Src/stm32f1xx_hal_rcc.o
                                      0x8809c (size before relaxing)
 .debug_str     0x000000000008ee87       0x84 ./Drivers/STM32F1xx_HAL_Driver/Src/stm32f1xx_hal_rcc_ex.o
                                      0x87dec (size before relaxing)
 .debug_str     0x000000000008ef0b      0xd19 ./Drivers/STM32F1xx_HAL_Driver/Src/stm32f1xx_hal_tim.o
                                      0x8909e (size before relaxing)
 .debug_str     0x000000000008fc24      0x493 ./Drivers/STM32F1xx_HAL_Driver/Src/stm32f1xx_hal_tim_ex.o
                                      0x888aa (size before relaxing)

.comment        0x0000000000000000       0x50
 .comment       0x0000000000000000       0x50 ./Core/Src/eeprom_handler.o
                                         0x51 (size before relaxing)
 .comment       0x0000000000000050       0x51 ./Core/Src/i2c_lcd.o
 .comment       0x0000000000000050       0x51 ./Core/Src/main.o
 .comment       0x0000000000000050       0x51 ./Core/Src/stm32f1xx_hal_msp.o
 .comment       0x0000000000000050       0x51 ./Core/Src/stm32f1xx_it.o
 .comment       0x0000000000000050       0x51 ./Core/Src/sysmem.o
 .comment       0x0000000000000050       0x51 ./Core/Src/system_stm32f1xx.o
 .comment       0x0000000000000050       0x51 ./Core/Src/washing_procedure.o
 .comment       0x0000000000000050       0x51 ./Drivers/STM32F1xx_HAL_Driver/Src/stm32f1xx_hal.o
 .comment       0x0000000000000050       0x51 ./Drivers/STM32F1xx_HAL_Driver/Src/stm32f1xx_hal_adc.o
 .comment       0x0000000000000050       0x51 ./Drivers/STM32F1xx_HAL_Driver/Src/stm32f1xx_hal_cortex.o
 .comment       0x0000000000000050       0x51 ./Drivers/STM32F1xx_HAL_Driver/Src/stm32f1xx_hal_gpio.o
 .comment       0x0000000000000050       0x51 ./Drivers/STM32F1xx_HAL_Driver/Src/stm32f1xx_hal_i2c.o
 .comment       0x0000000000000050       0x51 ./Drivers/STM32F1xx_HAL_Driver/Src/stm32f1xx_hal_rcc.o
 .comment       0x0000000000000050       0x51 ./Drivers/STM32F1xx_HAL_Driver/Src/stm32f1xx_hal_rcc_ex.o
 .comment       0x0000000000000050       0x51 ./Drivers/STM32F1xx_HAL_Driver/Src/stm32f1xx_hal_tim.o
 .comment       0x0000000000000050       0x51 ./Drivers/STM32F1xx_HAL_Driver/Src/stm32f1xx_hal_tim_ex.o

.debug_frame    0x0000000000000000     0x4160
 .debug_frame   0x0000000000000000       0xc8 ./Core/Src/eeprom_handler.o
 .debug_frame   0x00000000000000c8       0xfc ./Core/Src/i2c_lcd.o
 .debug_frame   0x00000000000001c4      0x1c8 ./Core/Src/main.o
 .debug_frame   0x000000000000038c      0x134 ./Core/Src/stm32f1xx_hal_msp.o
 .debug_frame   0x00000000000004c0      0x174 ./Core/Src/stm32f1xx_it.o
 .debug_frame   0x0000000000000634       0x34 ./Core/Src/sysmem.o
 .debug_frame   0x0000000000000668       0x58 ./Core/Src/system_stm32f1xx.o
 .debug_frame   0x00000000000006c0      0x158 ./Core/Src/washing_procedure.o
 .debug_frame   0x0000000000000818      0x334 ./Drivers/STM32F1xx_HAL_Driver/Src/stm32f1xx_hal.o
 .debug_frame   0x0000000000000b4c      0x40c ./Drivers/STM32F1xx_HAL_Driver/Src/stm32f1xx_hal_adc.o
 .debug_frame   0x0000000000000f58      0x428 ./Drivers/STM32F1xx_HAL_Driver/Src/stm32f1xx_hal_cortex.o
 .debug_frame   0x0000000000001380      0x14c ./Drivers/STM32F1xx_HAL_Driver/Src/stm32f1xx_hal_gpio.o
 .debug_frame   0x00000000000014cc      0xc84 ./Drivers/STM32F1xx_HAL_Driver/Src/stm32f1xx_hal_i2c.o
 .debug_frame   0x0000000000002150      0x218 ./Drivers/STM32F1xx_HAL_Driver/Src/stm32f1xx_hal_rcc.o
 .debug_frame   0x0000000000002368       0x80 ./Drivers/STM32F1xx_HAL_Driver/Src/stm32f1xx_hal_rcc_ex.o
 .debug_frame   0x00000000000023e8     0x11b8 ./Drivers/STM32F1xx_HAL_Driver/Src/stm32f1xx_hal_tim.o
 .debug_frame   0x00000000000035a0      0x638 ./Drivers/STM32F1xx_HAL_Driver/Src/stm32f1xx_hal_tim_ex.o
 .debug_frame   0x0000000000003bd8       0x20 c:/st/stm32cubeide_1.10.1/stm32cubeide/plugins/com.st.stm32cube.ide.mcu.externaltools.gnu-tools-for-stm32.10.3-2021.10.win32_1.0.0.202111181127/tools/bin/../lib/gcc/arm-none-eabi/10.3.1/../../../../arm-none-eabi/lib/thumb/v7-m/nofp\libc_nano.a(lib_a-errno.o)
 .debug_frame   0x0000000000003bf8       0x2c c:/st/stm32cubeide_1.10.1/stm32cubeide/plugins/com.st.stm32cube.ide.mcu.externaltools.gnu-tools-for-stm32.10.3-2021.10.win32_1.0.0.202111181127/tools/bin/../lib/gcc/arm-none-eabi/10.3.1/../../../../arm-none-eabi/lib/thumb/v7-m/nofp\libc_nano.a(lib_a-init.o)
 .debug_frame   0x0000000000003c24       0x20 c:/st/stm32cubeide_1.10.1/stm32cubeide/plugins/com.st.stm32cube.ide.mcu.externaltools.gnu-tools-for-stm32.10.3-2021.10.win32_1.0.0.202111181127/tools/bin/../lib/gcc/arm-none-eabi/10.3.1/../../../../arm-none-eabi/lib/thumb/v7-m/nofp\libc_nano.a(lib_a-memset.o)
 .debug_frame   0x0000000000003c44       0x6c c:/st/stm32cubeide_1.10.1/stm32cubeide/plugins/com.st.stm32cube.ide.mcu.externaltools.gnu-tools-for-stm32.10.3-2021.10.win32_1.0.0.202111181127/tools/bin/../lib/gcc/arm-none-eabi/10.3.1/../../../../arm-none-eabi/lib/thumb/v7-m/nofp\libc_nano.a(lib_a-sprintf.o)
 .debug_frame   0x0000000000003cb0       0x90 c:/st/stm32cubeide_1.10.1/stm32cubeide/plugins/com.st.stm32cube.ide.mcu.externaltools.gnu-tools-for-stm32.10.3-2021.10.win32_1.0.0.202111181127/tools/bin/../lib/gcc/arm-none-eabi/10.3.1/../../../../arm-none-eabi/lib/thumb/v7-m/nofp\libc_nano.a(lib_a-nano-svfprintf.o)
 .debug_frame   0x0000000000003d40       0x60 c:/st/stm32cubeide_1.10.1/stm32cubeide/plugins/com.st.stm32cube.ide.mcu.externaltools.gnu-tools-for-stm32.10.3-2021.10.win32_1.0.0.202111181127/tools/bin/../lib/gcc/arm-none-eabi/10.3.1/../../../../arm-none-eabi/lib/thumb/v7-m/nofp\libc_nano.a(lib_a-nano-vfprintf_i.o)
 .debug_frame   0x0000000000003da0       0x28 c:/st/stm32cubeide_1.10.1/stm32cubeide/plugins/com.st.stm32cube.ide.mcu.externaltools.gnu-tools-for-stm32.10.3-2021.10.win32_1.0.0.202111181127/tools/bin/../lib/gcc/arm-none-eabi/10.3.1/../../../../arm-none-eabi/lib/thumb/v7-m/nofp\libc_nano.a(lib_a-memchr-stub.o)
 .debug_frame   0x0000000000003dc8       0x28 c:/st/stm32cubeide_1.10.1/stm32cubeide/plugins/com.st.stm32cube.ide.mcu.externaltools.gnu-tools-for-stm32.10.3-2021.10.win32_1.0.0.202111181127/tools/bin/../lib/gcc/arm-none-eabi/10.3.1/../../../../arm-none-eabi/lib/thumb/v7-m/nofp\libc_nano.a(lib_a-memcpy-stub.o)
 .debug_frame   0x0000000000003df0       0x28 c:/st/stm32cubeide_1.10.1/stm32cubeide/plugins/com.st.stm32cube.ide.mcu.externaltools.gnu-tools-for-stm32.10.3-2021.10.win32_1.0.0.202111181127/tools/bin/../lib/gcc/arm-none-eabi/10.3.1/../../../../arm-none-eabi/lib/thumb/v7-m/nofp\libc_nano.a(lib_a-memmove.o)
 .debug_frame   0x0000000000003e18       0x38 c:/st/stm32cubeide_1.10.1/stm32cubeide/plugins/com.st.stm32cube.ide.mcu.externaltools.gnu-tools-for-stm32.10.3-2021.10.win32_1.0.0.202111181127/tools/bin/../lib/gcc/arm-none-eabi/10.3.1/../../../../arm-none-eabi/lib/thumb/v7-m/nofp\libc_nano.a(lib_a-nano-freer.o)
 .debug_frame   0x0000000000003e50       0x4c c:/st/stm32cubeide_1.10.1/stm32cubeide/plugins/com.st.stm32cube.ide.mcu.externaltools.gnu-tools-for-stm32.10.3-2021.10.win32_1.0.0.202111181127/tools/bin/../lib/gcc/arm-none-eabi/10.3.1/../../../../arm-none-eabi/lib/thumb/v7-m/nofp\libc_nano.a(lib_a-nano-mallocr.o)
 .debug_frame   0x0000000000003e9c       0x3c c:/st/stm32cubeide_1.10.1/stm32cubeide/plugins/com.st.stm32cube.ide.mcu.externaltools.gnu-tools-for-stm32.10.3-2021.10.win32_1.0.0.202111181127/tools/bin/../lib/gcc/arm-none-eabi/10.3.1/../../../../arm-none-eabi/lib/thumb/v7-m/nofp\libc_nano.a(lib_a-nano-reallocr.o)
 .debug_frame   0x0000000000003ed8       0x2c c:/st/stm32cubeide_1.10.1/stm32cubeide/plugins/com.st.stm32cube.ide.mcu.externaltools.gnu-tools-for-stm32.10.3-2021.10.win32_1.0.0.202111181127/tools/bin/../lib/gcc/arm-none-eabi/10.3.1/../../../../arm-none-eabi/lib/thumb/v7-m/nofp\libc_nano.a(lib_a-sbrkr.o)
 .debug_frame   0x0000000000003f04       0x30 c:/st/stm32cubeide_1.10.1/stm32cubeide/plugins/com.st.stm32cube.ide.mcu.externaltools.gnu-tools-for-stm32.10.3-2021.10.win32_1.0.0.202111181127/tools/bin/../lib/gcc/arm-none-eabi/10.3.1/../../../../arm-none-eabi/lib/thumb/v7-m/nofp\libc_nano.a(lib_a-mlock.o)
 .debug_frame   0x0000000000003f34       0x20 c:/st/stm32cubeide_1.10.1/stm32cubeide/plugins/com.st.stm32cube.ide.mcu.externaltools.gnu-tools-for-stm32.10.3-2021.10.win32_1.0.0.202111181127/tools/bin/../lib/gcc/arm-none-eabi/10.3.1/../../../../arm-none-eabi/lib/thumb/v7-m/nofp\libc_nano.a(lib_a-nano-msizer.o)
 .debug_frame   0x0000000000003f54       0x5c c:/st/stm32cubeide_1.10.1/stm32cubeide/plugins/com.st.stm32cube.ide.mcu.externaltools.gnu-tools-for-stm32.10.3-2021.10.win32_1.0.0.202111181127/tools/bin/../lib/gcc/arm-none-eabi/10.3.1/../../../../arm-none-eabi/lib/thumb/v7-m/nofp\libc_nano.a(lib_a-reent.o)
 .debug_frame   0x0000000000003fb0       0xb0 c:/st/stm32cubeide_1.10.1/stm32cubeide/plugins/com.st.stm32cube.ide.mcu.externaltools.gnu-tools-for-stm32.10.3-2021.10.win32_1.0.0.202111181127/tools/bin/../lib/gcc/arm-none-eabi/10.3.1/../../../../arm-none-eabi/lib/thumb/v7-m/nofp\libc_nano.a(lib_a-lock.o)