../Core/Src/main.c:90:6:HAL_GPIO_EXTI_Callback	16	static
../Core/Src/main.c:197:6:HAL_TIM_PeriodElapsedCallback	16	static
../Core/Src/main.c:223:5:main	16	static
../Core/Src/main.c:305:6:SystemClock_Config	88	static
../Core/Src/main.c:348:13:MX_ADC1_Init	24	static
../Core/Src/main.c:394:13:MX_I2C1_Init	8	static
../Core/Src/main.c:427:13:MX_I2C2_Init	8	static
../Core/Src/main.c:460:13:MX_TIM2_Init	64	static
../Core/Src/main.c:518:13:MX_TIM4_Init	32	static
../Core/Src/main.c:562:13:MX_GPIO_Init	40	static
../Core/Src/main.c:635:6:updateLCD	80	static
../Core/Src/main.c:774:6:power_observer	16	static
../Core/Src/main.c:817:6:Error_Handler	4	static,ignoring_inline_asm
