../Core/Src/main.c:90:6:HAL_GPIO_EXTI_Callback	16	static
../Core/Src/main.c:186:6:HAL_TIM_PeriodElapsedCallback	16	static
../Core/Src/main.c:206:5:main	16	static
../Core/Src/main.c:278:6:SystemClock_Config	88	static
../Core/Src/main.c:321:13:MX_ADC1_Init	24	static
../Core/Src/main.c:367:13:MX_I2C1_Init	8	static
../Core/Src/main.c:400:13:MX_I2C2_Init	8	static
../Core/Src/main.c:433:13:MX_TIM2_Init	64	static
../Core/Src/main.c:491:13:MX_TIM4_Init	32	static
../Core/Src/main.c:535:13:MX_GPIO_Init	40	static
../Core/Src/main.c:608:6:updateLCD	88	static
../Core/Src/main.c:734:6:power_observer	16	static
../Core/Src/main.c:776:6:Error_Handler	4	static,ignoring_inline_asm
