../Core/Src/washing_procedure.c:20:6:procedure_init	4	static
../Core/Src/washing_procedure.c:24:6:run_procedure	24	static
../Core/Src/washing_procedure.c:61:6:run_procedure_backup	56	static
../Core/Src/washing_procedure.c:120:6:start_procedure	16	static
../Core/Src/washing_procedure.c:124:6:m_fillWater	24	static
../Core/Src/washing_procedure.c:149:6:m_wash	32	static
../Core/Src/washing_procedure.c:213:6:m_drain	24	static
../Core/Src/washing_procedure.c:244:6:m_spin	24	static
../Core/Src/washing_procedure.c:278:6:making_3_beep_sound	8	static
